---
source: crates/harness-testkit/tests/pty_e2e.rs
expression: "checkpoint_visual_snapshot(&permission_checkpoint, &[\"Permission Requested\"],\n&permission_visual)"
---
Permission Requested: true
focus_marker: Permission Requested
focus_pixels_blake3: 262f08e63b106fd5e39ae5d96323e574e24011116152ddaad429523e1da95d03
focus_region_cells: row=8, col=16, height=1, width=24
image: pty_permission_requested.png
size_px: 2560x1440
