---
source: crates/harness-testkit/tests/pty_e2e.rs
expression: "checkpoint_visual_snapshot(&screen,\n&[\"Thinking: Drafting the inline parity pass.\",\n\"Inline transcript parity is easier to scan now.\",\n\"Bring native tool parity inline\", REPLAY_DENSE_READY_MARKER,],\n&thinking_visual,)"
---
Thinking: Drafting the inline parity pass.: true
Inline transcript parity is easier to scan now.: true
Bring native tool parity inline: true
Replay · read-only: true
focus_marker: Thinking: Drafting the inline parity pass.
focus_render_state_blake3: b287857df3ad3bfa0079659ec106c1fb84e3e37d33e34b7d328a82c5018207c3
focus_region_cells: row=6, col=5, height=5, width=40
image: pty_native_tool_parity_thinking.png
manifest_json: pty-manifests/transcript_shell/manifest.json
manifest_jsonl: pty-manifests/transcript_shell/manifest.jsonl
size_px: 2560x1440
