---
source: crates/harness-testkit/tests/pty_e2e.rs
expression: "checkpoint_visual_snapshot(&screen,\n&[\"webfetch https://example.test/report.pdf [format=markdown]\",\n\"# Run harness-tui tests\", \"$ cargo test -p harness-tui\", \"exit code: 1\",\n\"stderr: snapshot mismatch\",], &fetch_visual,)"
---
webfetch https://example.test/report.pdf [format=markdown]: true
# Run harness-tui tests: true
$ cargo test -p harness-tui: true
exit code: 1: true
stderr: snapshot mismatch: true
focus_marker: webfetch https://example.test/report.pdf [format=markdown]
focus_render_state_blake3: 9d42544ac0d89424d2b589f5e0559e6a046e50f3a4dd8f3df27066a43bd2544c
focus_region_cells: row=10, col=7, height=6, width=44
image: pty_native_tool_parity_fetch_row.png
manifest_json: pty-manifests/transcript_shell/manifest.json
manifest_jsonl: pty-manifests/transcript_shell/manifest.jsonl
size_px: 2560x1440
