---
source: crates/harness-testkit/tests/pty_e2e.rs
assertion_line: 845
expression: "checkpoint_visual_snapshot(&screen,\n&[\"Bring native tool parity inline\", \"read src/ui.rs [offset=12] [limit=24]\",\n\"task audit transcript parity [subagent_type=researcher]\",\n\"webfetch https://example.test/report.pdf [format=markdown]\",\n\"docs-rs_search_in_crate Layout [crate_name=ratatui]\",], &task_visual,)"
---
Bring native tool parity inline: true
read src/ui.rs [offset=12] [limit=24]: true
task audit transcript parity [subagent_type=researcher]: true
webfetch https://example.test/report.pdf [format=markdown]: true
docs-rs_search_in_crate Layout [crate_name=ratatui]: true
focus_marker: task audit transcript parity [subagent_type=researcher]
focus_render_state_blake3: aed044c40313e4ebb666ca45d3162a025eb1ce9f1e400e78d99d447e4f3df04e
focus_region_cells: row=11, col=7, height=6, width=48
image: pty_native_tool_parity_task_row.png
manifest_json: pty-manifests/transcript_shell/manifest.json
manifest_jsonl: pty-manifests/transcript_shell/manifest.jsonl
size_px: 2560x1440
