---
source: crates/harness-testkit/tests/pty_e2e.rs
expression: "checkpoint_visual_snapshot(&live_screen,\n&[\"shell parity task\", \"Shell parity looks good.\", LIVE_OPERATOR_TODOS_MARKER,\nLIVE_OPERATOR_EMPTY_MARKER, LIVE_SUCCESS_COMPOSER_MARKER,\nLIVE_READY_NEXT_TURN_MARKER, \"Enter send\"], &live_visual,)"
---
shell parity task: true
Shell parity looks good.: true
0 active todos: true
No operator: true
Ask Harness to inspect, edit, or explain…: true
ready for next turn: true
Enter send: true
focus_marker: 0 active todos
focus_pixels_blake3: 48267fd2b52a91d61354a119b69612ef0ac39c16364855ad94955ad6a0dd8b74
focus_region_cells: row=3, col=130, height=8, width=20
image: pty_session_shell_primary_live.png
manifest_json: pty-manifests/live_shell/manifest.json
manifest_jsonl: pty-manifests/live_shell/manifest.jsonl
size_px: 2560x1440
