---
source: crates/harness-testkit/tests/pty_e2e.rs
expression: "checkpoint_visual_snapshot(&screen,\n&[\"webfetch https://example.test/report.pdf [format=markdown]\",\n\"Attachment · artifacts/toolcalls/tc-fetch/web.fetch.pdf · digest-fetch-artifact\",\n\"bash Run harness-tui tests [command=cargo test -p harness-tui] [workdir=/workspace]\",\n\"exit code: 1\", \"stderr: snapshot mismatch\",], &fetch_visual,)"
---
webfetch https://example.test/report.pdf [format=markdown]: true
bash Run harness-tui tests [command=cargo test -p harness-tui] [workdir=/workspace]: true
exit code: 1: true
stderr: snapshot mismatch: true
focus_marker: webfetch https://example.test/report.pdf [format=markdown]
focus_render_state_blake3: ecc43fd38198bbf183738d319ecd6f3972c2069268774a4e936cb6977ec3330b
focus_region_cells: row=10, col=7, height=6, width=44
image: pty_native_tool_parity_fetch_row.png
manifest_json: pty-manifests/transcript_shell/manifest.json
manifest_jsonl: pty-manifests/transcript_shell/manifest.jsonl
size_px: 2560x1440
