---
source: crates/harness-testkit/tests/pty_e2e.rs
expression: "checkpoint_visual_snapshot(&unrestorable_screen,\n&[STARTUP_CONTINUE_HISTORY_MARKER, \"continue blocked\", \"events unavailable\",],\n&unrestorable_visual,)"
---
Continue session: true
continue blocked: true
events unavailable: true
focus_marker: events unavailable
focus_pixels_blake3: 5764396d0bfce8ce565164a75cab1f948f405148be86a70570a3099bdf767069
focus_region_cells: row=20, col=57, height=1, width=28
image: pty_continue_rejected_unrestorable.png
manifest_json: pty-manifests/continue_session/manifest.json
manifest_jsonl: pty-manifests/continue_session/manifest.jsonl
size_px: 2560x1440
