---
source: crates/harness-testkit/tests/pty_e2e.rs
expression: "checkpoint_visual_snapshot(&diff_checkpoint,\n&[\"@@ -1,3 +1,3 @@\", \"-beta\", \"+BETA\", \"RunFinished\"], &diff_visual)"
---
@@ -1,3 +1,3 @@: true
-beta: true
+BETA: true
RunFinished: true
focus_marker: @@ -1,3 +1,3 @@
focus_pixels_blake3: 3d4556bad1f601a1f5fa76f128039fb6df70cdcdb35dd697cad273749c8dac01
focus_region_cells: row=2, col=33, height=10, width=47
image: pty_diff_tab.png
size_px: 2560x1440
