---
source: crates/harness-testkit/tests/pty_e2e.rs
expression: "checkpoint_visual_snapshot(&replay_screen,\n&[REPLAY_DENSE_READY_MARKER, \"shell parity task\", OPERATOR_FILES_MARKER,\nLIVE_OPERATOR_EMPTY_MARKER, \"Replay is read-only.\",], &replay_visual,)"
---
Replay · read-only: true
shell parity task: true
Modified Files: true
Context: true
Replay is read-only.: true
focus_marker: Replay · read-only
focus_render_state_blake3: 18c2f1219c0d8c0a6d3d965214df39b634b4ceb42edd97ac6bba8c960aea22c3
focus_region_cells: row=0, col=0, height=2, width=20
image: pty_session_shell_primary_replay.png
manifest_json: pty-manifests/replay_shell/manifest.json
manifest_jsonl: pty-manifests/replay_shell/manifest.jsonl
size_px: 2560x1440
