---
source: crates/harness-testkit/tests/pty_e2e.rs
assertion_line: 2161
expression: "checkpoint_visual_snapshot(&replay_screen,\n&[REPLAY_READY_MARKER, \"run_replay_safe\", REPLAY_DENSE_READY_MARKER,\n\"Replay is read-only\"], &replay_visual,)"
---
q quit: true
run_replay_safe: true
Replay · read-only: true
Replay is read-only: true
focus_marker: q quit
focus_render_state_blake3: 7789472ebfaad49ca65e662aad575e50ec66f5569a8807994a09316abf145094
focus_region_cells: row=44, col=50, height=2, width=20
image: pty_replay_read_only.png
manifest_json: pty-manifests/replay/manifest.json
manifest_jsonl: pty-manifests/replay/manifest.jsonl
size_px: 2560x1440
