---
source: crates/harness-testkit/tests/pty_e2e.rs
expression: "checkpoint_visual_snapshot(&prompt_checkpoint,\nLIVE_STATE_FIXTURES.draft.snapshot_markers, &prompt_visual)"
---
Hello world: true
ready for next turn: true
focus_marker: Hello world
focus_pixels_blake3: 67befdf64043cfe07cd90db096120c779c60c75f48d152daa5190b5a5c08e313
focus_region_cells: row=3, col=5, height=6, width=28
image: pty_interactive_prompt_stream.png
manifest_json: pty-manifests/live_shell/manifest.json
manifest_jsonl: pty-manifests/live_shell/manifest.jsonl
size_px: 1280x720
