---
source: crates/harness-testkit/tests/pty_e2e.rs
expression: "checkpoint_visual_snapshot(&inline_completion_checkpoint,\nRUN_FINISHED_SHELL_MARKERS, &inline_completion_visual)"
---
run finished: true
session shell preserved: true
Tab focus: true
focus_marker: run finished
focus_render_state_blake3: fbd7eff5c2fb337abadfc2d6da0622aacecdf2dfe68c8e3881ed86d300456e8e
focus_region_cells: row=23, col=14, height=1, width=20
image: pty_inline_completion_shell.png
manifest_json: pty-manifests/live_shell/manifest.json
manifest_jsonl: pty-manifests/live_shell/manifest.jsonl
size_px: 1280x720
