---
source: crates/harness-testkit/tests/pty_e2e.rs
assertion_line: 132
expression: "checkpoint_visual_snapshot(&run_finished_checkpoint,\n&[\"RunFinished\", \"EditApplied\", \"ToolCallFinished\"], &run_finished_visual)"
---
RunFinished: true
EditApplied: true
ToolCallFinished: true
focus_marker: RunFinished
focus_pixels_blake3: 0151424f83a3bf6359010f8ece75137384ca6b83ea275c41fadf1ac50e889fcc
focus_region_cells: row=17, col=6, height=7, width=42
image: pty_run_finished.png
size_px: 2560x1440
