---
source: crates/harness-testkit/tests/pty_e2e.rs
expression: "checkpoint_visual_snapshot(&stable_screen,\n&[LIVE_STATE_FIXTURES.permission.marker, \"FAIL CLOSED\", \"SESSION PAUSED\",\nLIVE_STATE_FIXTURES.permission.draft_text,], &permission_visual,)"
---
Permission Requested: true
FAIL CLOSED: true
SESSION PAUSED: true
keep this draft: true
focus_marker: Permission Requested
focus_render_state_blake3: 9f6ca36da10979e028bea9c99346d5e5b3af1a73a435e42ad6af26ad3fc92330
focus_region_cells: row=7, col=13, height=1, width=24
image: pty_permission_overlay_parity.png
manifest_json: pty-manifests/permission/manifest.json
manifest_jsonl: pty-manifests/permission/manifest.jsonl
size_px: 1280x720
