---
source: crates/harness-testkit/tests/pty_e2e.rs
expression: "checkpoint_visual_snapshot(&run_finished_checkpoint, POST_RUN_HANDOFF_MARKERS,\n&run_finished_visual)"
---
Next action: true
Continue this session: true
Replay this run: true
Start another session: true
focus_marker: Next action
focus_pixels_blake3: 51cf93f4771dbc10cc3fffc9db048a90578b85eaf7776f26ebbee960d942bc11
focus_region_cells: row=5, col=5, height=1, width=28
image: pty_run_finished.png
size_px: 1280x720
