---
source: crates/harness-testkit/tests/pty_e2e.rs
expression: "checkpoint_visual_snapshot(&palette_screen,\n&[STARTUP_COMMAND_PALETTE_MARKER, \"New session\",\nSTARTUP_CONTINUE_HISTORY_MARKER, STARTUP_REPLAY_HISTORY_MARKER,],\n&palette_visual,)"
---
Command palette: true
New session: true
Continue session: true
Replay session: true
focus_marker: Command palette
focus_pixels_blake3: fb20ee4e8da3c04c68a8a4c296ad40da253fcfa471533544067c62a13579eeee
focus_region_cells: row=20, col=47, height=5, width=28
image: pty_startup_command_palette.png
manifest_json: pty-manifests/startup_command_palette/manifest.json
manifest_jsonl: pty-manifests/startup_command_palette/manifest.jsonl
size_px: 2560x1440
