---
source: crates/harness-testkit/tests/pty_e2e.rs
assertion_line: 977
expression: "checkpoint_visual_snapshot(&startup_screen, STARTUP_LIFECYCLE_MARKERS,\n&startup_visual,)"
---
startup launcher ready: true
Dispatch a new run: true
New session: true
Continue session: true
Replay session: true
focus_marker: startup launcher ready
focus_pixels_blake3: b5534ea1bc6e5b7d2b2cbe5a4b66ecf6109d476f31b1cff0a7e4f2be081ba3a4
focus_region_cells: row=43, col=10, height=2, width=40
image: pty_startup_split_tall.png
size_px: 1280x1440
