---
source: crates/harness-testkit/tests/pty_e2e.rs
expression: "checkpoint_visual_snapshot(&unrestorable_screen,\n&[STARTUP_CONTINUE_HISTORY_MARKER, \"events unavailable\",],\n&unrestorable_visual,)"
---
Continue session: true
events unavailable: true
focus_marker: events unavailable
focus_render_state_blake3: 1f2e009060d276c1ecab4336adfdc31fc7606f0d56432ea57c17b05520192d54
focus_region_cells: row=21, col=48, height=1, width=28
image: pty_continue_rejected_unrestorable.png
manifest_json: pty-manifests/continue_session/manifest.json
manifest_jsonl: pty-manifests/continue_session/manifest.jsonl
size_px: 2560x1440
