---
source: crates/harness-testkit/tests/pty_e2e.rs
expression: "checkpoint_visual_snapshot(&sidebar_screen,\n&[\"historical answer\", LIVE_OPERATOR_TODOS_MARKER, OPERATOR_FILES_MARKER,\n\"demo.txt\", \"ready for next turn\",], &sidebar_visual,)"
---
historical answer: true
0 active todos: true
Modified Files: true
demo.txt: true
ready for next turn: true
focus_marker: Modified Files
focus_pixels_blake3: a3030eaa02da878fbbd82a5aa8c648185f9bd565f69d29bf853c21f2a97a0c5b
focus_region_cells: row=8, col=114, height=6, width=16
image: pty_operator_sidebar_primary.png
manifest_json: pty-manifests/operator_sidebar/manifest.json
manifest_jsonl: pty-manifests/operator_sidebar/manifest.jsonl
size_px: 2560x1440
