---
source: crates/harness-testkit/tests/pty_e2e.rs
expression: "checkpoint_visual_snapshot(&diff_screen,\n&[STRUCTURED_DIFF_FILE_MARKER, STRUCTURED_DIFF_REMOVED_LINE_MARKER,\nSTRUCTURED_DIFF_ADDED_LINE_MARKER, REPLAY_DENSE_READY_MARKER,], &diff_visual,)"
---
demo.txt · +1 -1: true
- beta: true
+ BETA: true
Replay · read-only: false
focus_marker: demo.txt · +1 -1
focus_pixels_blake3: ae4b26cb84ac8902a285fcd05d6363fbb7312f2204ac9d0821e604d05a2e00ae
focus_region_cells: row=2, col=19, height=6, width=18
image: pty_replay_diff_six_window.png
manifest_json: pty-manifests/diff_surface/manifest.json
manifest_jsonl: pty-manifests/diff_surface/manifest.jsonl
size_px: 960x540
