---
source: crates/harness-testkit/tests/pty_e2e.rs
expression: "checkpoint_visual_snapshot(&screen,\n&[STARTUP_HOME_WORDMARK_MARKER, STARTUP_HOME_SHORTCUT_MARKER,\nSTARTUP_HOME_VALUE_PROP_MARKER, \"startup ready\",], &visual,)"
---
Harness: true
Ctrl+P open: true
dispatch a fresh run: true
startup ready: true
focus_marker: Harness
focus_pixels_blake3: 4048c7a66ea2b5d3f951a5f88fb97f58e6825d891d28f2b63803884dc2ad5ed1
focus_region_cells: row=18, col=46, height=8, width=32
image: pty_startup_home_primary.png
manifest_json: pty-manifests/startup_shell/manifest.json
manifest_jsonl: pty-manifests/startup_shell/manifest.jsonl
size_px: 2560x1440
