---
source: crates/harness-testkit/tests/pty_e2e.rs
expression: "checkpoint_visual_snapshot(&startup_checkpoint,\nLIVE_STATE_FIXTURES.draft.draft_snapshot_markers, &startup_visual)"
---
Hello from PTY: true
ctrl+p commands: true
focus_marker: Hello from PTY
focus_pixels_blake3: 5f38c8197b9a339f6e2e430fed96852754f18fdf436b584db640f2ea34a26f08
focus_region_cells: row=12, col=3, height=4, width=24
image: pty_interactive_type_first_startup.png
manifest_json: pty-manifests/live_shell/manifest.json
manifest_jsonl: pty-manifests/live_shell/manifest.jsonl
size_px: 1280x720
