---
source: crates/harness-testkit/tests/pty_e2e.rs
expression: run_finished_checkpoint
---
┌Tabs──────────────────────────────────────────────────────────────────────────┐
│ Events │ Output │ Diff │ Help                                                │
└──────────────────────────────────────────────────────────────────────────────┘
┌Events (j/k to navigate)──────────────────────────────────────────────────────┐
│No events yet.                                                                │
│                                                                              │
│                                                                              │
│                                                                              │
│                                                                              │
│                                                                              │
│                                                                              │
│                                                                              │
│                                                                              │
│                                                                              │
│                                                                              │
│                                                                              │
│                                                                              │
│                                                                              │
│                                                                              │
│                                                                              │
│                                                                              │
│                                                                              │
│                                                                              │
└──────────────────────────────────────────────────────────────────────────────┘
