---
source: crates/harness-testkit/tests/pty_e2e.rs
expression: "checkpoint_visual_snapshot(&diff_screen,\n&[STRUCTURED_DIFF_FILE_MARKER, STRUCTURED_DIFF_REMOVED_LINE_MARKER,\nSTRUCTURED_DIFF_ADDED_LINE_MARKER, REPLAY_DENSE_READY_MARKER,], &diff_visual,)"
---
--- demo.txt: true
-beta: true
+BETA: true
Replay · read-only: true
focus_marker: --- demo.txt
focus_pixels_blake3: c20ae5b8ab1282d9c9b2ed76f01c9bb5b06e8525ec63dacab26f98b89894f35b
focus_region_cells: row=2, col=27, height=8, width=24
image: pty_replay_diff_tab.png
manifest_json: pty-manifests/diff_surface/manifest.json
manifest_jsonl: pty-manifests/diff_surface/manifest.jsonl
size_px: 1280x720
