---
source: crates/harness-testkit/tests/pty_e2e.rs
expression: "checkpoint_visual_snapshot(&stable_screen,\n&[LIVE_STATE_FIXTURES.permission.marker,\nLIVE_STATE_FIXTURES.permission.draft_text,], &permission_visual,)"
---
Permission required: true
keep this draft: true
focus_marker: Permission required
focus_render_state_blake3: 0e2e7af8e289e32a7f8fa941cc5e2de2b51334d4511dd5338ac4d8ed38a1b5bf
focus_region_cells: row=13, col=6, height=1, width=24
image: pty_permission_dock_parity.png
manifest_json: pty-manifests/permission/manifest.json
manifest_jsonl: pty-manifests/permission/manifest.jsonl
size_px: 1280x720
