---
source: crates/harness-testkit/tests/pty_e2e.rs
expression: "checkpoint_visual_snapshot(&screen,\n&[\"Bring native tool parity inline\",\n\"Read src/ui.rs [offset=12, limit=24] · 14:35 · 1.2s\",\n\"Spawn researcher · audit transcript parity · 14:36 · 1.6s\",\n\"foreground · agent_worker · req_child · completed · 3 child tool calls\",],\n&task_visual,)"
---
Bring native tool parity inline: true
Read src/ui.rs [offset=12, limit=24] · 14:35 · 1.2s: true
Spawn researcher · audit transcript parity · 14:36 · 1.6s: true
foreground · agent_worker · req_child · completed · 3 child tool calls: true
focus_marker: Spawn researcher
focus_render_state_blake3: 4b061d3d9b071e93c7073650b4c61d35c935f684f6d80eb5ec410bdaf72b66d4
focus_region_cells: row=16, col=9, height=6, width=34
image: pty_native_tool_parity_task_row.png
manifest_json: pty-manifests/transcript_shell/manifest.json
manifest_jsonl: pty-manifests/transcript_shell/manifest.jsonl
size_px: 2560x1440
