---
source: crates/harness-testkit/tests/pty_e2e.rs
expression: "checkpoint_visual_snapshot(&screen,\n&[STARTUP_HOME_ASCII_WORDMARK_MARKER, STARTUP_HOME_SHORTCUT_MARKER,\nSTARTUP_HOME_DENSE_VALUE_PROP_MARKER, \"startup ready\",], &visual,)"
---
Harness: true
Ctrl+P open: true
Type to quick-start a fresh run: true
startup ready: true
focus_marker: Harness
focus_pixels_blake3: 98e4ad0d9595f10928bb149658f39d7085abcc77019fd429807642ba380135e0
focus_region_cells: row=4, col=7, height=8, width=24
image: pty_startup_home_dense.png
manifest_json: pty-manifests/startup_shell/manifest.json
manifest_jsonl: pty-manifests/startup_shell/manifest.jsonl
size_px: 960x540
