---
source: crates/harness-testkit/tests/pty_e2e.rs
expression: "checkpoint_visual_snapshot(&replay_history_screen,\n&[STARTUP_REPLAY_HISTORY_MARKER, \"Read-only replays\",\n\"interactive and prompt runs stay available\",], &replay_history_visual,)"
---
Replay session: true
Read-only replays: true
interactive and prompt runs stay available: true
focus_marker: Replay session
focus_pixels_blake3: d50c350ccb3e826ca62c410abad8a50c347da97cbc246450e30a3f2ae094b56c
focus_region_cells: row=21, col=36, height=3, width=28
image: pty_startup_replay_history.png
manifest_json: pty-manifests/startup_session_history/manifest.json
manifest_jsonl: pty-manifests/startup_session_history/manifest.jsonl
size_px: 2560x1440
