---
source: crates/harness-testkit/tests/pty_e2e.rs
expression: "checkpoint_visual_snapshot(&prompt_checkpoint,\nLIVE_STATE_FIXTURES.draft.snapshot_markers, &prompt_visual)"
---
Hello world: true
Composer · ready: true
focus_marker: Hello world
focus_pixels_blake3: 30cf631a2e372bd166607f2dbcd8c984490afc6b72142a65c1db8563d354ba7c
focus_region_cells: row=2, col=4, height=6, width=28
image: pty_interactive_prompt_stream.png
size_px: 1280x720
