---
source: crates/harness-testkit/tests/pty_e2e.rs
expression: "checkpoint_visual_snapshot(&history_screen,\n&[STARTUP_CONTINUE_HISTORY_MARKER, STARTUP_CONTINUE_HISTORY_READY_MARKER,\n\"Interactive histories\",], &history_visual,)"
---
Continue session: true
continue ready: true
Interactive histories: true
focus_marker: continue ready
focus_pixels_blake3: 2b2873132f615d53f46bd8e0b9bed9f71e89f7cf106cd1e77734c237b0a6fa65
focus_region_cells: row=21, col=62, height=3, width=28
image: pty_startup_continue_history.png
manifest_json: pty-manifests/startup_session_history/manifest.json
manifest_jsonl: pty-manifests/startup_session_history/manifest.jsonl
size_px: 2560x1440
