---
source: crates/harness-testkit/tests/pty_e2e.rs
expression: "checkpoint_visual_snapshot(&diff_checkpoint,\n&[\"diff artifact missing:\", \"Tabs\", \"24 events\"], &diff_visual)"
---
diff artifact missing:: true
Tabs: true
24 events: true
focus_marker: diff artifact missing:
focus_pixels_blake3: a22589a1ac37914b9576b53e730436ea0ca9089a7da69e19b85e5be18290b775
focus_region_cells: row=5, col=33, height=1, width=24
image: pty_diff_tab.png
size_px: 2560x1440
