---
source: crates/harness-tui/src/tests.rs
expression: normalized
---
Buffer {
    area: Rect { x: 0, y: 0, width: 100, height: 24 },
    content: [
        "                                                                                                    ",
        "  î  test-workspace /workspace/agent-harness                                                         ",
        "                                                                                                    ",
        "                                                                                                    ",
        "                                                                                                    ",
        "                                                                                                    ",
        "                                                                                                    ",
        "                                                                                                    ",
        "      /agents      Browse available provider/model options                                          ",
        "      /auth        Manage provider login, logout, and auth status                                   ",
        "      /clone       Prepare a Harness session clone                                                  ",
        "      /connect     Connect a provider                                                               ",
        "      /copy        Copy the session transcript to clipboard                                         ",
        "      /dashboard   Open the status dialog                                                           ",
        "      /exit        Quit the application                                                             ",
        "      /export      Export the session transcript to a file                                          ",
        "      /follow      Toggle follow mode                                                               ",
        "      /fork        Fork session                                                                     ",
        "  â­âââââââââââââââââââââââââââââââââââââââââââââââââââââââââââââââââââââââââââââââââââââââââââââââ®  ",
        "  â â¯ /                                                                                          â  ",
        "  â°ââââââââââââââââââââââââââââââââââââââââââââââââââââââââââââââââââââââââââââââââââââ unknown ââ¯  ",
        "                                                                                                    ",
        "  Enter:send  â  Shift+Tab:mode  â  Ctrl+x:shortcuts                                                ",
        "                                                                                                    ",
    ],
    styles: [
        x: 0, y: 0, fg: Reset, bg: Rgb(20, 20, 20), underline: Reset, modifier: NONE,
        x: 0, y: 1, fg: Rgb(88, 88, 88), bg: Rgb(20, 20, 20), underline: Reset, modifier: DIM,
        x: 43, y: 1, fg: Reset, bg: Rgb(20, 20, 20), underline: Reset, modifier: NONE,
        x: 5, y: 8, fg: Rgb(20, 20, 20), bg: Rgb(187, 154, 247), underline: Reset, modifier: NONE,
        x: 96, y: 8, fg: Reset, bg: Rgb(20, 20, 20), underline: Reset, modifier: NONE,
        x: 5, y: 9, fg: Reset, bg: Rgb(28, 28, 28), underline: Reset, modifier: NONE,
        x: 6, y: 9, fg: Rgb(225, 225, 225), bg: Rgb(28, 28, 28), underline: Reset, modifier: NONE,
        x: 11, y: 9, fg: Reset, bg: Rgb(28, 28, 28), underline: Reset, modifier: NONE,
        x: 19, y: 9, fg: Rgb(108, 108, 108), bg: Rgb(28, 28, 28), underline: Reset, modifier: NONE,
        x: 65, y: 9, fg: Reset, bg: Rgb(28, 28, 28), underline: Reset, modifier: NONE,
        x: 96, y: 9, fg: Reset, bg: Rgb(20, 20, 20), underline: Reset, modifier: NONE,
        x: 5, y: 10, fg: Reset, bg: Rgb(28, 28, 28), underline: Reset, modifier: NONE,
        x: 6, y: 10, fg: Rgb(225, 225, 225), bg: Rgb(28, 28, 28), underline: Reset, modifier: NONE,
        x: 12, y: 10, fg: Reset, bg: Rgb(28, 28, 28), underline: Reset, modifier: NONE,
        x: 19, y: 10, fg: Rgb(108, 108, 108), bg: Rgb(28, 28, 28), underline: Reset, modifier: NONE,
        x: 50, y: 10, fg: Reset, bg: Rgb(28, 28, 28), underline: Reset, modifier: NONE,
        x: 96, y: 10, fg: Reset, bg: Rgb(20, 20, 20), underline: Reset, modifier: NONE,
        x: 5, y: 11, fg: Reset, bg: Rgb(28, 28, 28), underline: Reset, modifier: NONE,
        x: 6, y: 11, fg: Rgb(225, 225, 225), bg: Rgb(28, 28, 28), underline: Reset, modifier: NONE,
        x: 14, y: 11, fg: Reset, bg: Rgb(28, 28, 28), underline: Reset, modifier: NONE,
        x: 19, y: 11, fg: Rgb(108, 108, 108), bg: Rgb(28, 28, 28), underline: Reset, modifier: NONE,
        x: 37, y: 11, fg: Reset, bg: Rgb(28, 28, 28), underline: Reset, modifier: NONE,
        x: 96, y: 11, fg: Reset, bg: Rgb(20, 20, 20), underline: Reset, modifier: NONE,
        x: 5, y: 12, fg: Reset, bg: Rgb(28, 28, 28), underline: Reset, modifier: NONE,
        x: 6, y: 12, fg: Rgb(225, 225, 225), bg: Rgb(28, 28, 28), underline: Reset, modifier: NONE,
        x: 11, y: 12, fg: Reset, bg: Rgb(28, 28, 28), underline: Reset, modifier: NONE,
        x: 19, y: 12, fg: Rgb(108, 108, 108), bg: Rgb(28, 28, 28), underline: Reset, modifier: NONE,
        x: 59, y: 12, fg: Reset, bg: Rgb(28, 28, 28), underline: Reset, modifier: NONE,
        x: 96, y: 12, fg: Reset, bg: Rgb(20, 20, 20), underline: Reset, modifier: NONE,
        x: 5, y: 13, fg: Reset, bg: Rgb(28, 28, 28), underline: Reset, modifier: NONE,
        x: 6, y: 13, fg: Rgb(225, 225, 225), bg: Rgb(28, 28, 28), underline: Reset, modifier: NONE,
        x: 16, y: 13, fg: Reset, bg: Rgb(28, 28, 28), underline: Reset, modifier: NONE,
        x: 19, y: 13, fg: Rgb(108, 108, 108), bg: Rgb(28, 28, 28), underline: Reset, modifier: NONE,
        x: 41, y: 13, fg: Reset, bg: Rgb(28, 28, 28), underline: Reset, modifier: NONE,
        x: 96, y: 13, fg: Reset, bg: Rgb(20, 20, 20), underline: Reset, modifier: NONE,
        x: 5, y: 14, fg: Reset, bg: Rgb(28, 28, 28), underline: Reset, modifier: NONE,
        x: 6, y: 14, fg: Rgb(225, 225, 225), bg: Rgb(28, 28, 28), underline: Reset, modifier: NONE,
        x: 11, y: 14, fg: Reset, bg: Rgb(28, 28, 28), underline: Reset, modifier: NONE,
        x: 19, y: 14, fg: Rgb(108, 108, 108), bg: Rgb(28, 28, 28), underline: Reset, modifier: NONE,
        x: 39, y: 14, fg: Reset, bg: Rgb(28, 28, 28), underline: Reset, modifier: NONE,
        x: 96, y: 14, fg: Reset, bg: Rgb(20, 20, 20), underline: Reset, modifier: NONE,
        x: 5, y: 15, fg: Reset, bg: Rgb(28, 28, 28), underline: Reset, modifier: NONE,
        x: 6, y: 15, fg: Rgb(225, 225, 225), bg: Rgb(28, 28, 28), underline: Reset, modifier: NONE,
        x: 13, y: 15, fg: Reset, bg: Rgb(28, 28, 28), underline: Reset, modifier: NONE,
        x: 19, y: 15, fg: Rgb(108, 108, 108), bg: Rgb(28, 28, 28), underline: Reset, modifier: NONE,
        x: 58, y: 15, fg: Reset, bg: Rgb(28, 28, 28), underline: Reset, modifier: NONE,
        x: 96, y: 15, fg: Reset, bg: Rgb(20, 20, 20), underline: Reset, modifier: NONE,
        x: 5, y: 16, fg: Reset, bg: Rgb(28, 28, 28), underline: Reset, modifier: NONE,
        x: 6, y: 16, fg: Rgb(225, 225, 225), bg: Rgb(28, 28, 28), underline: Reset, modifier: NONE,
        x: 13, y: 16, fg: Reset, bg: Rgb(28, 28, 28), underline: Reset, modifier: NONE,
        x: 19, y: 16, fg: Rgb(108, 108, 108), bg: Rgb(28, 28, 28), underline: Reset, modifier: NONE,
        x: 37, y: 16, fg: Reset, bg: Rgb(28, 28, 28), underline: Reset, modifier: NONE,
        x: 96, y: 16, fg: Reset, bg: Rgb(20, 20, 20), underline: Reset, modifier: NONE,
        x: 5, y: 17, fg: Reset, bg: Rgb(28, 28, 28), underline: Reset, modifier: NONE,
        x: 6, y: 17, fg: Rgb(225, 225, 225), bg: Rgb(28, 28, 28), underline: Reset, modifier: NONE,
        x: 11, y: 17, fg: Reset, bg: Rgb(28, 28, 28), underline: Reset, modifier: NONE,
        x: 19, y: 17, fg: Rgb(108, 108, 108), bg: Rgb(28, 28, 28), underline: Reset, modifier: NONE,
        x: 31, y: 17, fg: Reset, bg: Rgb(28, 28, 28), underline: Reset, modifier: NONE,
        x: 96, y: 17, fg: Reset, bg: Rgb(20, 20, 20), underline: Reset, modifier: NONE,
        x: 2, y: 18, fg: Rgb(80, 80, 88), bg: Rgb(20, 20, 20), underline: Reset, modifier: NONE,
        x: 98, y: 18, fg: Reset, bg: Rgb(20, 20, 20), underline: Reset, modifier: NONE,
        x: 2, y: 19, fg: Rgb(80, 80, 88), bg: Rgb(20, 20, 20), underline: Reset, modifier: NONE,
        x: 3, y: 19, fg: Rgb(200, 200, 200), bg: Rgb(20, 20, 20), underline: Reset, modifier: NONE,
        x: 6, y: 19, fg: Rgb(225, 225, 225), bg: Rgb(20, 20, 20), underline: Reset, modifier: NONE,
        x: 7, y: 19, fg: Reset, bg: Rgb(20, 20, 20), underline: Reset, modifier: NONE,
        x: 97, y: 19, fg: Rgb(80, 80, 88), bg: Rgb(20, 20, 20), underline: Reset, modifier: NONE,
        x: 98, y: 19, fg: Reset, bg: Rgb(20, 20, 20), underline: Reset, modifier: NONE,
        x: 2, y: 20, fg: Rgb(80, 80, 88), bg: Rgb(20, 20, 20), underline: Reset, modifier: NONE,
        x: 87, y: 20, fg: Rgb(128, 128, 128), bg: Rgb(20, 20, 20), underline: Reset, modifier: NONE,
        x: 97, y: 20, fg: Rgb(80, 80, 88), bg: Rgb(20, 20, 20), underline: Reset, modifier: NONE,
        x: 98, y: 20, fg: Reset, bg: Rgb(20, 20, 20), underline: Reset, modifier: NONE,
        x: 2, y: 22, fg: Rgb(225, 225, 225), bg: Rgb(20, 20, 20), underline: Reset, modifier: BOLD,
        x: 7, y: 22, fg: Rgb(108, 108, 108), bg: Rgb(20, 20, 20), underline: Reset, modifier: NONE,
        x: 12, y: 22, fg: Rgb(108, 108, 108), bg: Rgb(20, 20, 20), underline: Reset, modifier: DIM,
        x: 17, y: 22, fg: Rgb(225, 225, 225), bg: Rgb(20, 20, 20), underline: Reset, modifier: BOLD,
        x: 26, y: 22, fg: Rgb(108, 108, 108), bg: Rgb(20, 20, 20), underline: Reset, modifier: NONE,
        x: 31, y: 22, fg: Rgb(108, 108, 108), bg: Rgb(20, 20, 20), underline: Reset, modifier: DIM,
        x: 36, y: 22, fg: Rgb(225, 225, 225), bg: Rgb(20, 20, 20), underline: Reset, modifier: BOLD,
        x: 42, y: 22, fg: Rgb(108, 108, 108), bg: Rgb(20, 20, 20), underline: Reset, modifier: NONE,
        x: 52, y: 22, fg: Reset, bg: Rgb(20, 20, 20), underline: Reset, modifier: NONE,
    ]
}
