---
source: crates/harness-tui/src/lib.rs
expression: normalized
---
Buffer {
    area: Rect { x: 0, y: 0, width: 80, height: 24 },
    content: [
        "REPLAY: /tmp/TMPDIR (run=run_fixture, r to reload)                          ",
        "âTabsâââââââââââââââââââââââââââââââââââââââââââââââââââââââââââââââââââââââââââ",
        "â Events â Output â Diff â Help                                                â",
        "ââââââââââââââââââââââââââââââââââââââââââââââââââââââââââââââââââââââââââââââââ",
        "âEvents (j/k active, follow)âââââââDiff (Tab to focus)ââââââââââââââââââââââââââ",
        "â     1 RunStarted               ââ--- demo.txt                                â",
        "â     2 EditApplied              ââ+++ demo.txt                                â",
        "â>    3 RunFinished              ââ@@ -1,3 +1,3 @@                             â",
        "â                                ââ alpha                                      â",
        "â                                ââ-beta                                       â",
        "â                                ââ+BETA                                       â",
        "â                                ââ gamma                                      â",
        "â                                ââ                                            â",
        "â                                ââ                                            â",
        "â                                ââ                                            â",
        "â                                ââ                                            â",
        "â                                ââ                                            â",
        "â                                ââ                                            â",
        "â                                ââ                                            â",
        "â                                ââ                                            â",
        "â                                ââ                                            â",
        "â                                ââ                                            â",
        "â                                ââ                                            â",
        "ââââââââââââââââââââââââââââââââââââââââââââââââââââââââââââââââââââââââââââââââ",
    ],
    styles: [
        x: 0, y: 0, fg: Reset, bg: Reset, underline: Reset, modifier: NONE,
        x: 20, y: 2, fg: Yellow, bg: Reset, underline: Reset, modifier: BOLD,
        x: 24, y: 2, fg: Reset, bg: Reset, underline: Reset, modifier: NONE,
        x: 1, y: 7, fg: Yellow, bg: Reset, underline: Reset, modifier: BOLD,
        x: 19, y: 7, fg: Reset, bg: Reset, underline: Reset, modifier: NONE,
    ]
}
