---
source: crates/harness-tui/src/lib.rs
expression: "render_live_lines(&app, 80, 24)"
---
 run unknown · unknown/unknown · -                                              
  › user · pending turn                                                         
    ship it                                                                     
  ◐  streaming…  assistant                                                      
    Waiting for response…                                                       
                                                                                
                                                                                
                                                                                
                                                                                
                                                                                
                                                                                
                                                                                
                                                                                
                                                                                
                                                                                
                                                                                
                                                                                
                                                                                
                                                                                
  Sending   turn 1/1 · pending turn · -/- · waiting for first tokens            
 ┌Composer · 1 line · 0 chars─────────────────────────────────────────────────┐ 
 │█                                                                           │ 
 └────────────────────────────────────────────────────────────────────────────┘ 
 Enter send  Shift+Enter nl  i details  2 events  3 diff  4 help  q quit
