---
source: crates/harness-tui/src/lib.rs
expression: "render_live_lines(&app, 80, 24)"
---
                                                                                
                                                                                
                                                                                
                                                                                
                                                                                
                                                                                
        ┌──────────────────────────────────────────────────────────────┐        
        │                            Harness                           │        
        │                  Preset unknown · unknown/-                  │        
        │                                                              │        
        │                 Start a conversation to begin                │        
        │        Enter send · Shift+Enter newline · ↑/↓ history        │        
        └──────────────────────────────────────────────────────────────┘        
                                                                                
                                                                                
                                                                                
                                                                                
                                                                                
                                                                                
  Ready   ready for first turn  ·  orch 0a 0q 0r 0s                             
 Composer · ready · 1 line · 0 chars─────────────────────────────────────────── 
  › █                                                                           
 ────────────────────────────────────────────────────────────────────────────── 
 Enter send  Shift+Enter nl  i details  2 events  3 diff  4 help  q quit
