---
source: crates/harness-tui/src/lib.rs
assertion_line: 6415
expression: "render_live_lines(&app, 80, 24)"
---
 run run_fixture · openai/gpt-5-codex                                           
  ▎  ● assistant (done · current · openai/gpt-5-codex)                          
  ▎  transcript remains visible                                                 
                                                                                
                                                                                
                                                                                
                                                                                
                                                                                
                                                                                
                                                                                
                                                                                
                                                                                
                                                                                
                                                                                
                                                                                
                                                                                
                                                                                
                                                                                
                                                                                
                                                                                
  Success   run finished · session shell preserved  ·  orch 0a 0q 0r 0s──────── 
                                                                                
 ▎ Run complete — use ctrl+p commands for replay/new/quit, or ask Harness for…… 
 Tab focus  ? shortcuts  q quit                                                
