---
source: crates/harness-tui/src/tests.rs
assertion_line: 1358
expression: normalized
---
Buffer {
    area: Rect { x: 0, y: 0, width: 80, height: 24 },
    content: [
        "                                                                                ",
        "    â­â hello world                                                              ",
        "    â°â â Assistant Â· model-1 Â· 3ms                                              ",
        "                                                                                ",
        "                                                                                ",
        "                                                                                ",
        "                                                                                ",
        "                                                                                ",
        "                                                                                ",
        "                                                                                ",
        "                                                                                ",
        "                                                                                ",
        "                                                                                ",
        "                                                                                ",
        "                                                                                ",
        "                                                                                ",
        "                                                                                ",
        "                                                                                ",
        "    â                                                                           ",
        "    â                                                                           ",
        "    â                                                                           ",
        "    â   Success   default Â· mock/model-1                                        ",
        "    â¹âââââââââââââââââââââââââââââââââââââââââââââââââââââââââââââââââââââââ    ",
        "    turn 1 Â· ready for next turn    Tab focus  Â·  Ctrl+p commands  Â·  q quit    ",
    ],
    styles: [
        x: 0, y: 0, fg: Reset, bg: Rgb(10, 10, 10), underline: Reset, modifier: NONE,
        x: 4, y: 1, fg: Rgb(143, 143, 143), bg: Rgb(26, 26, 26), underline: Reset, modifier: NONE,
        x: 7, y: 1, fg: Rgb(237, 237, 237), bg: Rgb(26, 26, 26), underline: Reset, modifier: NONE,
        x: 76, y: 1, fg: Reset, bg: Rgb(10, 10, 10), underline: Reset, modifier: NONE,
        x: 4, y: 2, fg: Rgb(143, 143, 143), bg: Rgb(26, 26, 26), underline: Reset, modifier: NONE,
        x: 7, y: 2, fg: Rgb(70, 167, 88), bg: Rgb(26, 26, 26), underline: Reset, modifier: NONE,
        x: 18, y: 2, fg: Rgb(143, 143, 143), bg: Rgb(26, 26, 26), underline: Reset, modifier: NONE,
        x: 34, y: 2, fg: Rgb(237, 237, 237), bg: Rgb(26, 26, 26), underline: Reset, modifier: NONE,
        x: 76, y: 2, fg: Reset, bg: Rgb(10, 10, 10), underline: Reset, modifier: NONE,
        x: 2, y: 18, fg: Reset, bg: Rgb(26, 26, 26), underline: Reset, modifier: NONE,
        x: 4, y: 18, fg: Rgb(255, 178, 36), bg: Rgb(26, 26, 26), underline: Reset, modifier: NONE,
        x: 5, y: 18, fg: Reset, bg: Rgb(31, 31, 31), underline: Reset, modifier: NONE,
        x: 76, y: 18, fg: Reset, bg: Rgb(26, 26, 26), underline: Reset, modifier: NONE,
        x: 78, y: 18, fg: Reset, bg: Rgb(10, 10, 10), underline: Reset, modifier: NONE,
        x: 2, y: 19, fg: Reset, bg: Rgb(26, 26, 26), underline: Reset, modifier: NONE,
        x: 4, y: 19, fg: Rgb(255, 178, 36), bg: Rgb(26, 26, 26), underline: Reset, modifier: NONE,
        x: 5, y: 19, fg: Reset, bg: Rgb(31, 31, 31), underline: Reset, modifier: NONE,
        x: 76, y: 19, fg: Reset, bg: Rgb(26, 26, 26), underline: Reset, modifier: NONE,
        x: 78, y: 19, fg: Reset, bg: Rgb(10, 10, 10), underline: Reset, modifier: NONE,
        x: 2, y: 20, fg: Reset, bg: Rgb(26, 26, 26), underline: Reset, modifier: NONE,
        x: 4, y: 20, fg: Rgb(255, 178, 36), bg: Rgb(26, 26, 26), underline: Reset, modifier: NONE,
        x: 5, y: 20, fg: Reset, bg: Rgb(31, 31, 31), underline: Reset, modifier: NONE,
        x: 76, y: 20, fg: Reset, bg: Rgb(26, 26, 26), underline: Reset, modifier: NONE,
        x: 78, y: 20, fg: Reset, bg: Rgb(10, 10, 10), underline: Reset, modifier: NONE,
        x: 2, y: 21, fg: Reset, bg: Rgb(26, 26, 26), underline: Reset, modifier: NONE,
        x: 4, y: 21, fg: Rgb(255, 178, 36), bg: Rgb(26, 26, 26), underline: Reset, modifier: NONE,
        x: 5, y: 21, fg: Reset, bg: Rgb(31, 31, 31), underline: Reset, modifier: NONE,
        x: 7, y: 21, fg: Rgb(10, 10, 10), bg: Rgb(70, 167, 88), underline: Reset, modifier: BOLD,
        x: 16, y: 21, fg: Reset, bg: Rgb(31, 31, 31), underline: Reset, modifier: NONE,
        x: 18, y: 21, fg: Rgb(237, 237, 237), bg: Rgb(31, 31, 31), underline: Reset, modifier: NONE,
        x: 40, y: 21, fg: Reset, bg: Rgb(31, 31, 31), underline: Reset, modifier: NONE,
        x: 76, y: 21, fg: Reset, bg: Rgb(26, 26, 26), underline: Reset, modifier: NONE,
        x: 78, y: 21, fg: Reset, bg: Rgb(10, 10, 10), underline: Reset, modifier: NONE,
        x: 2, y: 22, fg: Reset, bg: Rgb(26, 26, 26), underline: Reset, modifier: NONE,
        x: 4, y: 22, fg: Rgb(255, 178, 36), bg: Rgb(26, 26, 26), underline: Reset, modifier: NONE,
        x: 5, y: 22, fg: Rgb(26, 26, 26), bg: Rgb(26, 26, 26), underline: Reset, modifier: NONE,
        x: 76, y: 22, fg: Reset, bg: Rgb(26, 26, 26), underline: Reset, modifier: NONE,
        x: 78, y: 22, fg: Reset, bg: Rgb(10, 10, 10), underline: Reset, modifier: NONE,
        x: 2, y: 23, fg: Reset, bg: Rgb(26, 26, 26), underline: Reset, modifier: NONE,
        x: 4, y: 23, fg: Rgb(255, 178, 36), bg: Rgb(26, 26, 26), underline: Reset, modifier: NONE,
        x: 32, y: 23, fg: Reset, bg: Rgb(26, 26, 26), underline: Reset, modifier: NONE,
        x: 36, y: 23, fg: Rgb(237, 237, 237), bg: Rgb(26, 26, 26), underline: Reset, modifier: BOLD,
        x: 39, y: 23, fg: Rgb(143, 143, 143), bg: Rgb(26, 26, 26), underline: Reset, modifier: NONE,
        x: 45, y: 23, fg: Rgb(120, 120, 120), bg: Rgb(26, 26, 26), underline: Reset, modifier: NONE,
        x: 50, y: 23, fg: Rgb(237, 237, 237), bg: Rgb(26, 26, 26), underline: Reset, modifier: BOLD,
        x: 56, y: 23, fg: Rgb(143, 143, 143), bg: Rgb(26, 26, 26), underline: Reset, modifier: NONE,
        x: 65, y: 23, fg: Rgb(120, 120, 120), bg: Rgb(26, 26, 26), underline: Reset, modifier: NONE,
        x: 70, y: 23, fg: Rgb(237, 237, 237), bg: Rgb(26, 26, 26), underline: Reset, modifier: BOLD,
        x: 71, y: 23, fg: Rgb(143, 143, 143), bg: Rgb(26, 26, 26), underline: Reset, modifier: NONE,
        x: 76, y: 23, fg: Reset, bg: Rgb(26, 26, 26), underline: Reset, modifier: NONE,
        x: 78, y: 23, fg: Reset, bg: Rgb(10, 10, 10), underline: Reset, modifier: NONE,
    ]
}
