---
source: crates/harness-tui/src/lib.rs
expression: normalized
---
Buffer {
    area: Rect { x: 0, y: 0, width: 80, height: 24 },
    content: [
        "Replay Â· run_fixture Â· /tmp/TMPDIR Â· 2 ev                                   ",
        "âTabsâââââââââââââââââââââââââââââââââââââââââââââââââââââââââââââââââââââââââââ",
        "â Conversation â Events â Diff â Help                                          â",
        "ââââââââââââââââââââââââââââââââââââââââââââââââââââââââââââââââââââââââââââââââ",
        "âTranscript (following)ââââââââââââââââââââââ âReplay index Â· 0 turnsâââââââââââ",
        "â Waiting for first turnâ¦                   â âNo recorded turns               â",
        "â                                           â â                                â",
        "â                                           â ââââââââââââââââââââââââââââââââââ",
        "â                                           â                                   ",
        "â                                           â âSelection Â· read-onlyââââââââââââ",
        "â                                           â âReplay is read-only             â",
        "â                                           â âPick a recorded turn or open    â",
        "â                                           â âEvents / Diff.                  â",
        "â                                           â â                                â",
        "â                                           â â                                â",
        "â                                           â â                                â",
        "â                                           â â                                â",
        "âââââââââââââââââââââââââââââââââââââââââââââ ââââââââââââââââââââââââââââââââââ",
        "âReplay archive Â· read-onlyâââââââââââââââââââââââââââââââââââââââââââââââââââââ",
        "âReplay is read-only â prompt editing and submit stay disabled. Inspect the    â",
        "âtranscript, event log, or diff, then press r to reload.                       â",
        "â                                                                              â",
        "ââââââââââââââââââââââââââââââââââââââââââââââââââââââââââââââââââââââââââââââââ",
        "Tab nav  1 convo  2 events  3 diff  4 help  r reload  q quit                    ",
    ],
    styles: [
        x: 0, y: 0, fg: Rgb(163, 177, 194), bg: Rgb(13, 21, 34), underline: Reset, modifier: NONE,
        x: 0, y: 1, fg: Rgb(36, 53, 75), bg: Rgb(16, 26, 41), underline: Reset, modifier: NONE,
        x: 1, y: 1, fg: Rgb(163, 177, 194), bg: Rgb(16, 26, 41), underline: Reset, modifier: NONE,
        x: 5, y: 1, fg: Rgb(36, 53, 75), bg: Rgb(16, 26, 41), underline: Reset, modifier: NONE,
        x: 1, y: 2, fg: Rgb(114, 131, 153), bg: Rgb(16, 26, 41), underline: Reset, modifier: NONE,
        x: 2, y: 2, fg: Rgb(110, 168, 254), bg: Rgb(16, 26, 41), underline: Reset, modifier: BOLD,
        x: 14, y: 2, fg: Rgb(114, 131, 153), bg: Rgb(16, 26, 41), underline: Reset, modifier: NONE,
        x: 17, y: 2, fg: Rgb(163, 177, 194), bg: Rgb(16, 26, 41), underline: Reset, modifier: NONE,
        x: 23, y: 2, fg: Rgb(114, 131, 153), bg: Rgb(16, 26, 41), underline: Reset, modifier: NONE,
        x: 26, y: 2, fg: Rgb(163, 177, 194), bg: Rgb(16, 26, 41), underline: Reset, modifier: NONE,
        x: 30, y: 2, fg: Rgb(114, 131, 153), bg: Rgb(16, 26, 41), underline: Reset, modifier: NONE,
        x: 33, y: 2, fg: Rgb(163, 177, 194), bg: Rgb(16, 26, 41), underline: Reset, modifier: NONE,
        x: 37, y: 2, fg: Rgb(114, 131, 153), bg: Rgb(16, 26, 41), underline: Reset, modifier: NONE,
        x: 79, y: 2, fg: Rgb(36, 53, 75), bg: Rgb(16, 26, 41), underline: Reset, modifier: NONE,
        x: 1, y: 4, fg: Rgb(163, 177, 194), bg: Rgb(16, 26, 41), underline: Reset, modifier: NONE,
        x: 23, y: 4, fg: Rgb(36, 53, 75), bg: Rgb(16, 26, 41), underline: Reset, modifier: NONE,
        x: 45, y: 4, fg: Reset, bg: Rgb(7, 11, 18), underline: Reset, modifier: NONE,
        x: 46, y: 4, fg: Rgb(110, 168, 254), bg: Rgb(16, 26, 41), underline: Reset, modifier: NONE,
        x: 47, y: 4, fg: Rgb(163, 177, 194), bg: Rgb(16, 26, 41), underline: Reset, modifier: NONE,
        x: 69, y: 4, fg: Rgb(110, 168, 254), bg: Rgb(16, 26, 41), underline: Reset, modifier: NONE,
        x: 0, y: 5, fg: Rgb(36, 53, 75), bg: Rgb(16, 26, 41), underline: Reset, modifier: NONE,
        x: 1, y: 5, fg: Reset, bg: Rgb(16, 26, 41), underline: Reset, modifier: NONE,
        x: 2, y: 5, fg: Rgb(163, 177, 194), bg: Rgb(16, 26, 41), underline: Reset, modifier: NONE,
        x: 25, y: 5, fg: Rgb(231, 238, 247), bg: Rgb(16, 26, 41), underline: Reset, modifier: NONE,
        x: 43, y: 5, fg: Reset, bg: Rgb(16, 26, 41), underline: Reset, modifier: NONE,
        x: 44, y: 5, fg: Rgb(36, 53, 75), bg: Rgb(16, 26, 41), underline: Reset, modifier: NONE,
        x: 45, y: 5, fg: Reset, bg: Rgb(7, 11, 18), underline: Reset, modifier: NONE,
        x: 46, y: 5, fg: Rgb(110, 168, 254), bg: Rgb(16, 26, 41), underline: Reset, modifier: NONE,
        x: 47, y: 5, fg: Rgb(163, 177, 194), bg: Rgb(16, 26, 41), underline: Reset, modifier: NONE,
        x: 79, y: 5, fg: Rgb(110, 168, 254), bg: Rgb(16, 26, 41), underline: Reset, modifier: NONE,
        x: 0, y: 6, fg: Rgb(36, 53, 75), bg: Rgb(16, 26, 41), underline: Reset, modifier: NONE,
        x: 1, y: 6, fg: Reset, bg: Rgb(16, 26, 41), underline: Reset, modifier: NONE,
        x: 2, y: 6, fg: Rgb(231, 238, 247), bg: Rgb(16, 26, 41), underline: Reset, modifier: NONE,
        x: 43, y: 6, fg: Reset, bg: Rgb(16, 26, 41), underline: Reset, modifier: NONE,
        x: 44, y: 6, fg: Rgb(36, 53, 75), bg: Rgb(16, 26, 41), underline: Reset, modifier: NONE,
        x: 45, y: 6, fg: Reset, bg: Rgb(7, 11, 18), underline: Reset, modifier: NONE,
        x: 46, y: 6, fg: Rgb(110, 168, 254), bg: Rgb(16, 26, 41), underline: Reset, modifier: NONE,
        x: 47, y: 6, fg: Rgb(163, 177, 194), bg: Rgb(16, 26, 41), underline: Reset, modifier: NONE,
        x: 79, y: 6, fg: Rgb(110, 168, 254), bg: Rgb(16, 26, 41), underline: Reset, modifier: NONE,
        x: 0, y: 7, fg: Rgb(36, 53, 75), bg: Rgb(16, 26, 41), underline: Reset, modifier: NONE,
        x: 1, y: 7, fg: Reset, bg: Rgb(16, 26, 41), underline: Reset, modifier: NONE,
        x: 2, y: 7, fg: Rgb(231, 238, 247), bg: Rgb(16, 26, 41), underline: Reset, modifier: NONE,
        x: 43, y: 7, fg: Reset, bg: Rgb(16, 26, 41), underline: Reset, modifier: NONE,
        x: 44, y: 7, fg: Rgb(36, 53, 75), bg: Rgb(16, 26, 41), underline: Reset, modifier: NONE,
        x: 45, y: 7, fg: Reset, bg: Rgb(7, 11, 18), underline: Reset, modifier: NONE,
        x: 46, y: 7, fg: Rgb(110, 168, 254), bg: Rgb(16, 26, 41), underline: Reset, modifier: NONE,
        x: 0, y: 8, fg: Rgb(36, 53, 75), bg: Rgb(16, 26, 41), underline: Reset, modifier: NONE,
        x: 1, y: 8, fg: Reset, bg: Rgb(16, 26, 41), underline: Reset, modifier: NONE,
        x: 2, y: 8, fg: Rgb(231, 238, 247), bg: Rgb(16, 26, 41), underline: Reset, modifier: NONE,
        x: 43, y: 8, fg: Reset, bg: Rgb(16, 26, 41), underline: Reset, modifier: NONE,
        x: 44, y: 8, fg: Rgb(36, 53, 75), bg: Rgb(16, 26, 41), underline: Reset, modifier: NONE,
        x: 45, y: 8, fg: Reset, bg: Rgb(7, 11, 18), underline: Reset, modifier: NONE,
        x: 46, y: 8, fg: Reset, bg: Rgb(16, 26, 41), underline: Reset, modifier: NONE,
        x: 0, y: 9, fg: Rgb(36, 53, 75), bg: Rgb(16, 26, 41), underline: Reset, modifier: NONE,
        x: 1, y: 9, fg: Reset, bg: Rgb(16, 26, 41), underline: Reset, modifier: NONE,
        x: 2, y: 9, fg: Rgb(231, 238, 247), bg: Rgb(16, 26, 41), underline: Reset, modifier: NONE,
        x: 43, y: 9, fg: Reset, bg: Rgb(16, 26, 41), underline: Reset, modifier: NONE,
        x: 44, y: 9, fg: Rgb(36, 53, 75), bg: Rgb(16, 26, 41), underline: Reset, modifier: NONE,
        x: 45, y: 9, fg: Reset, bg: Rgb(7, 11, 18), underline: Reset, modifier: NONE,
        x: 46, y: 9, fg: Rgb(36, 53, 75), bg: Rgb(21, 34, 53), underline: Reset, modifier: NONE,
        x: 47, y: 9, fg: Rgb(163, 177, 194), bg: Rgb(21, 34, 53), underline: Reset, modifier: NONE,
        x: 68, y: 9, fg: Rgb(36, 53, 75), bg: Rgb(21, 34, 53), underline: Reset, modifier: NONE,
        x: 0, y: 10, fg: Rgb(36, 53, 75), bg: Rgb(16, 26, 41), underline: Reset, modifier: NONE,
        x: 1, y: 10, fg: Reset, bg: Rgb(16, 26, 41), underline: Reset, modifier: NONE,
        x: 2, y: 10, fg: Rgb(231, 238, 247), bg: Rgb(16, 26, 41), underline: Reset, modifier: NONE,
        x: 43, y: 10, fg: Reset, bg: Rgb(16, 26, 41), underline: Reset, modifier: NONE,
        x: 44, y: 10, fg: Rgb(36, 53, 75), bg: Rgb(16, 26, 41), underline: Reset, modifier: NONE,
        x: 45, y: 10, fg: Reset, bg: Rgb(7, 11, 18), underline: Reset, modifier: NONE,
        x: 46, y: 10, fg: Rgb(36, 53, 75), bg: Rgb(21, 34, 53), underline: Reset, modifier: NONE,
        x: 47, y: 10, fg: Rgb(231, 238, 247), bg: Rgb(21, 34, 53), underline: Reset, modifier: NONE,
        x: 79, y: 10, fg: Rgb(36, 53, 75), bg: Rgb(21, 34, 53), underline: Reset, modifier: NONE,
        x: 0, y: 11, fg: Rgb(36, 53, 75), bg: Rgb(16, 26, 41), underline: Reset, modifier: NONE,
        x: 1, y: 11, fg: Reset, bg: Rgb(16, 26, 41), underline: Reset, modifier: NONE,
        x: 2, y: 11, fg: Rgb(231, 238, 247), bg: Rgb(16, 26, 41), underline: Reset, modifier: NONE,
        x: 43, y: 11, fg: Reset, bg: Rgb(16, 26, 41), underline: Reset, modifier: NONE,
        x: 44, y: 11, fg: Rgb(36, 53, 75), bg: Rgb(16, 26, 41), underline: Reset, modifier: NONE,
        x: 45, y: 11, fg: Reset, bg: Rgb(7, 11, 18), underline: Reset, modifier: NONE,
        x: 46, y: 11, fg: Rgb(36, 53, 75), bg: Rgb(21, 34, 53), underline: Reset, modifier: NONE,
        x: 47, y: 11, fg: Rgb(231, 238, 247), bg: Rgb(21, 34, 53), underline: Reset, modifier: NONE,
        x: 79, y: 11, fg: Rgb(36, 53, 75), bg: Rgb(21, 34, 53), underline: Reset, modifier: NONE,
        x: 0, y: 12, fg: Rgb(36, 53, 75), bg: Rgb(16, 26, 41), underline: Reset, modifier: NONE,
        x: 1, y: 12, fg: Reset, bg: Rgb(16, 26, 41), underline: Reset, modifier: NONE,
        x: 2, y: 12, fg: Rgb(231, 238, 247), bg: Rgb(16, 26, 41), underline: Reset, modifier: NONE,
        x: 43, y: 12, fg: Reset, bg: Rgb(16, 26, 41), underline: Reset, modifier: NONE,
        x: 44, y: 12, fg: Rgb(36, 53, 75), bg: Rgb(16, 26, 41), underline: Reset, modifier: NONE,
        x: 45, y: 12, fg: Reset, bg: Rgb(7, 11, 18), underline: Reset, modifier: NONE,
        x: 46, y: 12, fg: Rgb(36, 53, 75), bg: Rgb(21, 34, 53), underline: Reset, modifier: NONE,
        x: 47, y: 12, fg: Rgb(231, 238, 247), bg: Rgb(21, 34, 53), underline: Reset, modifier: NONE,
        x: 79, y: 12, fg: Rgb(36, 53, 75), bg: Rgb(21, 34, 53), underline: Reset, modifier: NONE,
        x: 0, y: 13, fg: Rgb(36, 53, 75), bg: Rgb(16, 26, 41), underline: Reset, modifier: NONE,
        x: 1, y: 13, fg: Reset, bg: Rgb(16, 26, 41), underline: Reset, modifier: NONE,
        x: 2, y: 13, fg: Rgb(231, 238, 247), bg: Rgb(16, 26, 41), underline: Reset, modifier: NONE,
        x: 43, y: 13, fg: Reset, bg: Rgb(16, 26, 41), underline: Reset, modifier: NONE,
        x: 44, y: 13, fg: Rgb(36, 53, 75), bg: Rgb(16, 26, 41), underline: Reset, modifier: NONE,
        x: 45, y: 13, fg: Reset, bg: Rgb(7, 11, 18), underline: Reset, modifier: NONE,
        x: 46, y: 13, fg: Rgb(36, 53, 75), bg: Rgb(21, 34, 53), underline: Reset, modifier: NONE,
        x: 47, y: 13, fg: Rgb(231, 238, 247), bg: Rgb(21, 34, 53), underline: Reset, modifier: NONE,
        x: 79, y: 13, fg: Rgb(36, 53, 75), bg: Rgb(21, 34, 53), underline: Reset, modifier: NONE,
        x: 0, y: 14, fg: Rgb(36, 53, 75), bg: Rgb(16, 26, 41), underline: Reset, modifier: NONE,
        x: 1, y: 14, fg: Reset, bg: Rgb(16, 26, 41), underline: Reset, modifier: NONE,
        x: 2, y: 14, fg: Rgb(231, 238, 247), bg: Rgb(16, 26, 41), underline: Reset, modifier: NONE,
        x: 43, y: 14, fg: Reset, bg: Rgb(16, 26, 41), underline: Reset, modifier: NONE,
        x: 44, y: 14, fg: Rgb(36, 53, 75), bg: Rgb(16, 26, 41), underline: Reset, modifier: NONE,
        x: 45, y: 14, fg: Reset, bg: Rgb(7, 11, 18), underline: Reset, modifier: NONE,
        x: 46, y: 14, fg: Rgb(36, 53, 75), bg: Rgb(21, 34, 53), underline: Reset, modifier: NONE,
        x: 47, y: 14, fg: Rgb(231, 238, 247), bg: Rgb(21, 34, 53), underline: Reset, modifier: NONE,
        x: 79, y: 14, fg: Rgb(36, 53, 75), bg: Rgb(21, 34, 53), underline: Reset, modifier: NONE,
        x: 0, y: 15, fg: Rgb(36, 53, 75), bg: Rgb(16, 26, 41), underline: Reset, modifier: NONE,
        x: 1, y: 15, fg: Reset, bg: Rgb(16, 26, 41), underline: Reset, modifier: NONE,
        x: 2, y: 15, fg: Rgb(231, 238, 247), bg: Rgb(16, 26, 41), underline: Reset, modifier: NONE,
        x: 43, y: 15, fg: Reset, bg: Rgb(16, 26, 41), underline: Reset, modifier: NONE,
        x: 44, y: 15, fg: Rgb(36, 53, 75), bg: Rgb(16, 26, 41), underline: Reset, modifier: NONE,
        x: 45, y: 15, fg: Reset, bg: Rgb(7, 11, 18), underline: Reset, modifier: NONE,
        x: 46, y: 15, fg: Rgb(36, 53, 75), bg: Rgb(21, 34, 53), underline: Reset, modifier: NONE,
        x: 47, y: 15, fg: Rgb(231, 238, 247), bg: Rgb(21, 34, 53), underline: Reset, modifier: NONE,
        x: 79, y: 15, fg: Rgb(36, 53, 75), bg: Rgb(21, 34, 53), underline: Reset, modifier: NONE,
        x: 0, y: 16, fg: Rgb(36, 53, 75), bg: Rgb(16, 26, 41), underline: Reset, modifier: NONE,
        x: 1, y: 16, fg: Reset, bg: Rgb(16, 26, 41), underline: Reset, modifier: NONE,
        x: 2, y: 16, fg: Rgb(231, 238, 247), bg: Rgb(16, 26, 41), underline: Reset, modifier: NONE,
        x: 43, y: 16, fg: Reset, bg: Rgb(16, 26, 41), underline: Reset, modifier: NONE,
        x: 44, y: 16, fg: Rgb(36, 53, 75), bg: Rgb(16, 26, 41), underline: Reset, modifier: NONE,
        x: 45, y: 16, fg: Reset, bg: Rgb(7, 11, 18), underline: Reset, modifier: NONE,
        x: 46, y: 16, fg: Rgb(36, 53, 75), bg: Rgb(21, 34, 53), underline: Reset, modifier: NONE,
        x: 47, y: 16, fg: Rgb(231, 238, 247), bg: Rgb(21, 34, 53), underline: Reset, modifier: NONE,
        x: 79, y: 16, fg: Rgb(36, 53, 75), bg: Rgb(21, 34, 53), underline: Reset, modifier: NONE,
        x: 0, y: 17, fg: Rgb(36, 53, 75), bg: Rgb(16, 26, 41), underline: Reset, modifier: NONE,
        x: 45, y: 17, fg: Reset, bg: Rgb(7, 11, 18), underline: Reset, modifier: NONE,
        x: 46, y: 17, fg: Rgb(36, 53, 75), bg: Rgb(21, 34, 53), underline: Reset, modifier: NONE,
        x: 0, y: 18, fg: Rgb(95, 112, 133), bg: Rgb(21, 34, 53), underline: Reset, modifier: NONE,
        x: 0, y: 23, fg: Rgb(114, 131, 153), bg: Rgb(13, 21, 34), underline: Reset, modifier: NONE,
    ]
}
