---
source: crates/harness-tui/src/tests.rs
expression: normalized
---
Buffer {
    area: Rect { x: 0, y: 0, width: 120, height: 30 },
    content: [
        "                                                                                                                        ",
        "  î  test-workspace /workspace/agent-harness                                                                             ",
        "                                                                                                                        ",
        "                                                                                                                        ",
        "     â¯ Match harness tool spacing                                                                                       ",
        "                                                                                                                        ",
        "                                                                                                                        ",
        "     Gathered context Â· 1 read Â· 2 searches Â· 1 list  â¸                                                                 ",
        "     â Run cargo test -p harness-tui ui::ui_transcript:: Â· Failed  â¾                                                    ",
        "                                                                                                                        ",
        "         exit code: 1                                                                                                   ",
        "         stderr: snapshot mismatch                                                                                      ",
        "     â Thought for 0.0s â¸                                                                                               ",
        "                                                                                                                        ",
        "     I matched the body-to-tool and tool-to-body spacing to the harness shell.                                          ",
        "                                                                                                                        ",
        "                                                                                                                        ",
        "     Worked for 0.0s.                                                                                                   ",
        "                                                                                                                        ",
        "                                                                                                                        ",
        "                                                                                                                        ",
        "                                                                                                                        ",
        "                                                                                                                        ",
        "                                                                                                                        ",
        "                                                                                                                        ",
        "                                                                                                                        ",
        "                                                                                                                        ",
        "                                                                                                                        ",
        "  â¯ Build anything                                                                                                      ",
        "  Shift+Tab:mode  â  Ctrl+x:shortcuts                                                                                   ",
    ],
    styles: [
        x: 0, y: 0, fg: Reset, bg: Rgb(20, 20, 20), underline: Reset, modifier: NONE,
        x: 0, y: 1, fg: Rgb(88, 88, 88), bg: Rgb(20, 20, 20), underline: Reset, modifier: DIM,
        x: 43, y: 1, fg: Reset, bg: Rgb(20, 20, 20), underline: Reset, modifier: NONE,
        x: 2, y: 3, fg: Rgb(225, 225, 225), bg: Rgb(20, 20, 20), underline: Reset, modifier: NONE,
        x: 118, y: 3, fg: Reset, bg: Rgb(20, 20, 20), underline: Reset, modifier: NONE,
        x: 2, y: 4, fg: Rgb(225, 225, 225), bg: Rgb(20, 20, 20), underline: Reset, modifier: NONE,
        x: 118, y: 4, fg: Reset, bg: Rgb(20, 20, 20), underline: Reset, modifier: NONE,
        x: 2, y: 5, fg: Rgb(225, 225, 225), bg: Rgb(20, 20, 20), underline: Reset, modifier: NONE,
        x: 118, y: 5, fg: Reset, bg: Rgb(20, 20, 20), underline: Reset, modifier: NONE,
        x: 2, y: 7, fg: Rgb(225, 225, 225), bg: Rgb(20, 20, 20), underline: Reset, modifier: NONE,
        x: 21, y: 7, fg: Rgb(108, 108, 108), bg: Rgb(20, 20, 20), underline: Reset, modifier: NONE,
        x: 55, y: 7, fg: Rgb(225, 225, 225), bg: Rgb(20, 20, 20), underline: Reset, modifier: NONE,
        x: 118, y: 7, fg: Reset, bg: Rgb(20, 20, 20), underline: Reset, modifier: NONE,
        x: 2, y: 8, fg: Rgb(225, 225, 225), bg: Rgb(20, 20, 20), underline: Reset, modifier: NONE,
        x: 5, y: 8, fg: Rgb(247, 118, 142), bg: Rgb(20, 20, 20), underline: Reset, modifier: NONE,
        x: 7, y: 8, fg: Rgb(247, 118, 142), bg: Rgb(20, 20, 20), underline: Reset, modifier: BOLD,
        x: 56, y: 8, fg: Rgb(108, 108, 108), bg: Rgb(20, 20, 20), underline: Reset, modifier: NONE,
        x: 68, y: 8, fg: Rgb(225, 225, 225), bg: Rgb(20, 20, 20), underline: Reset, modifier: NONE,
        x: 116, y: 8, fg: Reset, bg: Rgb(20, 20, 20), underline: Reset, modifier: NONE,
        x: 2, y: 9, fg: Rgb(225, 225, 225), bg: Rgb(20, 20, 20), underline: Reset, modifier: NONE,
        x: 116, y: 9, fg: Reset, bg: Rgb(20, 20, 20), underline: Reset, modifier: NONE,
        x: 2, y: 10, fg: Rgb(225, 225, 225), bg: Rgb(20, 20, 20), underline: Reset, modifier: NONE,
        x: 116, y: 10, fg: Reset, bg: Rgb(20, 20, 20), underline: Reset, modifier: NONE,
        x: 2, y: 11, fg: Rgb(225, 225, 225), bg: Rgb(20, 20, 20), underline: Reset, modifier: NONE,
        x: 116, y: 11, fg: Reset, bg: Rgb(20, 20, 20), underline: Reset, modifier: NONE,
        x: 2, y: 12, fg: Rgb(108, 108, 108), bg: Rgb(20, 20, 20), underline: Reset, modifier: NONE,
        x: 5, y: 12, fg: Rgb(108, 108, 108), bg: Rgb(20, 20, 20), underline: Reset, modifier: BOLD,
        x: 14, y: 12, fg: Rgb(108, 108, 108), bg: Rgb(20, 20, 20), underline: Reset, modifier: NONE,
        x: 25, y: 12, fg: Rgb(225, 225, 225), bg: Rgb(20, 20, 20), underline: Reset, modifier: NONE,
        x: 118, y: 12, fg: Reset, bg: Rgb(20, 20, 20), underline: Reset, modifier: NONE,
        x: 2, y: 14, fg: Rgb(225, 225, 225), bg: Rgb(20, 20, 20), underline: Reset, modifier: NONE,
        x: 118, y: 14, fg: Reset, bg: Rgb(20, 20, 20), underline: Reset, modifier: NONE,
        x: 2, y: 15, fg: Rgb(225, 225, 225), bg: Rgb(20, 20, 20), underline: Reset, modifier: NONE,
        x: 118, y: 15, fg: Reset, bg: Rgb(20, 20, 20), underline: Reset, modifier: NONE,
        x: 2, y: 17, fg: Rgb(225, 225, 225), bg: Rgb(20, 20, 20), underline: Reset, modifier: NONE,
        x: 5, y: 17, fg: Rgb(108, 108, 108), bg: Rgb(20, 20, 20), underline: Reset, modifier: NONE,
        x: 21, y: 17, fg: Rgb(225, 225, 225), bg: Rgb(20, 20, 20), underline: Reset, modifier: NONE,
        x: 118, y: 17, fg: Reset, bg: Rgb(20, 20, 20), underline: Reset, modifier: NONE,
        x: 2, y: 28, fg: Rgb(88, 88, 88), bg: Rgb(20, 20, 20), underline: Reset, modifier: NONE,
        x: 4, y: 28, fg: Rgb(78, 78, 78), bg: Rgb(20, 20, 20), underline: Reset, modifier: NONE,
        x: 18, y: 28, fg: Reset, bg: Rgb(20, 20, 20), underline: Reset, modifier: NONE,
        x: 2, y: 29, fg: Rgb(225, 225, 225), bg: Rgb(20, 20, 20), underline: Reset, modifier: BOLD,
        x: 11, y: 29, fg: Rgb(108, 108, 108), bg: Rgb(20, 20, 20), underline: Reset, modifier: NONE,
        x: 16, y: 29, fg: Rgb(108, 108, 108), bg: Rgb(20, 20, 20), underline: Reset, modifier: DIM,
        x: 21, y: 29, fg: Rgb(225, 225, 225), bg: Rgb(20, 20, 20), underline: Reset, modifier: BOLD,
        x: 27, y: 29, fg: Rgb(108, 108, 108), bg: Rgb(20, 20, 20), underline: Reset, modifier: NONE,
        x: 37, y: 29, fg: Reset, bg: Rgb(20, 20, 20), underline: Reset, modifier: NONE,
    ]
}
