---
source: crates/harness-tui/src/lib_tests/startup_lifecycle_surface.rs
expression: "completed_shell_render.lines().map(str::trim_end).collect::<Vec<_>>().join(\"\\n\")"
---

   test-workspace /workspace/agent-harness


















  ╭──────────────────────────────────────────────────────────────────────────────────────────────╮
  │ ❯ keep this draft                                                                            │
  ╰──────────────────────────────────────────────────────────────────────────────────── unknown ─╯
  Enter:send  │  Shift+Tab:mode  │  Ctrl+x:shortcuts
