---
source: crates/harness-tui/src/lib.rs
expression: normalized
---
Buffer {
    area: Rect { x: 0, y: 0, width: 80, height: 24 },
    content: [
        "REPLAY: /tmp/TMPDIR (run=run_fixture, r to reload)                          ",
        "âTabsâââââââââââââââââââââââââââââââââââââââââââââââââââââââââââââââââââââââââââ",
        "â Events â Output â Diff â Help                                                â",
        "ââââââââââââââââââââââââââââââââââââââââââââââââââââââââââââââââââââââââââââââââ",
        "âEvents (j/k active, follow)âââââââEvent details (Tab to focus)âââââââââââââââââ",
        "â     1 RunStarted               ââ{                                           â",
        "â>    2 RunFinished              ââ  "schema_version": 1,                      â",
        "â                                ââ  "event_id": "evt-0002",                   â",
        "â                                ââ  "seq": 2,                                 â",
        "â                                ââ  "run_id": "run_fixture",                  â",
        "â                                ââ  "mono_ms": 2,                             â",
        "â                                ââ  "actor": {                                â",
        "â                                ââ    "kind": "system",                       â",
        "â                                ââ    "agent_id": "coordinator"               â",
        "â                                ââ  },                                        â",
        "â                                ââ  "stream_key": "run:run_fixture",          â",
        "â                                ââ  "payload": {                              â",
        "â                                ââ    "event_type": "run_finished",           â",
        "â                                ââ    "data": {                               â",
        "â                                ââ      "summary": "done"                     â",
        "â                                ââ    }                                       â",
        "â                                ââ  }                                         â",
        "â                                ââ}                                           â",
        "ââââââââââââââââââââââââââââââââââââââââââââââââââââââââââââââââââââââââââââââââ",
    ],
    styles: [
        x: 0, y: 0, fg: Reset, bg: Reset, underline: Reset, modifier: NONE,
        x: 2, y: 2, fg: Yellow, bg: Reset, underline: Reset, modifier: BOLD,
        x: 8, y: 2, fg: Reset, bg: Reset, underline: Reset, modifier: NONE,
        x: 1, y: 6, fg: Yellow, bg: Reset, underline: Reset, modifier: BOLD,
        x: 19, y: 6, fg: Reset, bg: Reset, underline: Reset, modifier: NONE,
    ]
}
