---
source: crates/harness-tui/src/tests.rs
assertion_line: 1999
expression: normalized
---
Buffer {
    area: Rect { x: 0, y: 0, width: 100, height: 24 },
    content: [
        "                                                                                                    ",
        "              Waiting for first turnâ¦                                                               ",
        "                                                                                                    ",
        "                                                                                                    ",
        "                                                                                                    ",
        "                                                                                                    ",
        "                                                                                                    ",
        "                                                                                                    ",
        "                /cancel-ralph       Stop Ralph continuation                                         ",
        "                /clone              Prepare a Harness session clone                                 ",
        "                /events             Open the event log review                                       ",
        "                /exit               Quit Harness                                                    ",
        "                /follow             Toggle follow mode                                              ",
        "                /fork               Fork session                                                    ",
        "                /goal-ledger        Inspect or checkpoint workflow goals                            ",
        "                /handoff            Create a continuation handoff artifact                          ",
        "                /hyperplan          Start team/parallel planning handoff                            ",
        "                /init-deep          Start a deep requirements interview                             ",
        "            â                                                                                       ",
        "            â  /                                                                                    ",
        "            â                                                                                       ",
        "            â                                                                                       ",
        "            â¹âââââââââââââââââââââââââââââââââââââââââââââââââââââââââââââââââââââââââââ            ",
        "                                                                 live 0  Ctrl+p commands            ",
    ],
    styles: [
        x: 0, y: 0, fg: Reset, bg: Rgb(10, 10, 10), underline: Reset, modifier: NONE,
        x: 14, y: 1, fg: Rgb(128, 128, 128), bg: Rgb(10, 10, 10), underline: Reset, modifier: NONE,
        x: 37, y: 1, fg: Rgb(238, 238, 238), bg: Rgb(10, 10, 10), underline: Reset, modifier: NONE,
        x: 86, y: 1, fg: Reset, bg: Rgb(10, 10, 10), underline: Reset, modifier: NONE,
        x: 14, y: 2, fg: Rgb(238, 238, 238), bg: Rgb(10, 10, 10), underline: Reset, modifier: NONE,
        x: 86, y: 2, fg: Reset, bg: Rgb(10, 10, 10), underline: Reset, modifier: NONE,
        x: 14, y: 3, fg: Rgb(238, 238, 238), bg: Rgb(10, 10, 10), underline: Reset, modifier: NONE,
        x: 86, y: 3, fg: Reset, bg: Rgb(10, 10, 10), underline: Reset, modifier: NONE,
        x: 14, y: 4, fg: Rgb(238, 238, 238), bg: Rgb(10, 10, 10), underline: Reset, modifier: NONE,
        x: 86, y: 4, fg: Reset, bg: Rgb(10, 10, 10), underline: Reset, modifier: NONE,
        x: 14, y: 5, fg: Rgb(238, 238, 238), bg: Rgb(10, 10, 10), underline: Reset, modifier: NONE,
        x: 86, y: 5, fg: Reset, bg: Rgb(10, 10, 10), underline: Reset, modifier: NONE,
        x: 14, y: 6, fg: Rgb(238, 238, 238), bg: Rgb(10, 10, 10), underline: Reset, modifier: NONE,
        x: 86, y: 6, fg: Reset, bg: Rgb(10, 10, 10), underline: Reset, modifier: NONE,
        x: 14, y: 7, fg: Rgb(238, 238, 238), bg: Rgb(10, 10, 10), underline: Reset, modifier: NONE,
        x: 86, y: 7, fg: Reset, bg: Rgb(10, 10, 10), underline: Reset, modifier: NONE,
        x: 14, y: 8, fg: Rgb(238, 238, 238), bg: Rgb(10, 10, 10), underline: Reset, modifier: NONE,
        x: 15, y: 8, fg: Rgb(10, 10, 10), bg: Rgb(245, 167, 66), underline: Reset, modifier: NONE,
        x: 86, y: 8, fg: Reset, bg: Rgb(10, 10, 10), underline: Reset, modifier: NONE,
        x: 14, y: 9, fg: Rgb(238, 238, 238), bg: Rgb(10, 10, 10), underline: Reset, modifier: NONE,
        x: 15, y: 9, fg: Reset, bg: Rgb(30, 30, 30), underline: Reset, modifier: NONE,
        x: 16, y: 9, fg: Rgb(238, 238, 238), bg: Rgb(30, 30, 30), underline: Reset, modifier: NONE,
        x: 22, y: 9, fg: Reset, bg: Rgb(30, 30, 30), underline: Reset, modifier: NONE,
        x: 36, y: 9, fg: Rgb(128, 128, 128), bg: Rgb(30, 30, 30), underline: Reset, modifier: NONE,
        x: 67, y: 9, fg: Reset, bg: Rgb(30, 30, 30), underline: Reset, modifier: NONE,
        x: 86, y: 9, fg: Reset, bg: Rgb(10, 10, 10), underline: Reset, modifier: NONE,
        x: 14, y: 10, fg: Rgb(238, 238, 238), bg: Rgb(10, 10, 10), underline: Reset, modifier: NONE,
        x: 15, y: 10, fg: Reset, bg: Rgb(30, 30, 30), underline: Reset, modifier: NONE,
        x: 16, y: 10, fg: Rgb(238, 238, 238), bg: Rgb(30, 30, 30), underline: Reset, modifier: NONE,
        x: 23, y: 10, fg: Reset, bg: Rgb(30, 30, 30), underline: Reset, modifier: NONE,
        x: 36, y: 10, fg: Rgb(128, 128, 128), bg: Rgb(30, 30, 30), underline: Reset, modifier: NONE,
        x: 61, y: 10, fg: Reset, bg: Rgb(30, 30, 30), underline: Reset, modifier: NONE,
        x: 86, y: 10, fg: Reset, bg: Rgb(10, 10, 10), underline: Reset, modifier: NONE,
        x: 14, y: 11, fg: Rgb(238, 238, 238), bg: Rgb(10, 10, 10), underline: Reset, modifier: NONE,
        x: 15, y: 11, fg: Reset, bg: Rgb(30, 30, 30), underline: Reset, modifier: NONE,
        x: 16, y: 11, fg: Rgb(238, 238, 238), bg: Rgb(30, 30, 30), underline: Reset, modifier: NONE,
        x: 21, y: 11, fg: Reset, bg: Rgb(30, 30, 30), underline: Reset, modifier: NONE,
        x: 36, y: 11, fg: Rgb(128, 128, 128), bg: Rgb(30, 30, 30), underline: Reset, modifier: NONE,
        x: 48, y: 11, fg: Reset, bg: Rgb(30, 30, 30), underline: Reset, modifier: NONE,
        x: 86, y: 11, fg: Reset, bg: Rgb(10, 10, 10), underline: Reset, modifier: NONE,
        x: 14, y: 12, fg: Rgb(238, 238, 238), bg: Rgb(10, 10, 10), underline: Reset, modifier: NONE,
        x: 15, y: 12, fg: Reset, bg: Rgb(30, 30, 30), underline: Reset, modifier: NONE,
        x: 16, y: 12, fg: Rgb(238, 238, 238), bg: Rgb(30, 30, 30), underline: Reset, modifier: NONE,
        x: 23, y: 12, fg: Reset, bg: Rgb(30, 30, 30), underline: Reset, modifier: NONE,
        x: 36, y: 12, fg: Rgb(128, 128, 128), bg: Rgb(30, 30, 30), underline: Reset, modifier: NONE,
        x: 54, y: 12, fg: Reset, bg: Rgb(30, 30, 30), underline: Reset, modifier: NONE,
        x: 86, y: 12, fg: Reset, bg: Rgb(10, 10, 10), underline: Reset, modifier: NONE,
        x: 14, y: 13, fg: Rgb(238, 238, 238), bg: Rgb(10, 10, 10), underline: Reset, modifier: NONE,
        x: 15, y: 13, fg: Reset, bg: Rgb(30, 30, 30), underline: Reset, modifier: NONE,
        x: 16, y: 13, fg: Rgb(238, 238, 238), bg: Rgb(30, 30, 30), underline: Reset, modifier: NONE,
        x: 21, y: 13, fg: Reset, bg: Rgb(30, 30, 30), underline: Reset, modifier: NONE,
        x: 36, y: 13, fg: Rgb(128, 128, 128), bg: Rgb(30, 30, 30), underline: Reset, modifier: NONE,
        x: 48, y: 13, fg: Reset, bg: Rgb(30, 30, 30), underline: Reset, modifier: NONE,
        x: 86, y: 13, fg: Reset, bg: Rgb(10, 10, 10), underline: Reset, modifier: NONE,
        x: 14, y: 14, fg: Rgb(238, 238, 238), bg: Rgb(10, 10, 10), underline: Reset, modifier: NONE,
        x: 15, y: 14, fg: Reset, bg: Rgb(30, 30, 30), underline: Reset, modifier: NONE,
        x: 16, y: 14, fg: Rgb(238, 238, 238), bg: Rgb(30, 30, 30), underline: Reset, modifier: NONE,
        x: 28, y: 14, fg: Reset, bg: Rgb(30, 30, 30), underline: Reset, modifier: NONE,
        x: 36, y: 14, fg: Rgb(128, 128, 128), bg: Rgb(30, 30, 30), underline: Reset, modifier: NONE,
        x: 72, y: 14, fg: Reset, bg: Rgb(30, 30, 30), underline: Reset, modifier: NONE,
        x: 86, y: 14, fg: Reset, bg: Rgb(10, 10, 10), underline: Reset, modifier: NONE,
        x: 14, y: 15, fg: Rgb(238, 238, 238), bg: Rgb(10, 10, 10), underline: Reset, modifier: NONE,
        x: 15, y: 15, fg: Reset, bg: Rgb(30, 30, 30), underline: Reset, modifier: NONE,
        x: 16, y: 15, fg: Rgb(238, 238, 238), bg: Rgb(30, 30, 30), underline: Reset, modifier: NONE,
        x: 24, y: 15, fg: Reset, bg: Rgb(30, 30, 30), underline: Reset, modifier: NONE,
        x: 36, y: 15, fg: Rgb(128, 128, 128), bg: Rgb(30, 30, 30), underline: Reset, modifier: NONE,
        x: 74, y: 15, fg: Reset, bg: Rgb(30, 30, 30), underline: Reset, modifier: NONE,
        x: 86, y: 15, fg: Reset, bg: Rgb(10, 10, 10), underline: Reset, modifier: NONE,
        x: 14, y: 16, fg: Rgb(238, 238, 238), bg: Rgb(10, 10, 10), underline: Reset, modifier: NONE,
        x: 15, y: 16, fg: Reset, bg: Rgb(30, 30, 30), underline: Reset, modifier: NONE,
        x: 16, y: 16, fg: Rgb(238, 238, 238), bg: Rgb(30, 30, 30), underline: Reset, modifier: NONE,
        x: 26, y: 16, fg: Reset, bg: Rgb(30, 30, 30), underline: Reset, modifier: NONE,
        x: 36, y: 16, fg: Rgb(128, 128, 128), bg: Rgb(30, 30, 30), underline: Reset, modifier: NONE,
        x: 72, y: 16, fg: Reset, bg: Rgb(30, 30, 30), underline: Reset, modifier: NONE,
        x: 86, y: 16, fg: Reset, bg: Rgb(10, 10, 10), underline: Reset, modifier: NONE,
        x: 15, y: 17, fg: Reset, bg: Rgb(30, 30, 30), underline: Reset, modifier: NONE,
        x: 16, y: 17, fg: Rgb(238, 238, 238), bg: Rgb(30, 30, 30), underline: Reset, modifier: NONE,
        x: 26, y: 17, fg: Reset, bg: Rgb(30, 30, 30), underline: Reset, modifier: NONE,
        x: 36, y: 17, fg: Rgb(128, 128, 128), bg: Rgb(30, 30, 30), underline: Reset, modifier: NONE,
        x: 71, y: 17, fg: Reset, bg: Rgb(30, 30, 30), underline: Reset, modifier: NONE,
        x: 86, y: 17, fg: Reset, bg: Rgb(10, 10, 10), underline: Reset, modifier: NONE,
        x: 12, y: 18, fg: Rgb(92, 156, 245), bg: Rgb(10, 10, 10), underline: Reset, modifier: NONE,
        x: 13, y: 18, fg: Reset, bg: Rgb(30, 30, 30), underline: Reset, modifier: NONE,
        x: 88, y: 18, fg: Reset, bg: Rgb(10, 10, 10), underline: Reset, modifier: NONE,
        x: 12, y: 19, fg: Rgb(92, 156, 245), bg: Rgb(10, 10, 10), underline: Reset, modifier: NONE,
        x: 13, y: 19, fg: Reset, bg: Rgb(30, 30, 30), underline: Reset, modifier: NONE,
        x: 15, y: 19, fg: Rgb(238, 238, 238), bg: Rgb(30, 30, 30), underline: Reset, modifier: NONE,
        x: 16, y: 19, fg: Reset, bg: Rgb(30, 30, 30), underline: Reset, modifier: NONE,
        x: 88, y: 19, fg: Reset, bg: Rgb(10, 10, 10), underline: Reset, modifier: NONE,
        x: 12, y: 20, fg: Rgb(92, 156, 245), bg: Rgb(10, 10, 10), underline: Reset, modifier: NONE,
        x: 13, y: 20, fg: Reset, bg: Rgb(30, 30, 30), underline: Reset, modifier: NONE,
        x: 88, y: 20, fg: Reset, bg: Rgb(10, 10, 10), underline: Reset, modifier: NONE,
        x: 12, y: 21, fg: Rgb(92, 156, 245), bg: Rgb(10, 10, 10), underline: Reset, modifier: NONE,
        x: 13, y: 21, fg: Reset, bg: Rgb(30, 30, 30), underline: Reset, modifier: NONE,
        x: 88, y: 21, fg: Reset, bg: Rgb(10, 10, 10), underline: Reset, modifier: NONE,
        x: 12, y: 22, fg: Rgb(92, 156, 245), bg: Rgb(10, 10, 10), underline: Reset, modifier: NONE,
        x: 13, y: 22, fg: Rgb(30, 30, 30), bg: Rgb(10, 10, 10), underline: Reset, modifier: NONE,
        x: 88, y: 22, fg: Reset, bg: Rgb(10, 10, 10), underline: Reset, modifier: NONE,
        x: 65, y: 23, fg: Rgb(128, 128, 128), bg: Rgb(10, 10, 10), underline: Reset, modifier: NONE,
        x: 71, y: 23, fg: Reset, bg: Rgb(10, 10, 10), underline: Reset, modifier: NONE,
        x: 73, y: 23, fg: Rgb(238, 238, 238), bg: Rgb(10, 10, 10), underline: Reset, modifier: BOLD,
        x: 79, y: 23, fg: Rgb(128, 128, 128), bg: Rgb(10, 10, 10), underline: Reset, modifier: NONE,
        x: 88, y: 23, fg: Reset, bg: Rgb(10, 10, 10), underline: Reset, modifier: NONE,
    ]
}
