---
source: crates/harness-tui/src/tests.rs
expression: normalized
---
Buffer {
    area: Rect { x: 0, y: 0, width: 80, height: 24 },
    content: [
        "Replay Â· read-only Â· run run_fixture Â· 2 ev                                     ",
        "                                                                                ",
        "  Waiting for first turnâ¦                                                       ",
        "                                               Replay Â· run run_fixture         ",
        "                                               Export bundle Â· run_fixture/     ",
        "                                               Recorded runtime Â· read-only: de ",
        "                                               Provider local                   ",
        "                                               0 active todos Â· 0 modified file ",
        "                                                                                ",
        "                                               Context Â· Recorded runtime Â· reâ¦ ",
        "                                               Provider local                   ",
        "                                               2 events loaded                  ",
        "                                               â¼ Recovery Â· 3                   ",
        "                                               Replay is read-only â inspect    ",
        "                                               recorded context and use replay  ",
        "                                               navigation.                      ",
        "                                                                                ",
        "                                               harness-tui Â· v0.1.0             ",
        "                                                                                ",
        "â Replay is read-only.                                                          ",
        "  ? shortcuts  Â·  3 event log  Â·  r reload  Â·  q quit                           ",
        "                                                                                ",
        "                                                                                ",
        "                                                                                ",
    ],
    styles: [
        x: 0, y: 0, fg: Rgb(140, 136, 131), bg: Rgb(0, 0, 0), underline: Reset, modifier: NONE,
        x: 0, y: 1, fg: Reset, bg: Rgb(0, 0, 0), underline: Reset, modifier: NONE,
        x: 46, y: 1, fg: Reset, bg: Rgb(17, 17, 17), underline: Reset, modifier: NONE,
        x: 0, y: 2, fg: Reset, bg: Rgb(0, 0, 0), underline: Reset, modifier: NONE,
        x: 2, y: 2, fg: Rgb(140, 136, 131), bg: Rgb(17, 17, 17), underline: Reset, modifier: NONE,
        x: 25, y: 2, fg: Rgb(231, 227, 222), bg: Rgb(17, 17, 17), underline: Reset, modifier: NONE,
        x: 46, y: 2, fg: Reset, bg: Rgb(17, 17, 17), underline: Reset, modifier: NONE,
        x: 0, y: 3, fg: Reset, bg: Rgb(0, 0, 0), underline: Reset, modifier: NONE,
        x: 2, y: 3, fg: Rgb(231, 227, 222), bg: Rgb(17, 17, 17), underline: Reset, modifier: NONE,
        x: 46, y: 3, fg: Reset, bg: Rgb(17, 17, 17), underline: Reset, modifier: NONE,
        x: 47, y: 3, fg: Rgb(231, 227, 222), bg: Rgb(17, 17, 17), underline: Reset, modifier: BOLD,
        x: 71, y: 3, fg: Rgb(231, 227, 222), bg: Rgb(17, 17, 17), underline: Reset, modifier: NONE,
        x: 79, y: 3, fg: Reset, bg: Rgb(17, 17, 17), underline: Reset, modifier: NONE,
        x: 0, y: 4, fg: Reset, bg: Rgb(0, 0, 0), underline: Reset, modifier: NONE,
        x: 2, y: 4, fg: Rgb(231, 227, 222), bg: Rgb(17, 17, 17), underline: Reset, modifier: NONE,
        x: 46, y: 4, fg: Reset, bg: Rgb(17, 17, 17), underline: Reset, modifier: NONE,
        x: 47, y: 4, fg: Rgb(140, 136, 131), bg: Rgb(17, 17, 17), underline: Reset, modifier: NONE,
        x: 75, y: 4, fg: Rgb(231, 227, 222), bg: Rgb(17, 17, 17), underline: Reset, modifier: NONE,
        x: 79, y: 4, fg: Reset, bg: Rgb(17, 17, 17), underline: Reset, modifier: NONE,
        x: 0, y: 5, fg: Reset, bg: Rgb(0, 0, 0), underline: Reset, modifier: NONE,
        x: 2, y: 5, fg: Rgb(231, 227, 222), bg: Rgb(17, 17, 17), underline: Reset, modifier: NONE,
        x: 46, y: 5, fg: Reset, bg: Rgb(17, 17, 17), underline: Reset, modifier: NONE,
        x: 47, y: 5, fg: Rgb(140, 136, 131), bg: Rgb(17, 17, 17), underline: Reset, modifier: NONE,
        x: 79, y: 5, fg: Reset, bg: Rgb(17, 17, 17), underline: Reset, modifier: NONE,
        x: 0, y: 6, fg: Reset, bg: Rgb(0, 0, 0), underline: Reset, modifier: NONE,
        x: 2, y: 6, fg: Rgb(231, 227, 222), bg: Rgb(17, 17, 17), underline: Reset, modifier: NONE,
        x: 46, y: 6, fg: Reset, bg: Rgb(17, 17, 17), underline: Reset, modifier: NONE,
        x: 47, y: 6, fg: Rgb(140, 136, 131), bg: Rgb(17, 17, 17), underline: Reset, modifier: NONE,
        x: 61, y: 6, fg: Rgb(231, 227, 222), bg: Rgb(17, 17, 17), underline: Reset, modifier: NONE,
        x: 79, y: 6, fg: Reset, bg: Rgb(17, 17, 17), underline: Reset, modifier: NONE,
        x: 0, y: 7, fg: Reset, bg: Rgb(0, 0, 0), underline: Reset, modifier: NONE,
        x: 2, y: 7, fg: Rgb(231, 227, 222), bg: Rgb(17, 17, 17), underline: Reset, modifier: NONE,
        x: 46, y: 7, fg: Reset, bg: Rgb(17, 17, 17), underline: Reset, modifier: NONE,
        x: 47, y: 7, fg: Rgb(140, 136, 131), bg: Rgb(17, 17, 17), underline: Reset, modifier: NONE,
        x: 79, y: 7, fg: Reset, bg: Rgb(17, 17, 17), underline: Reset, modifier: NONE,
        x: 0, y: 8, fg: Reset, bg: Rgb(0, 0, 0), underline: Reset, modifier: NONE,
        x: 2, y: 8, fg: Rgb(231, 227, 222), bg: Rgb(17, 17, 17), underline: Reset, modifier: NONE,
        x: 46, y: 8, fg: Reset, bg: Rgb(17, 17, 17), underline: Reset, modifier: NONE,
        x: 47, y: 8, fg: Rgb(231, 227, 222), bg: Rgb(17, 17, 17), underline: Reset, modifier: NONE,
        x: 79, y: 8, fg: Reset, bg: Rgb(17, 17, 17), underline: Reset, modifier: NONE,
        x: 0, y: 9, fg: Reset, bg: Rgb(0, 0, 0), underline: Reset, modifier: NONE,
        x: 2, y: 9, fg: Rgb(231, 227, 222), bg: Rgb(17, 17, 17), underline: Reset, modifier: NONE,
        x: 46, y: 9, fg: Reset, bg: Rgb(17, 17, 17), underline: Reset, modifier: NONE,
        x: 47, y: 9, fg: Rgb(231, 227, 222), bg: Rgb(17, 17, 17), underline: Reset, modifier: BOLD,
        x: 79, y: 9, fg: Reset, bg: Rgb(17, 17, 17), underline: Reset, modifier: NONE,
        x: 0, y: 10, fg: Reset, bg: Rgb(0, 0, 0), underline: Reset, modifier: NONE,
        x: 2, y: 10, fg: Rgb(231, 227, 222), bg: Rgb(17, 17, 17), underline: Reset, modifier: NONE,
        x: 46, y: 10, fg: Reset, bg: Rgb(17, 17, 17), underline: Reset, modifier: NONE,
        x: 47, y: 10, fg: Rgb(231, 227, 222), bg: Rgb(17, 17, 17), underline: Reset, modifier: NONE,
        x: 79, y: 10, fg: Reset, bg: Rgb(17, 17, 17), underline: Reset, modifier: NONE,
        x: 0, y: 11, fg: Reset, bg: Rgb(0, 0, 0), underline: Reset, modifier: NONE,
        x: 2, y: 11, fg: Rgb(231, 227, 222), bg: Rgb(17, 17, 17), underline: Reset, modifier: NONE,
        x: 46, y: 11, fg: Reset, bg: Rgb(17, 17, 17), underline: Reset, modifier: NONE,
        x: 47, y: 11, fg: Rgb(231, 227, 222), bg: Rgb(17, 17, 17), underline: Reset, modifier: NONE,
        x: 79, y: 11, fg: Reset, bg: Rgb(17, 17, 17), underline: Reset, modifier: NONE,
        x: 0, y: 12, fg: Reset, bg: Rgb(0, 0, 0), underline: Reset, modifier: NONE,
        x: 2, y: 12, fg: Rgb(231, 227, 222), bg: Rgb(17, 17, 17), underline: Reset, modifier: NONE,
        x: 46, y: 12, fg: Reset, bg: Rgb(17, 17, 17), underline: Reset, modifier: NONE,
        x: 47, y: 12, fg: Rgb(231, 227, 222), bg: Rgb(17, 17, 17), underline: Reset, modifier: BOLD,
        x: 61, y: 12, fg: Rgb(231, 227, 222), bg: Rgb(17, 17, 17), underline: Reset, modifier: NONE,
        x: 79, y: 12, fg: Reset, bg: Rgb(17, 17, 17), underline: Reset, modifier: NONE,
        x: 0, y: 13, fg: Reset, bg: Rgb(0, 0, 0), underline: Reset, modifier: NONE,
        x: 2, y: 13, fg: Rgb(231, 227, 222), bg: Rgb(17, 17, 17), underline: Reset, modifier: NONE,
        x: 46, y: 13, fg: Reset, bg: Rgb(17, 17, 17), underline: Reset, modifier: NONE,
        x: 47, y: 13, fg: Rgb(231, 227, 222), bg: Rgb(17, 17, 17), underline: Reset, modifier: NONE,
        x: 79, y: 13, fg: Reset, bg: Rgb(17, 17, 17), underline: Reset, modifier: NONE,
        x: 0, y: 14, fg: Reset, bg: Rgb(0, 0, 0), underline: Reset, modifier: NONE,
        x: 2, y: 14, fg: Rgb(231, 227, 222), bg: Rgb(17, 17, 17), underline: Reset, modifier: NONE,
        x: 46, y: 14, fg: Reset, bg: Rgb(17, 17, 17), underline: Reset, modifier: NONE,
        x: 47, y: 14, fg: Rgb(231, 227, 222), bg: Rgb(17, 17, 17), underline: Reset, modifier: NONE,
        x: 79, y: 14, fg: Reset, bg: Rgb(17, 17, 17), underline: Reset, modifier: NONE,
        x: 0, y: 15, fg: Reset, bg: Rgb(0, 0, 0), underline: Reset, modifier: NONE,
        x: 2, y: 15, fg: Rgb(231, 227, 222), bg: Rgb(17, 17, 17), underline: Reset, modifier: NONE,
        x: 46, y: 15, fg: Reset, bg: Rgb(17, 17, 17), underline: Reset, modifier: NONE,
        x: 47, y: 15, fg: Rgb(231, 227, 222), bg: Rgb(17, 17, 17), underline: Reset, modifier: NONE,
        x: 79, y: 15, fg: Reset, bg: Rgb(17, 17, 17), underline: Reset, modifier: NONE,
        x: 0, y: 16, fg: Reset, bg: Rgb(0, 0, 0), underline: Reset, modifier: NONE,
        x: 2, y: 16, fg: Rgb(231, 227, 222), bg: Rgb(17, 17, 17), underline: Reset, modifier: NONE,
        x: 46, y: 16, fg: Reset, bg: Rgb(17, 17, 17), underline: Reset, modifier: NONE,
        x: 0, y: 17, fg: Reset, bg: Rgb(0, 0, 0), underline: Reset, modifier: NONE,
        x: 46, y: 17, fg: Reset, bg: Rgb(17, 17, 17), underline: Reset, modifier: NONE,
        x: 47, y: 17, fg: Rgb(140, 136, 131), bg: Rgb(17, 17, 17), underline: Reset, modifier: NONE,
        x: 79, y: 17, fg: Reset, bg: Rgb(17, 17, 17), underline: Reset, modifier: NONE,
        x: 0, y: 18, fg: Reset, bg: Rgb(0, 0, 0), underline: Reset, modifier: NONE,
        x: 0, y: 19, fg: Rgb(140, 136, 131), bg: Rgb(0, 0, 0), underline: Reset, modifier: NONE,
        x: 22, y: 19, fg: Reset, bg: Rgb(0, 0, 0), underline: Reset, modifier: NONE,
        x: 2, y: 20, fg: Rgb(140, 136, 131), bg: Rgb(0, 0, 0), underline: Reset, modifier: NONE,
        x: 53, y: 20, fg: Reset, bg: Rgb(0, 0, 0), underline: Reset, modifier: NONE,
    ]
}
