---
source: crates/harness-tui/src/lib_tests/startup_lifecycle_surface.rs
expression: "fallback_render.lines().map(str::trim_end).collect::<Vec<_>>().join(\"\\n\")"
---

   test-workspace /workspace/agent-harness
















  ╭──────────────────────────────────────────────────────────────────────────────────────────────╮
  │ ❯ Build anything                                                                             │
  ╰───────────────────────────────────────────────────────────────────────────────────────────  ─╯

  Shift+Tab:mode  │  Ctrl+x:shortcuts
