---
source: crates/harness-tui/src/lib_tests/transcript_flow.rs
expression: "render_live_lines(&app, 80, 24)"
---
                                                                                
   test-workspace /workspace/agent-harness                                     
                                                                                
  ❙  ◆ Thought for 0.0s                                                         
                                                                                
                                                                                
     transcript remains visible                                                 
                                                                                
     Worked for 0.0s.                                                           
                                                                                
                                                                                
                                                                                
                                                                                
                                                                                
                                                                                
                                                                                
                                                                                
                                                                                
                                                                                
  ╭──────────────────────────────────────────────────────────────────────────╮  
  │ ❯                                                                        │  
  ╰──────────────────────────────────────────────────────────── gpt-5-codex ─╯  
  turn 1 · ready for next turn        Tab focus  ·  ? commands  ·  Ctrl+q quit
