---
source: crates/harness-tui/src/tests.rs
expression: normalized
---
Buffer {
    area: Rect { x: 0, y: 0, width: 80, height: 24 },
    content: [
        "                                                                                ",
        "       hello world                                                              ",
        "                                                                                ",
        "                                                                                ",
        "                                                                                ",
        "                                                                                ",
        "                                                                                ",
        "                                                                                ",
        "                                                                                ",
        "                                                                                ",
        "                                                                                ",
        "                                                                                ",
        "                                                                                ",
        "                                                                                ",
        "                                                                                ",
        "                                                                                ",
        "                                                                                ",
        "                                                                                ",
        "  â                                                                             ",
        "  â                                                                             ",
        "  â                                                                             ",
        "  â  model-1 mock                                                               ",
        "  â¹âââââââââââââââââââââââââââââââââââââââââââââââââââââââââââââââââââââââââââ  ",
        "  turn 1 Â· ready for next turn   Ctrl+Tab focus  Â·  Ctrl+p commands  Â·  q quit  ",
    ],
    styles: [
        x: 0, y: 0, fg: Reset, bg: Rgb(10, 10, 10), underline: Reset, modifier: NONE,
        x: 4, y: 1, fg: Rgb(238, 238, 238), bg: Rgb(10, 10, 10), underline: Reset, modifier: NONE,
        x: 76, y: 1, fg: Reset, bg: Rgb(10, 10, 10), underline: Reset, modifier: NONE,
        x: 2, y: 18, fg: Rgb(92, 156, 245), bg: Rgb(10, 10, 10), underline: Reset, modifier: NONE,
        x: 3, y: 18, fg: Reset, bg: Rgb(30, 30, 30), underline: Reset, modifier: NONE,
        x: 78, y: 18, fg: Reset, bg: Rgb(10, 10, 10), underline: Reset, modifier: NONE,
        x: 2, y: 19, fg: Rgb(92, 156, 245), bg: Rgb(10, 10, 10), underline: Reset, modifier: NONE,
        x: 3, y: 19, fg: Reset, bg: Rgb(30, 30, 30), underline: Reset, modifier: NONE,
        x: 78, y: 19, fg: Reset, bg: Rgb(10, 10, 10), underline: Reset, modifier: NONE,
        x: 2, y: 20, fg: Rgb(92, 156, 245), bg: Rgb(10, 10, 10), underline: Reset, modifier: NONE,
        x: 3, y: 20, fg: Reset, bg: Rgb(30, 30, 30), underline: Reset, modifier: NONE,
        x: 78, y: 20, fg: Reset, bg: Rgb(10, 10, 10), underline: Reset, modifier: NONE,
        x: 2, y: 21, fg: Rgb(92, 156, 245), bg: Rgb(10, 10, 10), underline: Reset, modifier: NONE,
        x: 3, y: 21, fg: Reset, bg: Rgb(30, 30, 30), underline: Reset, modifier: NONE,
        x: 5, y: 21, fg: Rgb(238, 238, 238), bg: Rgb(30, 30, 30), underline: Reset, modifier: NONE,
        x: 12, y: 21, fg: Rgb(128, 128, 128), bg: Rgb(30, 30, 30), underline: Reset, modifier: NONE,
        x: 17, y: 21, fg: Reset, bg: Rgb(30, 30, 30), underline: Reset, modifier: NONE,
        x: 78, y: 21, fg: Reset, bg: Rgb(10, 10, 10), underline: Reset, modifier: NONE,
        x: 2, y: 22, fg: Rgb(92, 156, 245), bg: Rgb(10, 10, 10), underline: Reset, modifier: NONE,
        x: 3, y: 22, fg: Rgb(30, 30, 30), bg: Rgb(10, 10, 10), underline: Reset, modifier: NONE,
        x: 78, y: 22, fg: Reset, bg: Rgb(10, 10, 10), underline: Reset, modifier: NONE,
        x: 2, y: 23, fg: Rgb(245, 167, 66), bg: Rgb(10, 10, 10), underline: Reset, modifier: NONE,
        x: 30, y: 23, fg: Reset, bg: Rgb(10, 10, 10), underline: Reset, modifier: NONE,
        x: 33, y: 23, fg: Rgb(238, 238, 238), bg: Rgb(10, 10, 10), underline: Reset, modifier: BOLD,
        x: 41, y: 23, fg: Rgb(128, 128, 128), bg: Rgb(10, 10, 10), underline: Reset, modifier: NONE,
        x: 52, y: 23, fg: Rgb(238, 238, 238), bg: Rgb(10, 10, 10), underline: Reset, modifier: BOLD,
        x: 58, y: 23, fg: Rgb(128, 128, 128), bg: Rgb(10, 10, 10), underline: Reset, modifier: NONE,
        x: 72, y: 23, fg: Rgb(238, 238, 238), bg: Rgb(10, 10, 10), underline: Reset, modifier: BOLD,
        x: 73, y: 23, fg: Rgb(128, 128, 128), bg: Rgb(10, 10, 10), underline: Reset, modifier: NONE,
        x: 78, y: 23, fg: Reset, bg: Rgb(10, 10, 10), underline: Reset, modifier: NONE,
    ]
}
