---
source: crates/harness-tui/src/tests.rs
expression: normalized
---
Buffer {
    area: Rect { x: 0, y: 0, width: 100, height: 24 },
    content: [
        "                                                                                                    ",
        "            î  test-workspace /workspace/agent-harness                                               ",
        "                                                                                                    ",
        "                                                                                                    ",
        "                                                                                                    ",
        "                                                                                                    ",
        "                                                                                                    ",
        "                                                                                                    ",
        "                /agents      Browse available provider/model options                                ",
        "                /auth        Manage provider login, logout, and auth status                         ",
        "                /clone       Prepare a Harness session clone                                        ",
        "                /connect     Connect a provider                                                     ",
        "                /copy        Copy the session transcript to clipboard                               ",
        "                /dashboard   Open the status dialog                                                 ",
        "                /exit        Quit the application                                                   ",
        "                /export      Export the session transcript to a file                                ",
        "                /follow      Toggle follow mode                                                     ",
        "                /fork        Fork session                                                           ",
        "            â­âââââââââââââââââââââââââââââââââââââââââââââââââââââââââââââââââââââââââââ®            ",
        "            â â¯ /                                                                      â            ",
        "            â°ââââââââââââââââââââââââââââââââââââââââââââââââââââââââââââââââ unknown ââ¯            ",
        "                                                                                                    ",
        "            Enter:send  â  Shift+Tab:mode  â  Ctrl+x:shortcuts                                      ",
        "                                                                                                    ",
    ],
    styles: [
        x: 0, y: 0, fg: Reset, bg: Rgb(20, 20, 20), underline: Reset, modifier: NONE,
        x: 10, y: 1, fg: Rgb(88, 88, 88), bg: Rgb(20, 20, 20), underline: Reset, modifier: DIM,
        x: 53, y: 1, fg: Reset, bg: Rgb(20, 20, 20), underline: Reset, modifier: NONE,
        x: 15, y: 8, fg: Rgb(20, 20, 20), bg: Rgb(187, 154, 247), underline: Reset, modifier: NONE,
        x: 86, y: 8, fg: Reset, bg: Rgb(20, 20, 20), underline: Reset, modifier: NONE,
        x: 15, y: 9, fg: Reset, bg: Rgb(28, 28, 28), underline: Reset, modifier: NONE,
        x: 16, y: 9, fg: Rgb(225, 225, 225), bg: Rgb(28, 28, 28), underline: Reset, modifier: NONE,
        x: 21, y: 9, fg: Reset, bg: Rgb(28, 28, 28), underline: Reset, modifier: NONE,
        x: 29, y: 9, fg: Rgb(108, 108, 108), bg: Rgb(28, 28, 28), underline: Reset, modifier: NONE,
        x: 75, y: 9, fg: Reset, bg: Rgb(28, 28, 28), underline: Reset, modifier: NONE,
        x: 86, y: 9, fg: Reset, bg: Rgb(20, 20, 20), underline: Reset, modifier: NONE,
        x: 15, y: 10, fg: Reset, bg: Rgb(28, 28, 28), underline: Reset, modifier: NONE,
        x: 16, y: 10, fg: Rgb(225, 225, 225), bg: Rgb(28, 28, 28), underline: Reset, modifier: NONE,
        x: 22, y: 10, fg: Reset, bg: Rgb(28, 28, 28), underline: Reset, modifier: NONE,
        x: 29, y: 10, fg: Rgb(108, 108, 108), bg: Rgb(28, 28, 28), underline: Reset, modifier: NONE,
        x: 60, y: 10, fg: Reset, bg: Rgb(28, 28, 28), underline: Reset, modifier: NONE,
        x: 86, y: 10, fg: Reset, bg: Rgb(20, 20, 20), underline: Reset, modifier: NONE,
        x: 15, y: 11, fg: Reset, bg: Rgb(28, 28, 28), underline: Reset, modifier: NONE,
        x: 16, y: 11, fg: Rgb(225, 225, 225), bg: Rgb(28, 28, 28), underline: Reset, modifier: NONE,
        x: 24, y: 11, fg: Reset, bg: Rgb(28, 28, 28), underline: Reset, modifier: NONE,
        x: 29, y: 11, fg: Rgb(108, 108, 108), bg: Rgb(28, 28, 28), underline: Reset, modifier: NONE,
        x: 47, y: 11, fg: Reset, bg: Rgb(28, 28, 28), underline: Reset, modifier: NONE,
        x: 86, y: 11, fg: Reset, bg: Rgb(20, 20, 20), underline: Reset, modifier: NONE,
        x: 15, y: 12, fg: Reset, bg: Rgb(28, 28, 28), underline: Reset, modifier: NONE,
        x: 16, y: 12, fg: Rgb(225, 225, 225), bg: Rgb(28, 28, 28), underline: Reset, modifier: NONE,
        x: 21, y: 12, fg: Reset, bg: Rgb(28, 28, 28), underline: Reset, modifier: NONE,
        x: 29, y: 12, fg: Rgb(108, 108, 108), bg: Rgb(28, 28, 28), underline: Reset, modifier: NONE,
        x: 69, y: 12, fg: Reset, bg: Rgb(28, 28, 28), underline: Reset, modifier: NONE,
        x: 86, y: 12, fg: Reset, bg: Rgb(20, 20, 20), underline: Reset, modifier: NONE,
        x: 15, y: 13, fg: Reset, bg: Rgb(28, 28, 28), underline: Reset, modifier: NONE,
        x: 16, y: 13, fg: Rgb(225, 225, 225), bg: Rgb(28, 28, 28), underline: Reset, modifier: NONE,
        x: 26, y: 13, fg: Reset, bg: Rgb(28, 28, 28), underline: Reset, modifier: NONE,
        x: 29, y: 13, fg: Rgb(108, 108, 108), bg: Rgb(28, 28, 28), underline: Reset, modifier: NONE,
        x: 51, y: 13, fg: Reset, bg: Rgb(28, 28, 28), underline: Reset, modifier: NONE,
        x: 86, y: 13, fg: Reset, bg: Rgb(20, 20, 20), underline: Reset, modifier: NONE,
        x: 15, y: 14, fg: Reset, bg: Rgb(28, 28, 28), underline: Reset, modifier: NONE,
        x: 16, y: 14, fg: Rgb(225, 225, 225), bg: Rgb(28, 28, 28), underline: Reset, modifier: NONE,
        x: 21, y: 14, fg: Reset, bg: Rgb(28, 28, 28), underline: Reset, modifier: NONE,
        x: 29, y: 14, fg: Rgb(108, 108, 108), bg: Rgb(28, 28, 28), underline: Reset, modifier: NONE,
        x: 49, y: 14, fg: Reset, bg: Rgb(28, 28, 28), underline: Reset, modifier: NONE,
        x: 86, y: 14, fg: Reset, bg: Rgb(20, 20, 20), underline: Reset, modifier: NONE,
        x: 15, y: 15, fg: Reset, bg: Rgb(28, 28, 28), underline: Reset, modifier: NONE,
        x: 16, y: 15, fg: Rgb(225, 225, 225), bg: Rgb(28, 28, 28), underline: Reset, modifier: NONE,
        x: 23, y: 15, fg: Reset, bg: Rgb(28, 28, 28), underline: Reset, modifier: NONE,
        x: 29, y: 15, fg: Rgb(108, 108, 108), bg: Rgb(28, 28, 28), underline: Reset, modifier: NONE,
        x: 68, y: 15, fg: Reset, bg: Rgb(28, 28, 28), underline: Reset, modifier: NONE,
        x: 86, y: 15, fg: Reset, bg: Rgb(20, 20, 20), underline: Reset, modifier: NONE,
        x: 15, y: 16, fg: Reset, bg: Rgb(28, 28, 28), underline: Reset, modifier: NONE,
        x: 16, y: 16, fg: Rgb(225, 225, 225), bg: Rgb(28, 28, 28), underline: Reset, modifier: NONE,
        x: 23, y: 16, fg: Reset, bg: Rgb(28, 28, 28), underline: Reset, modifier: NONE,
        x: 29, y: 16, fg: Rgb(108, 108, 108), bg: Rgb(28, 28, 28), underline: Reset, modifier: NONE,
        x: 47, y: 16, fg: Reset, bg: Rgb(28, 28, 28), underline: Reset, modifier: NONE,
        x: 86, y: 16, fg: Reset, bg: Rgb(20, 20, 20), underline: Reset, modifier: NONE,
        x: 15, y: 17, fg: Reset, bg: Rgb(28, 28, 28), underline: Reset, modifier: NONE,
        x: 16, y: 17, fg: Rgb(225, 225, 225), bg: Rgb(28, 28, 28), underline: Reset, modifier: NONE,
        x: 21, y: 17, fg: Reset, bg: Rgb(28, 28, 28), underline: Reset, modifier: NONE,
        x: 29, y: 17, fg: Rgb(108, 108, 108), bg: Rgb(28, 28, 28), underline: Reset, modifier: NONE,
        x: 41, y: 17, fg: Reset, bg: Rgb(28, 28, 28), underline: Reset, modifier: NONE,
        x: 86, y: 17, fg: Reset, bg: Rgb(20, 20, 20), underline: Reset, modifier: NONE,
        x: 12, y: 18, fg: Rgb(80, 80, 88), bg: Rgb(20, 20, 20), underline: Reset, modifier: NONE,
        x: 88, y: 18, fg: Reset, bg: Rgb(20, 20, 20), underline: Reset, modifier: NONE,
        x: 12, y: 19, fg: Rgb(80, 80, 88), bg: Rgb(20, 20, 20), underline: Reset, modifier: NONE,
        x: 13, y: 19, fg: Rgb(200, 200, 200), bg: Rgb(20, 20, 20), underline: Reset, modifier: NONE,
        x: 16, y: 19, fg: Rgb(225, 225, 225), bg: Rgb(20, 20, 20), underline: Reset, modifier: NONE,
        x: 17, y: 19, fg: Reset, bg: Rgb(20, 20, 20), underline: Reset, modifier: NONE,
        x: 87, y: 19, fg: Rgb(80, 80, 88), bg: Rgb(20, 20, 20), underline: Reset, modifier: NONE,
        x: 88, y: 19, fg: Reset, bg: Rgb(20, 20, 20), underline: Reset, modifier: NONE,
        x: 12, y: 20, fg: Rgb(80, 80, 88), bg: Rgb(20, 20, 20), underline: Reset, modifier: NONE,
        x: 77, y: 20, fg: Rgb(128, 128, 128), bg: Rgb(20, 20, 20), underline: Reset, modifier: NONE,
        x: 87, y: 20, fg: Rgb(80, 80, 88), bg: Rgb(20, 20, 20), underline: Reset, modifier: NONE,
        x: 88, y: 20, fg: Reset, bg: Rgb(20, 20, 20), underline: Reset, modifier: NONE,
        x: 12, y: 22, fg: Rgb(225, 225, 225), bg: Rgb(20, 20, 20), underline: Reset, modifier: BOLD,
        x: 17, y: 22, fg: Rgb(108, 108, 108), bg: Rgb(20, 20, 20), underline: Reset, modifier: NONE,
        x: 22, y: 22, fg: Rgb(108, 108, 108), bg: Rgb(20, 20, 20), underline: Reset, modifier: DIM,
        x: 27, y: 22, fg: Rgb(225, 225, 225), bg: Rgb(20, 20, 20), underline: Reset, modifier: BOLD,
        x: 36, y: 22, fg: Rgb(108, 108, 108), bg: Rgb(20, 20, 20), underline: Reset, modifier: NONE,
        x: 41, y: 22, fg: Rgb(108, 108, 108), bg: Rgb(20, 20, 20), underline: Reset, modifier: DIM,
        x: 46, y: 22, fg: Rgb(225, 225, 225), bg: Rgb(20, 20, 20), underline: Reset, modifier: BOLD,
        x: 52, y: 22, fg: Rgb(108, 108, 108), bg: Rgb(20, 20, 20), underline: Reset, modifier: NONE,
        x: 62, y: 22, fg: Reset, bg: Rgb(20, 20, 20), underline: Reset, modifier: NONE,
    ]
}
