---
source: crates/harness-tui/src/lib.rs
expression: normalized
---
Buffer {
    area: Rect { x: 0, y: 0, width: 80, height: 24 },
    content: [
        "Harness Â· run_fixture Â· default/default Â· model-1                               ",
        "âConversation (following)âââââââââââââââââââââââââââââââââââââââââââââââââââââââ",
        "â â assistant Â· done Â· mock/model-1 Â· current                                  â",
        "â   hello world                                                                â",
        "â                                                                              â",
        "â                                                                              â",
        "â                                                                              â",
        "â                                                                              â",
        "â                                                                              â",
        "â                                                                              â",
        "â                                                                              â",
        "â                                                                              â",
        "â                                                                              â",
        "â                                                                              â",
        "â                                                                              â",
        "â                                                                              â",
        "â                                                                              â",
        "ââââââââââââââââââââââââââââââââââââââââââââââââââââââââââââââââââââââââââââââââ",
        "Ready Â· turn 1/1 Â· req_1 Â· mock/model-1                                         ",
        "âComposer (2 lines Â· 0 chars) (focused)âââââââââââââââââââââââââââââââââââââââââ",
        "ââ                                                                             â",
        "â                                                                              â",
        "ââââââââââââââââââââââââââââââââââââââââââââââââââââââââââââââââââââââââââââââââ",
        "Enter send   â§âµ nl   i details   2 ev   3 diff   4 help   q quit                ",
    ],
    styles: [
        x: 0, y: 0, fg: Rgb(152, 164, 179), bg: Rgb(17, 22, 30), underline: Reset, modifier: NONE,
        x: 0, y: 1, fg: Rgb(43, 53, 65), bg: Rgb(13, 17, 23), underline: Reset, modifier: NONE,
        x: 1, y: 1, fg: Rgb(158, 183, 217), bg: Rgb(13, 17, 23), underline: Reset, modifier: NONE,
        x: 25, y: 1, fg: Rgb(43, 53, 65), bg: Rgb(13, 17, 23), underline: Reset, modifier: NONE,
        x: 1, y: 2, fg: Reset, bg: Rgb(13, 17, 23), underline: Reset, modifier: NONE,
        x: 2, y: 2, fg: Rgb(59, 162, 85), bg: Rgb(13, 17, 23), underline: Reset, modifier: NONE,
        x: 4, y: 2, fg: Rgb(88, 155, 249), bg: Rgb(13, 17, 23), underline: Reset, modifier: BOLD,
        x: 13, y: 2, fg: Rgb(160, 171, 184), bg: Rgb(13, 17, 23), underline: Reset, modifier: NONE,
        x: 45, y: 2, fg: Rgb(230, 233, 239), bg: Rgb(13, 17, 23), underline: Reset, modifier: NONE,
        x: 78, y: 2, fg: Reset, bg: Rgb(13, 17, 23), underline: Reset, modifier: NONE,
        x: 79, y: 2, fg: Rgb(43, 53, 65), bg: Rgb(13, 17, 23), underline: Reset, modifier: NONE,
        x: 1, y: 3, fg: Reset, bg: Rgb(13, 17, 23), underline: Reset, modifier: NONE,
        x: 2, y: 3, fg: Rgb(230, 233, 239), bg: Rgb(13, 17, 23), underline: Reset, modifier: NONE,
        x: 78, y: 3, fg: Reset, bg: Rgb(13, 17, 23), underline: Reset, modifier: NONE,
        x: 79, y: 3, fg: Rgb(43, 53, 65), bg: Rgb(13, 17, 23), underline: Reset, modifier: NONE,
        x: 1, y: 4, fg: Reset, bg: Rgb(13, 17, 23), underline: Reset, modifier: NONE,
        x: 2, y: 4, fg: Rgb(230, 233, 239), bg: Rgb(13, 17, 23), underline: Reset, modifier: NONE,
        x: 78, y: 4, fg: Reset, bg: Rgb(13, 17, 23), underline: Reset, modifier: NONE,
        x: 79, y: 4, fg: Rgb(43, 53, 65), bg: Rgb(13, 17, 23), underline: Reset, modifier: NONE,
        x: 1, y: 5, fg: Reset, bg: Rgb(13, 17, 23), underline: Reset, modifier: NONE,
        x: 2, y: 5, fg: Rgb(230, 233, 239), bg: Rgb(13, 17, 23), underline: Reset, modifier: NONE,
        x: 78, y: 5, fg: Reset, bg: Rgb(13, 17, 23), underline: Reset, modifier: NONE,
        x: 79, y: 5, fg: Rgb(43, 53, 65), bg: Rgb(13, 17, 23), underline: Reset, modifier: NONE,
        x: 1, y: 6, fg: Reset, bg: Rgb(13, 17, 23), underline: Reset, modifier: NONE,
        x: 2, y: 6, fg: Rgb(230, 233, 239), bg: Rgb(13, 17, 23), underline: Reset, modifier: NONE,
        x: 78, y: 6, fg: Reset, bg: Rgb(13, 17, 23), underline: Reset, modifier: NONE,
        x: 79, y: 6, fg: Rgb(43, 53, 65), bg: Rgb(13, 17, 23), underline: Reset, modifier: NONE,
        x: 1, y: 7, fg: Reset, bg: Rgb(13, 17, 23), underline: Reset, modifier: NONE,
        x: 2, y: 7, fg: Rgb(230, 233, 239), bg: Rgb(13, 17, 23), underline: Reset, modifier: NONE,
        x: 78, y: 7, fg: Reset, bg: Rgb(13, 17, 23), underline: Reset, modifier: NONE,
        x: 79, y: 7, fg: Rgb(43, 53, 65), bg: Rgb(13, 17, 23), underline: Reset, modifier: NONE,
        x: 1, y: 8, fg: Reset, bg: Rgb(13, 17, 23), underline: Reset, modifier: NONE,
        x: 2, y: 8, fg: Rgb(230, 233, 239), bg: Rgb(13, 17, 23), underline: Reset, modifier: NONE,
        x: 78, y: 8, fg: Reset, bg: Rgb(13, 17, 23), underline: Reset, modifier: NONE,
        x: 79, y: 8, fg: Rgb(43, 53, 65), bg: Rgb(13, 17, 23), underline: Reset, modifier: NONE,
        x: 1, y: 9, fg: Reset, bg: Rgb(13, 17, 23), underline: Reset, modifier: NONE,
        x: 2, y: 9, fg: Rgb(230, 233, 239), bg: Rgb(13, 17, 23), underline: Reset, modifier: NONE,
        x: 78, y: 9, fg: Reset, bg: Rgb(13, 17, 23), underline: Reset, modifier: NONE,
        x: 79, y: 9, fg: Rgb(43, 53, 65), bg: Rgb(13, 17, 23), underline: Reset, modifier: NONE,
        x: 1, y: 10, fg: Reset, bg: Rgb(13, 17, 23), underline: Reset, modifier: NONE,
        x: 2, y: 10, fg: Rgb(230, 233, 239), bg: Rgb(13, 17, 23), underline: Reset, modifier: NONE,
        x: 78, y: 10, fg: Reset, bg: Rgb(13, 17, 23), underline: Reset, modifier: NONE,
        x: 79, y: 10, fg: Rgb(43, 53, 65), bg: Rgb(13, 17, 23), underline: Reset, modifier: NONE,
        x: 1, y: 11, fg: Reset, bg: Rgb(13, 17, 23), underline: Reset, modifier: NONE,
        x: 2, y: 11, fg: Rgb(230, 233, 239), bg: Rgb(13, 17, 23), underline: Reset, modifier: NONE,
        x: 78, y: 11, fg: Reset, bg: Rgb(13, 17, 23), underline: Reset, modifier: NONE,
        x: 79, y: 11, fg: Rgb(43, 53, 65), bg: Rgb(13, 17, 23), underline: Reset, modifier: NONE,
        x: 1, y: 12, fg: Reset, bg: Rgb(13, 17, 23), underline: Reset, modifier: NONE,
        x: 2, y: 12, fg: Rgb(230, 233, 239), bg: Rgb(13, 17, 23), underline: Reset, modifier: NONE,
        x: 78, y: 12, fg: Reset, bg: Rgb(13, 17, 23), underline: Reset, modifier: NONE,
        x: 79, y: 12, fg: Rgb(43, 53, 65), bg: Rgb(13, 17, 23), underline: Reset, modifier: NONE,
        x: 1, y: 13, fg: Reset, bg: Rgb(13, 17, 23), underline: Reset, modifier: NONE,
        x: 2, y: 13, fg: Rgb(230, 233, 239), bg: Rgb(13, 17, 23), underline: Reset, modifier: NONE,
        x: 78, y: 13, fg: Reset, bg: Rgb(13, 17, 23), underline: Reset, modifier: NONE,
        x: 79, y: 13, fg: Rgb(43, 53, 65), bg: Rgb(13, 17, 23), underline: Reset, modifier: NONE,
        x: 1, y: 14, fg: Reset, bg: Rgb(13, 17, 23), underline: Reset, modifier: NONE,
        x: 2, y: 14, fg: Rgb(230, 233, 239), bg: Rgb(13, 17, 23), underline: Reset, modifier: NONE,
        x: 78, y: 14, fg: Reset, bg: Rgb(13, 17, 23), underline: Reset, modifier: NONE,
        x: 79, y: 14, fg: Rgb(43, 53, 65), bg: Rgb(13, 17, 23), underline: Reset, modifier: NONE,
        x: 1, y: 15, fg: Reset, bg: Rgb(13, 17, 23), underline: Reset, modifier: NONE,
        x: 2, y: 15, fg: Rgb(230, 233, 239), bg: Rgb(13, 17, 23), underline: Reset, modifier: NONE,
        x: 78, y: 15, fg: Reset, bg: Rgb(13, 17, 23), underline: Reset, modifier: NONE,
        x: 79, y: 15, fg: Rgb(43, 53, 65), bg: Rgb(13, 17, 23), underline: Reset, modifier: NONE,
        x: 1, y: 16, fg: Reset, bg: Rgb(13, 17, 23), underline: Reset, modifier: NONE,
        x: 2, y: 16, fg: Rgb(230, 233, 239), bg: Rgb(13, 17, 23), underline: Reset, modifier: NONE,
        x: 78, y: 16, fg: Reset, bg: Rgb(13, 17, 23), underline: Reset, modifier: NONE,
        x: 79, y: 16, fg: Rgb(43, 53, 65), bg: Rgb(13, 17, 23), underline: Reset, modifier: NONE,
        x: 0, y: 18, fg: Rgb(59, 162, 85), bg: Rgb(17, 22, 30), underline: Reset, modifier: BOLD,
        x: 5, y: 18, fg: Rgb(126, 137, 153), bg: Rgb(17, 22, 30), underline: Reset, modifier: NONE,
        x: 0, y: 19, fg: Rgb(88, 155, 249), bg: Rgb(13, 17, 23), underline: Reset, modifier: NONE,
        x: 1, y: 19, fg: Rgb(158, 183, 217), bg: Rgb(13, 17, 23), underline: Reset, modifier: NONE,
        x: 39, y: 19, fg: Rgb(88, 155, 249), bg: Rgb(13, 17, 23), underline: Reset, modifier: NONE,
        x: 1, y: 20, fg: Rgb(230, 233, 239), bg: Rgb(13, 17, 23), underline: Reset, modifier: NONE,
        x: 79, y: 20, fg: Rgb(88, 155, 249), bg: Rgb(13, 17, 23), underline: Reset, modifier: NONE,
        x: 1, y: 21, fg: Rgb(230, 233, 239), bg: Rgb(13, 17, 23), underline: Reset, modifier: NONE,
        x: 79, y: 21, fg: Rgb(88, 155, 249), bg: Rgb(13, 17, 23), underline: Reset, modifier: NONE,
        x: 0, y: 23, fg: Rgb(126, 137, 153), bg: Rgb(13, 17, 23), underline: Reset, modifier: NONE,
    ]
}
