---
source: crates/harness-tui/src/tests.rs
expression: normalized
---
Buffer {
    area: Rect { x: 0, y: 0, width: 80, height: 24 },
    content: [
        "run run_fixture Â· default/local Â· -                                             ",
        "                                                                                ",
        "  î  ui-ux-experiments ~/Projects/agent-harness/crates/harness-tui               ",
        "                                                                                ",
        "                                                                                ",
        "                                                                                ",
        "                                                                                ",
        "                                                                                ",
        "                                                                                ",
        "                                                                                ",
        "                                                                                ",
        "                                                                                ",
        "                                                                                ",
        "                                                                                ",
        "                                                                                ",
        "                                                                                ",
        "                                                                                ",
        "                                                                                ",
        "  â  Allow Edit to demo.txt?                                                    ",
        "  â                                                                             ",
        "  â  1 (â) Yes, and don't ask again for anything (always-approve mode)          ",
        "  â  2 (â) Yes                                                                  ",
        "  â  3 (â) No, reject (type to add feedback)                                    ",
        "  1/3:select  â  enter:confirm  â  Ctrl+n:deny                                  ",
    ],
    styles: [
        x: 0, y: 0, fg: Rgb(92, 156, 245), bg: Reset, underline: Reset, modifier: NONE,
        x: 0, y: 1, fg: Reset, bg: Reset, underline: Reset, modifier: NONE,
        x: 0, y: 2, fg: Reset, bg: Reset, underline: Reset, modifier: DIM,
        x: 0, y: 3, fg: Reset, bg: Reset, underline: Reset, modifier: NONE,
        x: 2, y: 18, fg: Rgb(229, 192, 123), bg: Rgb(18, 22, 30), underline: Reset, modifier: NONE,
        x: 3, y: 18, fg: Reset, bg: Rgb(18, 22, 30), underline: Reset, modifier: NONE,
        x: 5, y: 18, fg: Rgb(215, 218, 224), bg: Rgb(18, 22, 30), underline: Reset, modifier: BOLD,
        x: 28, y: 18, fg: Reset, bg: Rgb(18, 22, 30), underline: Reset, modifier: NONE,
        x: 78, y: 18, fg: Reset, bg: Reset, underline: Reset, modifier: NONE,
        x: 2, y: 19, fg: Rgb(229, 192, 123), bg: Rgb(18, 22, 30), underline: Reset, modifier: NONE,
        x: 3, y: 19, fg: Reset, bg: Rgb(18, 22, 30), underline: Reset, modifier: NONE,
        x: 78, y: 19, fg: Reset, bg: Reset, underline: Reset, modifier: NONE,
        x: 2, y: 20, fg: Rgb(229, 192, 123), bg: Rgb(18, 22, 30), underline: Reset, modifier: NONE,
        x: 3, y: 20, fg: Reset, bg: Rgb(18, 22, 30), underline: Reset, modifier: NONE,
        x: 5, y: 20, fg: Rgb(11, 14, 20), bg: Rgb(229, 192, 123), underline: Reset, modifier: NONE,
        x: 70, y: 20, fg: Reset, bg: Rgb(18, 22, 30), underline: Reset, modifier: NONE,
        x: 78, y: 20, fg: Reset, bg: Reset, underline: Reset, modifier: NONE,
        x: 2, y: 21, fg: Rgb(229, 192, 123), bg: Rgb(18, 22, 30), underline: Reset, modifier: NONE,
        x: 3, y: 21, fg: Reset, bg: Rgb(18, 22, 30), underline: Reset, modifier: NONE,
        x: 5, y: 21, fg: Rgb(136, 139, 145), bg: Rgb(18, 22, 30), underline: Reset, modifier: NONE,
        x: 14, y: 21, fg: Reset, bg: Rgb(18, 22, 30), underline: Reset, modifier: NONE,
        x: 78, y: 21, fg: Reset, bg: Reset, underline: Reset, modifier: NONE,
        x: 2, y: 22, fg: Rgb(229, 192, 123), bg: Rgb(18, 22, 30), underline: Reset, modifier: NONE,
        x: 3, y: 22, fg: Reset, bg: Rgb(18, 22, 30), underline: Reset, modifier: NONE,
        x: 5, y: 22, fg: Rgb(136, 139, 145), bg: Rgb(18, 22, 30), underline: Reset, modifier: NONE,
        x: 44, y: 22, fg: Reset, bg: Rgb(18, 22, 30), underline: Reset, modifier: NONE,
        x: 78, y: 22, fg: Reset, bg: Reset, underline: Reset, modifier: NONE,
        x: 2, y: 23, fg: Rgb(215, 218, 224), bg: Rgb(18, 22, 30), underline: Reset, modifier: NONE,
        x: 12, y: 23, fg: Rgb(136, 139, 145), bg: Rgb(18, 22, 30), underline: Reset, modifier: NONE,
        x: 17, y: 23, fg: Rgb(215, 218, 224), bg: Rgb(18, 22, 30), underline: Reset, modifier: NONE,
        x: 30, y: 23, fg: Rgb(136, 139, 145), bg: Rgb(18, 22, 30), underline: Reset, modifier: NONE,
        x: 35, y: 23, fg: Rgb(215, 218, 224), bg: Rgb(18, 22, 30), underline: Reset, modifier: NONE,
        x: 46, y: 23, fg: Reset, bg: Rgb(18, 22, 30), underline: Reset, modifier: NONE,
        x: 78, y: 23, fg: Reset, bg: Reset, underline: Reset, modifier: NONE,
    ]
}
