---
source: crates/harness-tui/src/lib.rs
expression: "render_live_lines(&app, 80, 24)"
---
 Harness · unknown · unknown/unknown · -                                        
 ┌Conversation (following)────────────────────────────────────────────────────┐ 
 │                                                                            │ 
 │                                                                            │ 
 │                                                                            │ 
 │                                                                            │ 
 │                                                                            │ 
 │                                                                            │ 
 │                                                                            │ 
 │                                                                            │ 
 │                                                                            │ 
 │ Inspect code, make edits, or explain failures.                             │ 
 │                                                                            │ 
 │ › inspect src/ui.rs                                                        │ 
 │ › trace the failing test                                                   │ 
 │ › review the current diff                                                  │ 
 │                                                                            │ 
 │ Enter send · Shift+Enter newline · ↑/↓ history                             │ 
 └────────────────────────────────────────────────────────────────────────────┘ 
 Ready · ready for first turn                                                   
 ┌Composer (1 line · 12 chars) (focused)──────────────────────────────────────┐ 
 │draft prompt█                                                               │ 
 └────────────────────────────────────────────────────────────────────────────┘ 
 Enter send  Shift+Enter nl  i details  2 events  3 diff  4 help  q quit
