---
source: crates/harness-tui/src/lib.rs
expression: normalized
---
Buffer {
    area: Rect { x: 0, y: 0, width: 80, height: 24 },
    content: [
        "                                                                                ",
        "                                                                                ",
        "                                                                                ",
        "                                                                                ",
        "                                                                                ",
        "                                                                                ",
        "                                                                                ",
        "           ââ· Permission Requestedâââââââââââââââââââââââââââââââââââ           ",
        "           â FAIL CLOSED    SESSION PAUSED    EDIT FS               â           ",
        "           âApply hashline edit to demo.txt                         â           ",
        "           âtool call tool_call_1 Â· digest digest-perm              â           ",
        "           âdefault deny Â· timeout 30s Â· draft preserved            â           ",
        "           âDraft preserved beneath this checkpoint.                â           ",
        "           âAllow once continues the run; deny keeps it fail-closed.â           ",
        "           â       Ctrl+n deny   Esc later   Ctrl+y allow once      â           ",
        "           ââââââââââââââââââââââââââââââââââââââââââââââââââââââââââ           ",
        "                                                                                ",
        "                                                                                ",
        "                                                                                ",
        "                                                                                ",
        "                                                                                ",
        "                                                                                ",
        "                                                                                ",
        "                                                                                ",
    ],
    styles: [
        x: 0, y: 0, fg: Reset, bg: Rgb(5, 5, 5), underline: Reset, modifier: NONE,
        x: 11, y: 7, fg: Rgb(201, 162, 39), bg: Rgb(23, 24, 26), underline: Reset, modifier: NONE,
        x: 14, y: 7, fg: Rgb(212, 139, 23), bg: Rgb(23, 24, 26), underline: Reset, modifier: BOLD,
        x: 34, y: 7, fg: Rgb(201, 162, 39), bg: Rgb(23, 24, 26), underline: Reset, modifier: NONE,
        x: 69, y: 7, fg: Reset, bg: Rgb(5, 5, 5), underline: Reset, modifier: NONE,
        x: 11, y: 8, fg: Rgb(201, 162, 39), bg: Rgb(23, 24, 26), underline: Reset, modifier: NONE,
        x: 12, y: 8, fg: Rgb(5, 5, 5), bg: Rgb(217, 106, 106), underline: Reset, modifier: BOLD,
        x: 25, y: 8, fg: Rgb(140, 136, 131), bg: Rgb(23, 24, 26), underline: Reset, modifier: NONE,
        x: 27, y: 8, fg: Rgb(5, 5, 5), bg: Rgb(201, 162, 39), underline: Reset, modifier: BOLD,
        x: 43, y: 8, fg: Rgb(140, 136, 131), bg: Rgb(23, 24, 26), underline: Reset, modifier: NONE,
        x: 45, y: 8, fg: Rgb(5, 5, 5), bg: Rgb(212, 139, 23), underline: Reset, modifier: BOLD,
        x: 54, y: 8, fg: Rgb(140, 136, 131), bg: Rgb(23, 24, 26), underline: Reset, modifier: NONE,
        x: 68, y: 8, fg: Rgb(201, 162, 39), bg: Rgb(23, 24, 26), underline: Reset, modifier: NONE,
        x: 69, y: 8, fg: Reset, bg: Rgb(5, 5, 5), underline: Reset, modifier: NONE,
        x: 11, y: 9, fg: Rgb(201, 162, 39), bg: Rgb(23, 24, 26), underline: Reset, modifier: NONE,
        x: 12, y: 9, fg: Rgb(231, 227, 222), bg: Rgb(23, 24, 26), underline: Reset, modifier: BOLD,
        x: 43, y: 9, fg: Rgb(231, 227, 222), bg: Rgb(23, 24, 26), underline: Reset, modifier: NONE,
        x: 68, y: 9, fg: Rgb(201, 162, 39), bg: Rgb(23, 24, 26), underline: Reset, modifier: NONE,
        x: 69, y: 9, fg: Reset, bg: Rgb(5, 5, 5), underline: Reset, modifier: NONE,
        x: 11, y: 10, fg: Rgb(201, 162, 39), bg: Rgb(23, 24, 26), underline: Reset, modifier: NONE,
        x: 12, y: 10, fg: Rgb(140, 136, 131), bg: Rgb(23, 24, 26), underline: Reset, modifier: NONE,
        x: 54, y: 10, fg: Rgb(231, 227, 222), bg: Rgb(23, 24, 26), underline: Reset, modifier: NONE,
        x: 68, y: 10, fg: Rgb(201, 162, 39), bg: Rgb(23, 24, 26), underline: Reset, modifier: NONE,
        x: 69, y: 10, fg: Reset, bg: Rgb(5, 5, 5), underline: Reset, modifier: NONE,
        x: 11, y: 11, fg: Rgb(201, 162, 39), bg: Rgb(23, 24, 26), underline: Reset, modifier: NONE,
        x: 12, y: 11, fg: Rgb(140, 136, 131), bg: Rgb(23, 24, 26), underline: Reset, modifier: NONE,
        x: 56, y: 11, fg: Rgb(231, 227, 222), bg: Rgb(23, 24, 26), underline: Reset, modifier: NONE,
        x: 68, y: 11, fg: Rgb(201, 162, 39), bg: Rgb(23, 24, 26), underline: Reset, modifier: NONE,
        x: 69, y: 11, fg: Reset, bg: Rgb(5, 5, 5), underline: Reset, modifier: NONE,
        x: 11, y: 12, fg: Rgb(201, 162, 39), bg: Rgb(23, 24, 26), underline: Reset, modifier: NONE,
        x: 12, y: 12, fg: Rgb(140, 136, 131), bg: Rgb(23, 24, 26), underline: Reset, modifier: NONE,
        x: 52, y: 12, fg: Rgb(231, 227, 222), bg: Rgb(23, 24, 26), underline: Reset, modifier: NONE,
        x: 68, y: 12, fg: Rgb(201, 162, 39), bg: Rgb(23, 24, 26), underline: Reset, modifier: NONE,
        x: 69, y: 12, fg: Reset, bg: Rgb(5, 5, 5), underline: Reset, modifier: NONE,
        x: 11, y: 13, fg: Rgb(201, 162, 39), bg: Rgb(23, 24, 26), underline: Reset, modifier: NONE,
        x: 12, y: 13, fg: Rgb(140, 136, 131), bg: Rgb(23, 24, 26), underline: Reset, modifier: NONE,
        x: 68, y: 13, fg: Rgb(201, 162, 39), bg: Rgb(23, 24, 26), underline: Reset, modifier: NONE,
        x: 69, y: 13, fg: Reset, bg: Rgb(5, 5, 5), underline: Reset, modifier: NONE,
        x: 11, y: 14, fg: Rgb(201, 162, 39), bg: Rgb(23, 24, 26), underline: Reset, modifier: NONE,
        x: 12, y: 14, fg: Rgb(140, 136, 131), bg: Rgb(23, 24, 26), underline: Reset, modifier: NONE,
        x: 18, y: 14, fg: Rgb(5, 5, 5), bg: Rgb(217, 106, 106), underline: Reset, modifier: BOLD,
        x: 31, y: 14, fg: Rgb(140, 136, 131), bg: Rgb(23, 24, 26), underline: Reset, modifier: NONE,
        x: 44, y: 14, fg: Rgb(5, 5, 5), bg: Rgb(212, 139, 23), underline: Reset, modifier: BOLD,
        x: 63, y: 14, fg: Rgb(140, 136, 131), bg: Rgb(23, 24, 26), underline: Reset, modifier: NONE,
        x: 68, y: 14, fg: Rgb(201, 162, 39), bg: Rgb(23, 24, 26), underline: Reset, modifier: NONE,
        x: 69, y: 14, fg: Reset, bg: Rgb(5, 5, 5), underline: Reset, modifier: NONE,
        x: 11, y: 15, fg: Rgb(201, 162, 39), bg: Rgb(23, 24, 26), underline: Reset, modifier: NONE,
        x: 69, y: 15, fg: Reset, bg: Rgb(5, 5, 5), underline: Reset, modifier: NONE,
    ]
}
