---
source: crates/harness-tui/src/tests.rs
expression: normalized
---
Buffer {
    area: Rect { x: 0, y: 0, width: 120, height: 30 },
    content: [
        "                                                                                                                        ",
        "  â                                                                                                                     ",
        "  â  Match harness tool spacing                                                                                         ",
        "  â                                                                                                                     ",
        "                                                                                                                        ",
        "     Gathered context Â· 1 read Â· 2 searches Â· 1 list  â¸                                                                 ",
        "                                                                                                                        ",
        "     $ cargo test -p harness-tui ui::ui_transcript::  â¸                                                                 ",
        "      exit code: 1                                                                                                      ",
        "      stderr: snapshot mismatch                                                                                         ",
        "                                                                                                                        ",
        "     Thought: 15ms                                                                                                      ",
        "                                                                                                                        ",
        "     The grouped context rows need to stay compact before the visible shell block.                                      ",
        "                                                                                                                        ",
        "                                                                                                                        ",
        "     I matched the body-to-tool and tool-to-body spacing to the harness shell.                                          ",
        "                                                                                                                        ",
        "     âª Assistant Â· gpt-5-codex Â· 15ms                                                                                   ",
        "                                                                                                                        ",
        "                                                                                                                        ",
        "                                                                                                                        ",
        "                                                                                                                        ",
        "                                                                                                                        ",
        "â                                                                                                                       ",
        "â                                                                                                                       ",
        "â                                                                                                                       ",
        "â  gpt-5-codex openai                                                                                                   ",
        "â¹âââââââââââââââââââââââââââââââââââââââââââââââââââââââââââââââââââââââââââââââââââââââââââââââââââââââââââââââââââââââ",
        "turn 1 Â· ready for next turn                                               Ctrl+Tab focus  Â·  Ctrl+p commands  Â·  q quit",
    ],
    styles: [
        x: 0, y: 0, fg: Reset, bg: Rgb(10, 10, 10), underline: Reset, modifier: NONE,
        x: 2, y: 1, fg: Rgb(92, 156, 245), bg: Rgb(20, 20, 20), underline: Reset, modifier: NONE,
        x: 3, y: 1, fg: Rgb(238, 238, 238), bg: Rgb(20, 20, 20), underline: Reset, modifier: NONE,
        x: 116, y: 1, fg: Reset, bg: Rgb(10, 10, 10), underline: Reset, modifier: NONE,
        x: 2, y: 2, fg: Rgb(92, 156, 245), bg: Rgb(20, 20, 20), underline: Reset, modifier: NONE,
        x: 3, y: 2, fg: Rgb(238, 238, 238), bg: Rgb(20, 20, 20), underline: Reset, modifier: NONE,
        x: 116, y: 2, fg: Reset, bg: Rgb(10, 10, 10), underline: Reset, modifier: NONE,
        x: 2, y: 3, fg: Rgb(92, 156, 245), bg: Rgb(20, 20, 20), underline: Reset, modifier: NONE,
        x: 3, y: 3, fg: Rgb(238, 238, 238), bg: Rgb(20, 20, 20), underline: Reset, modifier: NONE,
        x: 116, y: 3, fg: Reset, bg: Rgb(10, 10, 10), underline: Reset, modifier: NONE,
        x: 2, y: 5, fg: Rgb(238, 238, 238), bg: Rgb(10, 10, 10), underline: Reset, modifier: NONE,
        x: 21, y: 5, fg: Rgb(128, 128, 128), bg: Rgb(10, 10, 10), underline: Reset, modifier: NONE,
        x: 55, y: 5, fg: Rgb(238, 238, 238), bg: Rgb(10, 10, 10), underline: Reset, modifier: NONE,
        x: 118, y: 5, fg: Reset, bg: Rgb(10, 10, 10), underline: Reset, modifier: NONE,
        x: 2, y: 7, fg: Rgb(238, 238, 238), bg: Rgb(10, 10, 10), underline: Reset, modifier: NONE,
        x: 5, y: 7, fg: Rgb(128, 128, 128), bg: Rgb(10, 10, 10), underline: Reset, modifier: NONE,
        x: 55, y: 7, fg: Rgb(238, 238, 238), bg: Rgb(10, 10, 10), underline: Reset, modifier: NONE,
        x: 118, y: 7, fg: Reset, bg: Rgb(10, 10, 10), underline: Reset, modifier: NONE,
        x: 2, y: 8, fg: Rgb(238, 238, 238), bg: Rgb(10, 10, 10), underline: Reset, modifier: NONE,
        x: 6, y: 8, fg: Rgb(224, 108, 117), bg: Rgb(10, 10, 10), underline: Reset, modifier: NONE,
        x: 18, y: 8, fg: Rgb(238, 238, 238), bg: Rgb(10, 10, 10), underline: Reset, modifier: NONE,
        x: 118, y: 8, fg: Reset, bg: Rgb(10, 10, 10), underline: Reset, modifier: NONE,
        x: 2, y: 9, fg: Rgb(238, 238, 238), bg: Rgb(10, 10, 10), underline: Reset, modifier: NONE,
        x: 6, y: 9, fg: Rgb(224, 108, 117), bg: Rgb(10, 10, 10), underline: Reset, modifier: NONE,
        x: 31, y: 9, fg: Rgb(238, 238, 238), bg: Rgb(10, 10, 10), underline: Reset, modifier: NONE,
        x: 118, y: 9, fg: Reset, bg: Rgb(10, 10, 10), underline: Reset, modifier: NONE,
        x: 2, y: 10, fg: Rgb(238, 238, 238), bg: Rgb(10, 10, 10), underline: Reset, modifier: NONE,
        x: 118, y: 10, fg: Reset, bg: Rgb(10, 10, 10), underline: Reset, modifier: NONE,
        x: 2, y: 11, fg: Rgb(151, 104, 44), bg: Rgb(10, 10, 10), underline: Reset, modifier: NONE,
        x: 18, y: 11, fg: Rgb(238, 238, 238), bg: Rgb(10, 10, 10), underline: Reset, modifier: NONE,
        x: 118, y: 11, fg: Reset, bg: Rgb(10, 10, 10), underline: Reset, modifier: NONE,
        x: 2, y: 12, fg: Rgb(238, 238, 238), bg: Rgb(10, 10, 10), underline: Reset, modifier: NONE,
        x: 118, y: 12, fg: Reset, bg: Rgb(10, 10, 10), underline: Reset, modifier: NONE,
        x: 2, y: 13, fg: Rgb(128, 128, 128), bg: Rgb(10, 10, 10), underline: Reset, modifier: NONE,
        x: 82, y: 13, fg: Rgb(238, 238, 238), bg: Rgb(10, 10, 10), underline: Reset, modifier: NONE,
        x: 118, y: 13, fg: Reset, bg: Rgb(10, 10, 10), underline: Reset, modifier: NONE,
        x: 2, y: 15, fg: Rgb(238, 238, 238), bg: Rgb(10, 10, 10), underline: Reset, modifier: NONE,
        x: 118, y: 15, fg: Reset, bg: Rgb(10, 10, 10), underline: Reset, modifier: NONE,
        x: 2, y: 16, fg: Rgb(238, 238, 238), bg: Rgb(10, 10, 10), underline: Reset, modifier: NONE,
        x: 118, y: 16, fg: Reset, bg: Rgb(10, 10, 10), underline: Reset, modifier: NONE,
        x: 2, y: 17, fg: Rgb(238, 238, 238), bg: Rgb(10, 10, 10), underline: Reset, modifier: NONE,
        x: 118, y: 17, fg: Reset, bg: Rgb(10, 10, 10), underline: Reset, modifier: NONE,
        x: 2, y: 18, fg: Rgb(238, 238, 238), bg: Rgb(10, 10, 10), underline: Reset, modifier: NONE,
        x: 5, y: 18, fg: Rgb(92, 156, 245), bg: Rgb(10, 10, 10), underline: Reset, modifier: NONE,
        x: 7, y: 18, fg: Rgb(238, 238, 238), bg: Rgb(10, 10, 10), underline: Reset, modifier: NONE,
        x: 16, y: 18, fg: Rgb(128, 128, 128), bg: Rgb(10, 10, 10), underline: Reset, modifier: NONE,
        x: 37, y: 18, fg: Rgb(238, 238, 238), bg: Rgb(10, 10, 10), underline: Reset, modifier: NONE,
        x: 118, y: 18, fg: Reset, bg: Rgb(10, 10, 10), underline: Reset, modifier: NONE,
        x: 0, y: 24, fg: Rgb(92, 156, 245), bg: Rgb(10, 10, 10), underline: Reset, modifier: NONE,
        x: 1, y: 24, fg: Reset, bg: Rgb(30, 30, 30), underline: Reset, modifier: NONE,
        x: 0, y: 25, fg: Rgb(92, 156, 245), bg: Rgb(10, 10, 10), underline: Reset, modifier: NONE,
        x: 1, y: 25, fg: Reset, bg: Rgb(30, 30, 30), underline: Reset, modifier: NONE,
        x: 0, y: 26, fg: Rgb(92, 156, 245), bg: Rgb(10, 10, 10), underline: Reset, modifier: NONE,
        x: 1, y: 26, fg: Reset, bg: Rgb(30, 30, 30), underline: Reset, modifier: NONE,
        x: 0, y: 27, fg: Rgb(92, 156, 245), bg: Rgb(10, 10, 10), underline: Reset, modifier: NONE,
        x: 1, y: 27, fg: Reset, bg: Rgb(30, 30, 30), underline: Reset, modifier: NONE,
        x: 3, y: 27, fg: Rgb(238, 238, 238), bg: Rgb(30, 30, 30), underline: Reset, modifier: NONE,
        x: 14, y: 27, fg: Rgb(128, 128, 128), bg: Rgb(30, 30, 30), underline: Reset, modifier: NONE,
        x: 21, y: 27, fg: Reset, bg: Rgb(30, 30, 30), underline: Reset, modifier: NONE,
        x: 0, y: 28, fg: Rgb(92, 156, 245), bg: Rgb(10, 10, 10), underline: Reset, modifier: NONE,
        x: 1, y: 28, fg: Rgb(30, 30, 30), bg: Rgb(10, 10, 10), underline: Reset, modifier: NONE,
        x: 0, y: 29, fg: Rgb(245, 167, 66), bg: Rgb(10, 10, 10), underline: Reset, modifier: NONE,
        x: 28, y: 29, fg: Reset, bg: Rgb(10, 10, 10), underline: Reset, modifier: NONE,
        x: 75, y: 29, fg: Rgb(238, 238, 238), bg: Rgb(10, 10, 10), underline: Reset, modifier: BOLD,
        x: 83, y: 29, fg: Rgb(128, 128, 128), bg: Rgb(10, 10, 10), underline: Reset, modifier: NONE,
        x: 94, y: 29, fg: Rgb(238, 238, 238), bg: Rgb(10, 10, 10), underline: Reset, modifier: BOLD,
        x: 100, y: 29, fg: Rgb(128, 128, 128), bg: Rgb(10, 10, 10), underline: Reset, modifier: NONE,
        x: 114, y: 29, fg: Rgb(238, 238, 238), bg: Rgb(10, 10, 10), underline: Reset, modifier: BOLD,
        x: 115, y: 29, fg: Rgb(128, 128, 128), bg: Rgb(10, 10, 10), underline: Reset, modifier: NONE,
    ]
}
