---
source: crates/harness-tui/src/lib_tests/startup_lifecycle_surface.rs
expression: "completed_shell_render.lines().map(str::trim_end).collect::<Vec<_>>().join(\"\\n\")"
---

             test-workspace /workspace/agent-harness

            Waiting for first turn…















            ╭──────────────────────────────────────────────────────────────────────────╮
            │ ❯ keep this draft                                                        │
            ╰──────────────────────────────────────────────────────────────── unknown ─╯
            ready for first turn                Tab focus  ·  ? commands  ·  Ctrl+q quit
