---
source: crates/harness-tui/src/tests.rs
expression: normalized
---
Buffer {
    area: Rect { x: 0, y: 0, width: 80, height: 24 },
    content: [
        "  run run_fixture Â· default/local Â· -                                           ",
        "                                                                                ",
        "                                                                                ",
        "                                                                                ",
        "                                                                                ",
        "                                                                                ",
        "                                                                                ",
        "                                                                                ",
        "                                                                                ",
        "                                                                                ",
        "                                                                                ",
        "                                                                                ",
        "  â                                                                             ",
        "  â â³ Permission required                                                       ",
        "  â   â Apply hashline edit to demo.txt                                         ",
        "  â                                                                             ",
        "  â  Apply hashline edit to demo.txt                                            ",
        "  â  call tool_call_1 Â· dig digestâ¦ Â· timeout 30s                               ",
        "  â                                                                             ",
        "  â                                                                             ",
        "  â                                                                             ",
        "  â                                                                             ",
        "  â   Allow once   Allow always   Reject            â select  enter confirm     ",
        "  â                                                                             ",
    ],
    styles: [
        x: 0, y: 0, fg: Reset, bg: Rgb(10, 10, 10), underline: Reset, modifier: NONE,
        x: 2, y: 0, fg: Rgb(92, 156, 245), bg: Rgb(10, 10, 10), underline: Reset, modifier: NONE,
        x: 78, y: 0, fg: Reset, bg: Rgb(10, 10, 10), underline: Reset, modifier: NONE,
        x: 2, y: 12, fg: Rgb(245, 167, 66), bg: Rgb(20, 20, 20), underline: Reset, modifier: NONE,
        x: 3, y: 12, fg: Reset, bg: Rgb(20, 20, 20), underline: Reset, modifier: NONE,
        x: 78, y: 12, fg: Reset, bg: Rgb(10, 10, 10), underline: Reset, modifier: NONE,
        x: 2, y: 13, fg: Rgb(245, 167, 66), bg: Rgb(20, 20, 20), underline: Reset, modifier: NONE,
        x: 3, y: 13, fg: Reset, bg: Rgb(20, 20, 20), underline: Reset, modifier: NONE,
        x: 4, y: 13, fg: Rgb(245, 167, 66), bg: Rgb(20, 20, 20), underline: Reset, modifier: NONE,
        x: 5, y: 13, fg: Reset, bg: Rgb(20, 20, 20), underline: Reset, modifier: NONE,
        x: 6, y: 13, fg: Rgb(238, 238, 238), bg: Rgb(20, 20, 20), underline: Reset, modifier: NONE,
        x: 25, y: 13, fg: Reset, bg: Rgb(20, 20, 20), underline: Reset, modifier: NONE,
        x: 78, y: 13, fg: Reset, bg: Rgb(10, 10, 10), underline: Reset, modifier: NONE,
        x: 2, y: 14, fg: Rgb(245, 167, 66), bg: Rgb(20, 20, 20), underline: Reset, modifier: NONE,
        x: 3, y: 14, fg: Reset, bg: Rgb(20, 20, 20), underline: Reset, modifier: NONE,
        x: 6, y: 14, fg: Rgb(128, 128, 128), bg: Rgb(20, 20, 20), underline: Reset, modifier: NONE,
        x: 7, y: 14, fg: Reset, bg: Rgb(20, 20, 20), underline: Reset, modifier: NONE,
        x: 8, y: 14, fg: Rgb(238, 238, 238), bg: Rgb(20, 20, 20), underline: Reset, modifier: NONE,
        x: 39, y: 14, fg: Reset, bg: Rgb(20, 20, 20), underline: Reset, modifier: NONE,
        x: 78, y: 14, fg: Reset, bg: Rgb(10, 10, 10), underline: Reset, modifier: NONE,
        x: 2, y: 15, fg: Rgb(245, 167, 66), bg: Rgb(20, 20, 20), underline: Reset, modifier: NONE,
        x: 3, y: 15, fg: Reset, bg: Rgb(20, 20, 20), underline: Reset, modifier: NONE,
        x: 78, y: 15, fg: Reset, bg: Rgb(10, 10, 10), underline: Reset, modifier: NONE,
        x: 2, y: 16, fg: Rgb(245, 167, 66), bg: Rgb(20, 20, 20), underline: Reset, modifier: NONE,
        x: 3, y: 16, fg: Reset, bg: Rgb(20, 20, 20), underline: Reset, modifier: NONE,
        x: 5, y: 16, fg: Rgb(238, 238, 238), bg: Rgb(20, 20, 20), underline: Reset, modifier: NONE,
        x: 36, y: 16, fg: Reset, bg: Rgb(20, 20, 20), underline: Reset, modifier: NONE,
        x: 78, y: 16, fg: Reset, bg: Rgb(10, 10, 10), underline: Reset, modifier: NONE,
        x: 2, y: 17, fg: Rgb(245, 167, 66), bg: Rgb(20, 20, 20), underline: Reset, modifier: NONE,
        x: 3, y: 17, fg: Reset, bg: Rgb(20, 20, 20), underline: Reset, modifier: NONE,
        x: 5, y: 17, fg: Rgb(128, 128, 128), bg: Rgb(20, 20, 20), underline: Reset, modifier: NONE,
        x: 49, y: 17, fg: Reset, bg: Rgb(20, 20, 20), underline: Reset, modifier: NONE,
        x: 78, y: 17, fg: Reset, bg: Rgb(10, 10, 10), underline: Reset, modifier: NONE,
        x: 2, y: 18, fg: Rgb(245, 167, 66), bg: Rgb(20, 20, 20), underline: Reset, modifier: NONE,
        x: 3, y: 18, fg: Reset, bg: Rgb(20, 20, 20), underline: Reset, modifier: NONE,
        x: 78, y: 18, fg: Reset, bg: Rgb(10, 10, 10), underline: Reset, modifier: NONE,
        x: 2, y: 19, fg: Rgb(245, 167, 66), bg: Rgb(20, 20, 20), underline: Reset, modifier: NONE,
        x: 3, y: 19, fg: Reset, bg: Rgb(20, 20, 20), underline: Reset, modifier: NONE,
        x: 78, y: 19, fg: Reset, bg: Rgb(10, 10, 10), underline: Reset, modifier: NONE,
        x: 2, y: 20, fg: Rgb(245, 167, 66), bg: Rgb(20, 20, 20), underline: Reset, modifier: NONE,
        x: 3, y: 20, fg: Reset, bg: Rgb(20, 20, 20), underline: Reset, modifier: NONE,
        x: 78, y: 20, fg: Reset, bg: Rgb(10, 10, 10), underline: Reset, modifier: NONE,
        x: 2, y: 21, fg: Rgb(245, 167, 66), bg: Rgb(30, 30, 30), underline: Reset, modifier: NONE,
        x: 3, y: 21, fg: Reset, bg: Rgb(30, 30, 30), underline: Reset, modifier: NONE,
        x: 78, y: 21, fg: Reset, bg: Rgb(10, 10, 10), underline: Reset, modifier: NONE,
        x: 2, y: 22, fg: Rgb(245, 167, 66), bg: Rgb(30, 30, 30), underline: Reset, modifier: NONE,
        x: 3, y: 22, fg: Reset, bg: Rgb(30, 30, 30), underline: Reset, modifier: NONE,
        x: 5, y: 22, fg: Rgb(10, 10, 10), bg: Rgb(245, 167, 66), underline: Reset, modifier: NONE,
        x: 17, y: 22, fg: Reset, bg: Rgb(30, 30, 30), underline: Reset, modifier: NONE,
        x: 18, y: 22, fg: Rgb(128, 128, 128), bg: Rgb(30, 30, 30), underline: Reset, modifier: NONE,
        x: 32, y: 22, fg: Reset, bg: Rgb(30, 30, 30), underline: Reset, modifier: NONE,
        x: 33, y: 22, fg: Rgb(128, 128, 128), bg: Rgb(30, 30, 30), underline: Reset, modifier: NONE,
        x: 41, y: 22, fg: Reset, bg: Rgb(30, 30, 30), underline: Reset, modifier: NONE,
        x: 52, y: 22, fg: Rgb(238, 238, 238), bg: Rgb(30, 30, 30), underline: Reset, modifier: NONE,
        x: 53, y: 22, fg: Rgb(128, 128, 128), bg: Rgb(30, 30, 30), underline: Reset, modifier: NONE,
        x: 62, y: 22, fg: Rgb(238, 238, 238), bg: Rgb(30, 30, 30), underline: Reset, modifier: NONE,
        x: 67, y: 22, fg: Rgb(128, 128, 128), bg: Rgb(30, 30, 30), underline: Reset, modifier: NONE,
        x: 75, y: 22, fg: Reset, bg: Rgb(30, 30, 30), underline: Reset, modifier: NONE,
        x: 78, y: 22, fg: Reset, bg: Rgb(10, 10, 10), underline: Reset, modifier: NONE,
        x: 2, y: 23, fg: Rgb(245, 167, 66), bg: Rgb(30, 30, 30), underline: Reset, modifier: NONE,
        x: 3, y: 23, fg: Reset, bg: Rgb(30, 30, 30), underline: Reset, modifier: NONE,
        x: 78, y: 23, fg: Reset, bg: Rgb(10, 10, 10), underline: Reset, modifier: NONE,
    ]
}
