---
source: crates/harness-tui/src/lib.rs
assertion_line: 7493
expression: "render_live_lines(&app, 80, 24)"
---
 run unknown · unknown/-                                                        
  Waiting for first turn…                                                       
                                                                                
                                                                                
                                                                                
                                                                                
                                                                                
                                                                                
                                                                                
                                                                                
                                                                                
                                                                                
                                                                                
                                                                                
                                                                                
                                                                                
                                                                                
                                                                                
                                                                                
                                                                                
  Ready   ready for first turn  ·  orch 0a 0q 0r 0s                             
 ────────────────────────────────────────────────────────────────────────────── 
 ▎ draft prompt█                                                                
 Enter send  Shift+Enter nl  Ctrl+p commands  q quit
