---
source: crates/harness-tui/src/lib_tests/transcript_flow.rs
expression: "render_live_lines(&app, 80, 24)"
---
                                                                                
  git:test-workspace /workspace/agent-harness                                   
                                                                                
     transcript remains visible                                                 
                                                                                
                                                                                
                                                                                
                                                                                
                                                                                
                                                                                
                                                                                
                                                                                
                                                                                
                                                                                
                                                                                
                                                                                
                                                                                
                                                                                
  ╭──────────────────────────────────────────────────────────────────────────╮  
  │ ❯ Build anything                                                         │  
  ╰──────────────────────────────────────────────────────────────────────────╯  
                                                                                
  ctx ~0 · capacity unknown  Enter:send  │  Ctrl+x:shortcuts
