---
source: crates/harness-tui/src/lib_tests.rs
expression: "fallback_render.lines().map(str::trim_end).collect::<Vec<_>>().join(\"\\n\")"
---



                Session



                                               Harness
                                         Launch: default · -
                                    Start a conversation to begin
                    “inspect src/ui.rs” · “trace the failing test” · “review the
                                            latest edit”
                        Enter send · Shift+Enter/Ctrl+j newline · ↑/↓ history





            ┃
            ┃
            ┃
            ┃  default · local/-
            ╹▀▀▀▀▀▀▀▀▀▀▀▀▀▀▀▀▀▀▀▀▀▀▀▀▀▀▀▀▀▀▀▀▀▀▀▀▀▀▀▀▀▀▀▀▀▀▀▀▀▀▀▀▀▀▀▀▀▀▀▀▀▀▀▀▀▀▀▀▀▀▀▀▀▀▀
            Ready  ·  run finished · session shell preserved     Ctrl+p commands  q quit
