---
source: crates/harness-tui/src/lib_tests.rs
expression: "completed_shell_render.lines().map(str::trim_end).collect::<Vec<_>>().join(\"\\n\")"
---

              Waiting for first turn…
















            ┃
            ┃  keep this draft
            ┃
            ┃
            ╹▀▀▀▀▀▀▀▀▀▀▀▀▀▀▀▀▀▀▀▀▀▀▀▀▀▀▀▀▀▀▀▀▀▀▀▀▀▀▀▀▀▀▀▀▀▀▀▀▀▀▀▀▀▀▀▀▀▀▀▀▀▀▀▀▀▀▀▀▀▀▀▀▀▀▀
            ready for first turn           Ctrl+Tab focus  ·  Ctrl+p commands  ·  q quit
