Agent Harness | run=run_ca65cefff5625ee1b9de0e43b92e3127 | profile=default | provider=default | mode
┌Tabs──────────────────────────────────────────────────────────────────────────────────────────────┐
│ Run │ Events │ Diff │ Help                                                                       │
└──────────────────────────────────────────────────────────────────────────────────────────────────┘
┌Activity (j/k active, f┐┌Transcript (following)──────────────────────────┐┌Inspector──────────────┐
│  req_000001 model-1   ││Assistant:                                      ││Request ID: req_000002 │
│done ●                 ││Hello world                                     ││Provider: mock         │
│> req_000002 model-1   ││                                                ││Model: model-1         │
│done ●                 ││                                                ││Status: done           │
│                       ││                                                ││Sequences: <RANGE> │
│                       ││                                                ││                       │
│                       ││                                                ││Request:               │
│                       ││                                                ││{  "request_id":       │
│                       ││                                                ││"req_000002",          │
│                       ││                                                ││"provider_id": "mock", │
│                       ││                                                ││"model_id": "model-1", │
│                       ││                                                ││"prompt_summary":      │
│                       ││                                                ││"Hello from PTY",      │
│                       ││                                                ││"request_digest":      │
│                       ││                                                ││"7611e9b5276c"}        │
│                       ││                                                ││                       │
│                       ││                                                ││                       │
│                       ││                                                ││                       │
└───────────────────────┘└────────────────────────────────────────────────┘└───────────────────────┘
┌Prompt (0 chars) [focused]────────────────────────────────────────────────────────────────────────┐
│█                                                                                                 │
│                                                                                                  │
│                                                                                                  │
└──────────────────────────────────────────────────────────────────────────────────────────────────┘
Tab focus | Ctrl+P palette | q quit | 13 events