


      Session


       Degraded   Recovery in progress

       Live updates are catching up before sending resumes.
       live stream lagged by 2; replaying from seq 1
       Draft locally until recovery completes.
                                  latest edit”
              Enter send · Shift+Enter/Ctrl+j newline · ↑/↓ history





  ┃
  ┃
  ┃
  ┃  default · local/-
  ╹▀▀▀▀▀▀▀▀▀▀▀▀▀▀▀▀▀▀▀▀▀▀▀▀▀▀▀▀▀▀▀▀▀▀▀▀▀▀▀▀▀▀▀▀▀▀▀▀▀▀▀▀▀▀▀▀▀▀▀▀▀▀▀▀▀▀▀▀▀▀▀▀▀▀▀
  Degraded                                             Ctrl+p commands  q quit