---
source: crates/harness-tui/tests/deterministic_render_test.rs
assertion_line: 139
expression: trim_trailing_snapshot_whitespace(&rendered)
---

  git:test-workspace /workspace/agent-harness


     ❯ Inspect P2.1 tool display descriptors


  ┃  ◈ Listing 1 dir, Searching 2 patterns, Reading 1 skill, Reading 1 file, Running 2 subagents · 2 failed  ▾
  ┃  ◆ List session
  ┃  ◆ LSP diagnostics src/main.rs
  ┃  ◆ AST Search "foo" · Failed
  ┃      ast-grep binary not found
  ┃  ◆ Skill "denied-skill" · Denied
  ┃      Operator denied skill load
  ┃  ◆ Read session · run-123
  ┃  ◆ Cancelled background task · req-bg-child
  ┃  ◆ Checked background output · req-bg-late · late_result · 3 child tool calls · 2ms

     P2.1 tool display descriptors cover all state families.















  ╭──────────────────────────────────────────────────────────────────────────────────────────────────────────────────────────────────────────────────────────────────────────────╮
  │ ❯                                                                                                                                                                            │
  ╰──────────────────────────────────────────────────────────────────────────────────────────────────────────────────────────────────────────────────────────────────── model-1 ─╯

  Shift+Tab:mode  │  Ctrl+x:shortcuts
