---
source: crates/harness-tui/tests/deterministic_render_test.rs
expression: trim_trailing_snapshot_whitespace(&rendered)
---

  git:test-workspace /workspace/agent-harness


     ❯ Inspect P2.1 tool display descriptors


     ◈ Listing 1 dir, Searching 2 patterns, Reading 1 skill, Reading 1 file, Running 2 subagents · 2 failed

     P2.1 tool display descriptors cover all state families.
























  ╭──────────────────────────────────────────────────────────────────────────────────────────────────────────────────────────────────────────────────────────────────────────────╮
  │ ❯                                                                                                                                                                            │
  ╰───────────────────────────────────────────────────────────────────────────────────────────────────────────────────────────────────────────────────────────────────── model-1 ╯

  ctx ~0 · capacity unknown  Enter:send  │  Shift+Tab:mode  │  Ctrl+x:shortcuts
