---
source: crates/harness-tui/tests/deterministic_render_test.rs
expression: rendered.as_str()
---
Replay · read-only · run run_fixture · 2 ev                                                         
                                                                                                    
  Waiting for first turn…                                                                           
                                                           ▼ MCP                                    
                                                           • No MCP servers configured              
                                                                                                    
                                                           ▼ LSP                                    
                                                           • No active LSP servers                  
                                                                                                    
                                                           ▶ Modified Files                         
                                                                                                    
                                                                                                    
                                                                                                    
                                                                                                    
                                                                                                    
                                                                                                    
                                                                                                    
                                                                                                    
                                                                                                    
 ▎ Replay is read-only.                                                                             
   h shortcuts  ·  tab focus  ·  ctrl+q quit                                                        
                                                                                                    
                                                           HARNESS 0.1.0
