---
source: crates/harness-tui/tests/deterministic_render_test.rs
assertion_line: 109
expression: trim_trailing_snapshot_whitespace(&rendered)
---

  git:test-workspace /workspace/agent-harness


     ❯ Inspect tool activity


     ✓ Read ui.rs (1-24)  ▸
     ✓ Edit ui.rs  ▸
  ┃  ◈ Ran 1 subagent  ▸

     ✗ Run cargo test -p harness-tui · in workspace · Failed  ▾

         exit code: 1
         stderr: snapshot mismatch

     Tool summaries are now easier to scan, and edits stay inline.













  ╭──────────────────────────────────────────────────────────────────────────────────────────────────────────────────────────────────────────────────────────────────────────────╮
  │ ❯                                                                                                                                                                            │
  ╰───────────────────────────────────────────────────────────────────────────────────────────────────────────────────────────────────────────────────────────────────── model-1 ╯

  ctx ~0 · capacity unknown  Enter:send  │  Shift+Tab:mode  │  Ctrl+x:shortcuts
