---
source: crates/harness-tui/tests/deterministic_render_test.rs
expression: rendered.as_str()
---
                                                                                                                                                                                    
  ┃                                                                                                                                         Inspect tool activity                   
  ┃  Inspect tool activity                                                                                                                                                          
  ┃                                                                                                                                         ▼ Subagents                             
                                                                                                                                            • ✓ Researcher Task                     
     → Read src/ui.rs [offset=1, limit=24]  ▸                                                                                                                                       
      ↳ Loaded src/ui.rs                                                                                                                    ▼ MCP                                   
      Compat alias · read → fs.read                                                                                                         • No MCP servers configured             
     ← Patch · ui.rs  ▸                                                                                                                                                             
      crates/harness-tui/src                                                                                                                ▼ LSP                                   
      Remove diff review surface · Diff preview unavailable (artifacts/tool-lifecycle-inline.diff)                                          • No active LSP servers                 
     │ Researcher Task — audit tool lifecycle parity                                                                                                                                
      └ 2 toolcalls · 2ms                                                                                                                   ▼ Modified Files                        
     $ cargo test -p harness-tui  ▸                                                                                                         • crates/harness-tui/src/ui.rs          
      exit code: 1                                                                                                                                                                  
      stderr: snapshot mismatch                                                                                                                                                     
                                                                                                                                                                                    
     Tool summaries are now easier to scan, and edits stay inline.                                                                                                                  
     Ctrl+] view subagents                                                                                                                                                          
                                                                                                                                                                                    
     ▪ Assistant · model-1 · 17ms                                                                                                                                                   
                                                                                                                                                                                    
                                                                                                                                                                                    
                                                                                                                                                                                    
                                                                                                                                                                                    
                                                                                                                                                                                    
                                                                                                                                                                                    
                                                                                                                                                                                    
                                                                                                                                                                                    
                                                                                                                                                                                    
┃                                                                                                                                                                                   
┃                                                                                                                                                                                   
┃                                                                                                                                                                                   
┃  model-1 mock                                                                                                                                                                     
╹▀▀▀▀▀▀▀▀▀▀▀▀▀▀▀▀▀▀▀▀▀▀▀▀▀▀▀▀▀▀▀▀▀▀▀▀▀▀▀▀▀▀▀▀▀▀▀▀▀▀▀▀▀▀▀▀▀▀▀▀▀▀▀▀▀▀▀▀▀▀▀▀▀▀▀▀▀▀▀▀▀▀▀▀▀▀▀▀▀▀▀▀▀▀▀▀▀▀▀▀▀▀▀▀▀▀▀▀▀▀▀▀▀▀▀▀▀▀▀▀▀▀▀▀▀▀▀▀▀▀▀▀▀▀▀    HARNESS 0.1.0                           
                                                                                                                 live 0  Ctrl+p commands
