---
source: crates/harness-tui/tests/deterministic_render_test.rs
expression: snapshot.as_str()
---

   test-workspace /workspace/agent-harness


                              ┌─ Commands ───────────────────────────────────────── [✗] ─┐
                              │                                                          │
                              │   search:                                                │
                              │──────────────────────────────────────────────────────────│
                              │   Session ────────────────────────────────────────────  █│
                              │  ◆ New Session                                 Ctrl+N   █│
                              │  ◆ New Session in Worktree          Ctrl+P → worktree   █│
                              │  ◆ Agent Dashboard                         /dashboard   █│
                              │  ◆ Back to Home                                 /home   █│
                              │  ◆ Resume Session                             /resume   █│
                              │  ◆ Rename Session                             /rename   █│
                              │  ◆ Session Info                         /session-info   █│
                              │  ◆ Send Feedback                            /feedback   █│
                              │                                                         █│
                              │   Context ────────────────────────────────────────────  █│
                              │  ◆ Compact History                           /compact   █│
                              │  ◆ Context Usage                             /context   █│
                              │  ◆ View Plan                               /view-plan   █│
                              │  ◆ Memory                                     /memory   █│
                              │                                                         █│
                              │   Model & Input ──────────────────────────────────────  █│
                              │  ◆ Switch Model                                /model   █│
                              │  ◆ Always Approve Mode                /always-approve   █│
                              │  ◆ Multiline Input                         /multiline   █│
                              │                                                         █│
                              │   Tools ──────────────────────────────────────────────  █│
                              │  ◆ Hooks                                       /hooks   █│
                              │  ◆ Plugins                                   /plugins   █│
                              │  ◆ Marketplace                           /marketplace   █│
                              │          ↑/↓ nav  |  Enter select  |  Esc close          │
                              └──────────────────────────────────────────────────────────┘

  ╭──────────────────────────────────────────────────────────────────────────────────────────────────────────────────╮
  │ ❯ Build anything                                                                                                 │
  ╰───────────────────────────────────────────────────────────────────────────────────────────────────────────────  ─╯
