---
source: crates/harness-tui/tests/deterministic_render_test.rs
expression: rendered.as_str()
---
                                                                                                    
   test-workspace /workspace/agent-harness                                                         
                                                                                                    
                                                                                                    
                                                                                                    
                                                                                                    
                                                                                                    
                                                                                                    
                                                                                                    
  ┃                                                                                                 
  ┃  Pick one                                                                                       
  ┃                                                                                                 
  ┃                                                                                                 
  ┃  1 (○) A  Option A                                                                              
  ┃  z (○) Type your answer here                                                                    
  ┃                                                                                                 
  ┃  ↑/↓ navigate · y copy                                                          Enter:submit    
  ┃                                                                                                 
                                                                                                    
  Esc:unselect  │  Tab:scrollback  │  Ctrl+c:dismiss                                                
                                                                                                    
                                                                                                    
  ╭──────────────────────────────────────────────────────────────────────────────────────────────╮  
  │ ❯ Build anything                                                                             │  
  ╰───────────────────────────────────────────────────────────────────────────────────────────  ─╯  
                                                                                                    
  Shift+Tab:mode  │  Ctrl+x:shortcuts
