---
source: crates/harness-tui/tests/deterministic_render_test.rs
assertion_line: 32
expression: normalize_volatile_branch(&trim_trailing_snapshot_whitespace(&rendered))
---





                     ██╗  ██╗ █████╗ ██████╗ ███╗   ██╗███████╗███████╗███████╗
                     ██║  ██║██╔══██╗██╔══██║████╗  ██║██╔════╝██╔════╝██╔════╝
                     ███████║███████║██████╔╝██╔██╗ ██║█████╗  ███████╗███████╗
                     ██╔══██║██╔══██║██╔══██║██║╚██╗██║██╔══╝  ╚════██║╚════██║
                     ██║  ██║██║  ██║██║  ██║██║ ╚████║███████╗███████╗███████║
                     ╚═╝  ╚═╝╚═╝  ╚═╝╚═╝  ╚═╝╚═╝  ╚═══╝╚══════╝╚══════╝╚══════╝

                       Type to start immediately · Ctrl+P opens saved sessions
                         First run? `harness doctor` or `harness auth login`

            ┃
            ┃  Explain deterministic TUI tests
            ┃
            ┃  Worker model-1 mock · Demo
            ╹▀▀▀▀▀▀▀▀▀▀▀▀▀▀▀▀▀▀▀▀▀▀▀▀▀▀▀▀▀▀▀▀▀▀▀▀▀▀▀▀▀▀▀▀▀▀▀▀▀▀▀▀▀▀▀▀▀▀▀▀▀▀▀▀▀▀▀▀▀▀▀▀▀▀
                                           ctrl+t variants  tab agents  ctrl+p commands


            ~/Projects/agent-harness/crates/harness-tui:test-branch  Ctrl+p open  q quit
