---
source: crates/harness-tui/tests/deterministic_render_test.rs
expression: rendered.as_str()
---
                                                                                                    
             ui-ux-experiments ~/Projects/agent-harness/crates/harness-tui                         
                                                                                                    
                                                                                                    
                                                                                                    
                                                                                                    
                                                                                                    
                                                                                                    
                                                                                                    
                                                                                                    
                                                                                                    
                                                                                                    
                                                                                                    
                                                                                                    
                                                                                                    
                                                                                                    
                                                                                                    
            ┃                                                                                       
            ┃ Pick one                                                                              
            ┃                                                                                       
            ┃ 1 (○) A  Option A                                                                     
            ┃ z (○) Type your answer here                                                           
            ┃                                                                                       
            ┃ ↑/↓ navigate · Ctrl+x y copy                                 Enter:submit             
            ┃                                                                                       
            ┃                                                                                       
                                                                                                    
            Esc:unselect  │  Tab:scrollback  │  Ctrl+c:dismiss
