---
source: crates/harness-tui/tests/deterministic_render_test.rs
expression: snapshot.as_str()
---











                     Session      Commands                                         esc

                                  █ Search

                                  Suggested
                                  New session Start a fresh live session     Suggested
                                  Switch model Browse available provider/mo… Suggested
                           “in    Connect provider Connect a provider        Suggested    test

                                  Session
                                  Switch session Continue a prior session whe… Session
                                  New session Start a fresh live session       Session
                                  Rename session Rename the current session    Session
                                  Jump to message Jump to a specific message … Session
                                  Fork session Fork the current session        Session
                                  Compact session Write a manual context chec… Session
                                  Undo previous message Revert to the previou… Session
                                  Show sidebar Toggle the operator sidebar           2





┃
┃
┃
┃
╹▀▀▀▀▀▀▀▀▀▀▀▀▀▀▀▀▀▀▀▀▀▀▀▀▀▀▀▀▀▀▀▀▀▀▀▀▀▀▀▀▀▀▀▀▀▀▀▀▀▀▀▀▀▀▀▀▀▀▀▀▀▀▀▀▀▀▀▀▀▀▀▀▀▀▀▀▀▀▀▀▀▀▀▀▀▀▀▀▀▀▀▀▀▀▀▀▀▀▀▀▀▀▀▀▀▀▀▀▀▀▀▀▀▀▀▀▀▀▀
                                                                                                 live 0  Ctrl+p commands
