---
source: crates/harness-tui/tests/deterministic_render_test.rs
assertion_line: 35
expression: normalize_volatile_branch(&trim_trailing_snapshot_whitespace(&rendered))
---

  git:test-workspace /workspace/agent-harness
















  ╭──────────────────────────────────────────────────────────────────────────────────────────────╮
  │ ❯ Explain deterministic TUI tests                                                            │
  ╰───────────────────────────────────────────                              model-1 · Demo mode ─╯

  Enter:send  │  Shift+Tab:mode  │  Ctrl+x:shortcuts
