---
source: crates/harness-tui/tests/deterministic_render_test.rs
expression: trim_trailing_snapshot_whitespace(&rendered)
---

  ┃                                                                                                                                         Inspect P2.1 tool display descriptors
  ┃  Inspect P2.1 tool display descriptors
  ┃                                                                                                                                         ▼ MCP
                                                                                                                                            • No MCP servers configured
     ≡ List session
                                                                                                                                            ▼ LSP
     → LSP diagnostics src/main.rs                                                                                                          • rust

     ┃ ✱ AST Search "foo" · Failed                                                                                                          ▶ Modified Files
     ┃ ast-grep binary not found

     → Skill "denied-skill" · Denied
      Operator denied skill load

     → Read session · run-123

     ✕ Cancelled background task · req-bg-child

     ↻ Checked background output · req-bg-late · late_result · 3 child tool calls · 2ms

     ⊕ Plan mode · Plan the refactor


     P2.1 tool display descriptors cover all state families.

     ▪ Assistant · model-1 · 27ms







┃
┃
┃
┃  model-1 mock
╹▀▀▀▀▀▀▀▀▀▀▀▀▀▀▀▀▀▀▀▀▀▀▀▀▀▀▀▀▀▀▀▀▀▀▀▀▀▀▀▀▀▀▀▀▀▀▀▀▀▀▀▀▀▀▀▀▀▀▀▀▀▀▀▀▀▀▀▀▀▀▀▀▀▀▀▀▀▀▀▀▀▀▀▀▀▀▀▀▀▀▀▀▀▀▀▀▀▀▀▀▀▀▀▀▀▀▀▀▀▀▀▀▀▀▀▀▀▀▀▀▀▀▀▀▀▀▀▀▀▀▀▀▀▀▀    HARNESS 0.1.0
                                                                                                         live ctx 0 est  Ctrl+p commands
