---
source: crates/harness-tui/tests/deterministic_render_test.rs
assertion_line: 330
expression: rendered.as_str()
---
                                                                                                    
  git:test-workspace /workspace/agent-harness                                                       
                                                                                                    
                                                                                                    
                                                                                                    
                                                                                                    
                                                                                                    
                                                                                                    
                                                                                                    
                                                                                                    
                                                                                                    
                                                                                                    
                                                                                                    
  ┃                                                                                                 
  ┃  Allow Edit to demo.txt?                                                                        
  ┃  Apply hashline edit to demo.txt                                                                
  ┃                                                                                                 
  ┃  1 (●) Yes, and don't ask again for anything (always-approve mode)                              
  ┃  2 (○) Yes, allow all edits during this session                                                 
  ┃  3 (○) Yes                                                                                      
  ┃  4 (○) No, reject (type to add feedback)                                                        
  ┃    1/4:select  │  Ctrl+o:always-approve  │  Ctrl+c:cancel                                       
                                                                                                    
  ╭──────────────────────────────────────────────────────────────────────────────────────────────╮  
  │ ❯ keep this draft                                                                            │  
  ╰───────────────────────────────────────────────────────────────────────────────────── unknown ╯
