---
source: crates/harness-tui/tests/deterministic_render_test.rs
assertion_line: 77
expression: rendered.as_str()
---
                                                                                                                                                                                    
  ┃                                                                                                                                         Inspect tool activity                   
  ┃  Inspect tool activity                                                                                                                                                          
  ┃                                                                                                                                         ▼ Subagents                             
                                                                                                                                            • ✓ Researcher Task                     
     → Read src/ui.rs [offset=1, limit=24]  ▸                                                                                                                                       
      ↳ Loaded src/ui.rs                                                                                                                    ▼ MCP                                   
      Compat alias · read → fs.read                                                                                                         • No MCP servers configured             
                                                                                                                                                                                    
  ┃                                                                                                                                         ▼ LSP                                   
  ┃  ← Patch · ui.rs  ▸                                                                                                                     • No active LSP servers                 
  ┃  crates/harness-tui/src                                                                                                                                                         
  ┃                                                                                                                                         ▼ Modified Files                        
  ┃  Remove diff review surface · Diff preview unavailable (artifacts/tool-lifecycle-inline.diff)                                           • crates/harness-tui/src/ui.rs          
  ┃                                                                                                                                                                                 
     ✓ audit tool lifecycle parity · Researcher Agent                                                                                                                               
      └ 2 toolcalls · 2ms                                                                                                                                                           
     $ cargo test -p harness-tui  ▸                                                                                                                                                 
      exit code: 1                                                                                                                                                                  
      stderr: snapshot mismatch                                                                                                                                                     
                                                                                                                                                                                    
     Tool summaries are now easier to scan, and edits stay inline.                                                                                                                  
                                                                                                                                                                                    
     ▣ · 17ms  Default · model-1 mock                                                                                                                                               
                                                                                                                                                                                    
                                                                                                                                                                                    
                                                                                                                                                                                    
                                                                                                                                                                                    
                                                                                                                                                                                    
                                                                                                                                                                                    
┃                                                                                                                                                                                   
┃  Type a prompt for the next turn…                                                                                                                                                 
┃                                                                                                                                                                                   
┃  model-1 mock                                                                                                                                                                     
╹▀▀▀▀▀▀▀▀▀▀▀▀▀▀▀▀▀▀▀▀▀▀▀▀▀▀▀▀▀▀▀▀▀▀▀▀▀▀▀▀▀▀▀▀▀▀▀▀▀▀▀▀▀▀▀▀▀▀▀▀▀▀▀▀▀▀▀▀▀▀▀▀▀▀▀▀▀▀▀▀▀▀▀▀▀▀▀▀▀▀▀▀▀▀▀▀▀▀▀▀▀▀▀▀▀▀▀▀▀▀▀▀▀▀▀▀▀▀▀▀▀▀▀▀▀▀▀▀▀▀▀▀▀▀▀    • Harness 0.1.0                         
                                                                                                                 live 0  Ctrl+p commands
