





      ┌ Disconnected   Connection lost───────────────────────────────────┐
      │connection lost · reopen the TUI to establish the live stream     │
      │live event stream disconnected                                    │
      │Draft preserved locally — reopen the TUI to reconnect before send…│
      │                                                                  │
      │Reconnect required · reopen the TUI, then continue from the visib…│
      └──────────────────────────────────────────────────────────────────┘






  Disconnected   connection lost · reopen the TUI to establish the live stream
 Composer · disabled · Disconnected────────────────────────────────────────────
 Draft preserved locally — reopen the TUI to reconnect before sending another
 ──────────────────────────────────────────────────────────────────────────────
 i details  2 events  3 diff  4 help  q quit