


      Session


       Disconnected   Connection lost

       Transcript stays visible, but sending is paused.
       live event stream disconnected
       Reopen the TUI, then continue from the transcript.
                                  latest edit”
              Enter send · Shift+Enter/Ctrl+j newline · ↑/↓ history





    ┃
    ┃
    ┃
    ┃  Ctrl+p commands  ·  q quit
    ┃
    ╹▀▀▀▀▀▀▀▀▀▀▀▀▀▀▀▀▀▀▀▀▀▀▀▀▀▀▀▀▀▀▀▀▀▀▀▀▀▀▀▀▀▀▀▀▀▀▀▀▀▀▀▀▀▀▀▀▀▀▀▀▀▀▀▀▀▀▀▀▀▀▀