






        ┌Session───────────────────────────────────────────────────────┐
      ┌ Disconnected   Connection lost───────────────────────────────────┐
      │Transcript stays visible, but sending is paused.                  │
      │live event stream disconnected                                    │
      │Reopen the TUI, then continue from the transcript.                │
      └──────────────────────────────────────────────────────────────────┘
        └──────────────────────────────────────────────────────────────┘






  Disconnected   connection lost · reopen the TUI to establish the live stream─

 ▎ Draft preserved locally — reopen the TUI to reconnect.
 Ctrl+p commands  ? shortcuts  q quit