
  ┃
  ┃  Make inline diffs match the harness shell
  ┃

  ┃  Thinking: I verified the current transcript behavior before patching it.

     ← Patch · 2 files
      session_diff.rs · src  ▾
         1      - pub fn render_session_turn_diff() {}
              1 + pub fn render_session_diff_view() {}
      transcript.md · docs  ▾
         1      - session turn diff view keeps the tool row spacing perfectly aligned in every tra
                  nscript lane for operators reviewing compact windows
              1 + session turn diff view keeps the tool row spacing perfectly aligned across the t
                  ranscript surface for operators reviewing compact windows and narrow shells
     → Read docs/transcript.md [offset=1, limit=40]  ▸
      ↳ Loaded docs/transcript.md
      Compat alias · read → fs.read

     The inline diff edge cases now match the harness shell.

     ▪ Assistant · model-1 · 11ms

┃
┃
┃
┃  model-1 mock · success
╹▀▀▀▀▀▀▀▀▀▀▀▀▀▀▀▀▀▀▀▀▀▀▀▀▀▀▀▀▀▀▀▀▀▀▀▀▀▀▀▀▀▀▀▀▀▀▀▀▀▀▀▀▀▀▀▀▀▀▀▀▀▀▀▀▀▀▀▀▀▀▀▀▀▀▀▀▀▀▀▀▀▀▀▀▀▀▀▀▀▀▀▀▀▀▀▀▀▀▀
                                                                             live 0  Ctrl+p commands