---
source: crates/harness-tui/tests/model_dialog_deterministic_render_test.rs
expression: rendered.as_str()
---
                                                                                                    
                                                                                                    
                                                                                                    
                                                                                                    
                                                                                                    
                                                                                                    
              Session                                                                               
                                                                                                    
                                                                                                    
                                                                                                    
         Select model                                                                   esc         
                                                                                                    
         █ Search                                                                                   
                                                                                                    
        Anthropic                                                                                   
           Claude Sonnet 4.5                                                                        
                                                                                                    
        Favorites                                                                                   
      ●★   GPT-5.4 Mini                                                                             
         No automatic model fallback; provider errors stay visible                                  
                                                                                                    
                                                                                                    
                                                                                                    
                                                                                                    
┃                                                                                                   
┃  Type a prompt for the next turn…                                                                 
┃                                                                                                   
┃  Build GPT-5.4 Mini OpenAI                                                                        
╹▀▀▀▀▀▀▀▀▀▀▀▀▀▀▀▀▀▀▀▀▀▀▀▀▀▀▀▀▀▀▀▀▀▀▀▀▀▀▀▀▀▀▀▀▀▀▀▀▀▀▀▀▀▀▀▀▀▀▀▀▀▀▀▀▀▀▀▀▀▀▀▀▀▀▀▀▀▀▀▀▀▀▀▀▀▀▀▀▀▀▀▀▀▀▀▀▀▀▀
                                                                             live 0  Ctrl+p commands
