---
source: crates/harness-tui/tests/model_dialog_deterministic_render_test.rs
expression: rendered.as_str()
---
                                                                                                    
                                                                                                    
                                                                                                    
                                                                                                    
                                                                                                    
                                                                                                    
              Session                                                                               
                                                                                                    
                                                                                                    
                                                                                                    
                                                                                                    
         Select agent                                                                   esc         
                                                                                                    
         █ Search agents                                                                            
                                                                                                    
        Agents                                                                                      
           Plan                                                                                     
      ●   Build                                                                                     
         No automatic model fallback; provider errors stay visible                                  
                                                                                                    
                                                                                                    
                                                                                                    
                                                                                                    
                                                                                                    
┃                                                                                                   
┃  Type a prompt for the next turn…                                                                 
┃                                                                                                   
┃  Build gpt-5.4-mini default                                                                       
╹▀▀▀▀▀▀▀▀▀▀▀▀▀▀▀▀▀▀▀▀▀▀▀▀▀▀▀▀▀▀▀▀▀▀▀▀▀▀▀▀▀▀▀▀▀▀▀▀▀▀▀▀▀▀▀▀▀▀▀▀▀▀▀▀▀▀▀▀▀▀▀▀▀▀▀▀▀▀▀▀▀▀▀▀▀▀▀▀▀▀▀▀▀▀▀▀▀▀▀
                                                                             live 0  Ctrl+p commands
