  events · run_fixture

     events   18 recorded · selected seq 18 · follow on
    Event log · j/k active ·eEvent details render_help_tab, render_live_det
                    ails_overlay,
         146   46       render{operator_sidebar,
     UserMessageSubmitted(U   "schema_version": 1,
     serMessageSubmittedEveaud"event_id": "evt-0018",y
     nt { request_ids · 2ms   "seq": 18,                                   █
         2argo test -p harness"run_id": "run_fixture",                     █
     ProviderRequestStarted   "mono_ms": 18,                               █
     (ProviderRequestStartesma"actor": {                                   █
     dEvent { request_id      "kind": "system",                            █
         3l summaries are now "agent_id": "pty-helper"s stay inline.       █
     ToolCallRequested(Tools  },                                           █
     CallRequestedEvent {     "correlation_id": "req_tool_lifecycle",      █
     tool_call_idt · model-1 ·"stream_key": "run:run_fixture",             █

  ┃
  ┃
  ┃
  ┃  model-1 mock
  ┃
  ╹▀▀▀▀▀▀▀▀▀▀▀▀▀▀▀▀▀▀▀▀▀▀▀▀▀▀▀▀▀▀▀▀▀▀▀▀▀▀▀▀▀▀▀▀▀▀▀▀▀▀▀▀▀▀▀▀▀▀▀▀▀▀▀▀▀▀▀▀▀▀▀▀▀▀▀