  events · run_fixture

     events   18 recorded · selected seq 18 · follow on
    Event log · j/k active ·→Event details

         1                    {
     UserMessageSubmitted(Uork"schema_version": 1,
     serMessageSubmittedEve   "event_id": "evt-0018",
     nt { request_idest -p har"seq": 18,
         2                    "run_id": "run_fixture",
     ProviderRequestStarted   "mono_ms": 18,                               █
     (ProviderRequestStarte mi"actor": {                                   █
     dEvent { request_id      "kind": "system",                            █
         3                    "agent_id": "pty-helper"                     █
     ToolCallRequested(Toolow },sier to scan, and edits stay inline.       █
     CallRequestedEvent {     "correlation_id": "req_tool_lifecycle",      █
     tool_call_idt · model-1 ·"stream_key": "run:run_fixture",             █

  ┃
  ┃
  ┃
  ┃  model-1 mock · success
  ┃
  ╹▀▀▀▀▀▀▀▀▀▀▀▀▀▀▀▀▀▀▀▀▀▀▀▀▀▀▀▀▀▀▀▀▀▀▀▀▀▀▀▀▀▀▀▀▀▀▀▀▀▀▀▀▀▀▀▀▀▀▀▀▀▀▀▀▀▀▀▀▀▀▀▀▀▀▀