









                 ┌◷ Permission Requested──────────────────────────────────────────┐
                 │ FAIL CLOSED    SESSION PAUSED    EDIT FS                       │
                 │Apply hashline edit to demo.txt                                 │
                 │tool call tool_call_pty · digest digest-perm-pty                │
                 │default deny · timeout 30s · draft preserved                    │
                 │Draft preserved · keep this draft                               │
                 │Allow once continues the run; deny keeps it fail-closed.        │
                 │           Ctrl+n deny   Esc later   Ctrl+y allow once          │
                 └────────────────────────────────────────────────────────────────┘