






                                     Harness
                       Preset worker · mock/model-1 · Demo











  Ready   startup ready · type below or use Ctrl+P for saved runs
 ──────────────────────────────────────────────────────────────────────────────
 ▎ Type to start a new session.
 ↑ prev  ↓ next  Enter select  q quit