






                        ╻ ╻  ┏━┓  ┏━┓  ┏┓╻  ┏━╸  ┏━┓  ┏━┓
                        ┣━┫  ┣━┫  ┣┳┛  ┃┗┫  ┣╸   ┗━┓  ┗━┓
                        ╹ ╹  ╹ ╹  ╹┗╸  ╹ ╹  ┗━╸  ┗━┛  ┗━┛
                            Launch: worker · model-1
                              Provider mock · Demo
                     open a fresh session in this directory


  ┃
  ┃  Ask Harness anything… “inspect src/ui.rs”
  ┃
  ┃  Launch: worker · model-1 · provider mock · Demo · theme Opencode Dark
  ┃
  ╹▀▀▀▀▀▀▀▀▀▀▀▀▀▀▀▀▀▀▀▀▀▀▀▀▀▀▀▀▀▀▀▀▀▀▀▀▀▀▀▀▀▀▀▀▀▀▀▀▀▀▀▀▀▀▀▀▀▀▀▀▀▀▀▀▀▀▀▀▀▀▀▀▀▀
                                                          Ctrl+p open  q quit