


















                        ╻ ╻  ┏━┓  ┏━┓  ┏┓╻  ┏━╸  ┏━┓  ┏━┓
                        ┣━┫  ┣━┫  ┣┳┛  ┃┗┫  ┣╸   ┗━┓  ┗━┓
                        ╹ ╹  ╹ ╹  ╹┗╸  ╹ ╹  ┗━╸  ┗━┛  ┗━┛
                            Launch: worker · model-1
                              Provider mock · Demo
                     open a fresh session in this directory


  ┃
  ┃  Ask anything... "inspect src/ui.rs"
  ┃
  ┃  Worker model-1 mock · Demo
  ┃
  ╹▀▀▀▀▀▀▀▀▀▀▀▀▀▀▀▀▀▀▀▀▀▀▀▀▀▀▀▀▀▀▀▀▀▀▀▀▀▀▀▀▀▀▀▀▀▀▀▀▀▀▀▀▀▀▀▀▀▀▀▀▀▀▀▀▀▀▀▀▀▀▀▀▀▀
    ● Tip  Ctrl+p opens saved sessions · Shift+Enter/Ctrl+j adds a newline