









                                  ╻ ╻  ┏━┓  ┏━┓  ┏┓╻  ┏━╸  ┏━┓  ┏━┓
                                  ┣━┫  ┣━┫  ┣┳┛  ┃┗┫  ┣╸   ┗━┓  ┗━┓
                                  ╹ ╹  ╹ ╹  ╹┗╸  ╹ ╹  ┗━╸  ┗━┛  ┗━┛
                               open a fresh session in this directory




            ┃
            ┃  Ask Harness anything… “inspect src/ui.rs”
            ┃
            ┃  Preset worker · mock/model-1 · Demo
            ┃
            ╹▀▀▀▀▀▀▀▀▀▀▀▀▀▀▀▀▀▀▀▀▀▀▀▀▀▀▀▀▀▀▀▀▀▀▀▀▀▀▀▀▀▀▀▀▀▀▀▀▀▀▀▀▀▀▀▀▀▀▀▀▀▀▀▀▀▀▀▀▀▀▀▀▀▀
                                                                    Ctrl+p open  q quit