





                /exit      Quit Harness
                /model     Switch model
                /new       Return to the home shell
                /replay    Replay a saved session
                /resume    Continue a saved session
                /sessions  Switch session
                /status    View status
                /toggles   Open toggles
            ┃
            ┃  /
            ┃
            ┃  model-1 mock · Demo
            ┃
            ╹▀▀▀▀▀▀▀▀▀▀▀▀▀▀▀▀▀▀▀▀▀▀▀▀▀▀▀▀▀▀▀▀▀▀▀▀▀▀▀▀▀▀▀▀▀▀▀▀▀▀▀▀▀▀▀▀▀▀▀▀▀▀▀▀▀▀▀▀▀▀▀▀▀▀
                                           ctrl+t variants  tab agents  ctrl+p commands








~                                                                    Enter send  Ctrl+p open  q quit