---
source: crates/harness-tui/tests/startup_polish_test.rs
assertion_line: 392
expression: snapshot
---

  <cwd-breadcrumb>




   ╭────────────────────────────────────────────────────────────────────────────────────────────────────────────────╮
   │                                                                                                                │
   │  ██╗  ██╗                                                                                                      │
   │  ██║  ██║                                                                                                      │
   │  ██║  ██║                                                                                                      │
   │  ███████║                                                                                                      │
   │  ██╔══██║                                                                                                      │
   │  ██║  ██║                                                                                                      │
   │  ╚═╝  ╚═╝                                                                                                      │
   │                                                                                                                │
   ╰────────────────────────────────────────────────────────────────────────────────────────────────────────────────╯









  ╭──────────────────────────────────────────────────────────────────────────────────────────────────────────────────╮
  │ ❯                                                                                                                │
  ╰──────────────────────────────────────────────────────────────────────────────────────────────────────────────────╯

                                                                                       Provider not connected  │  Beta
