











     Continue session · 2 matches · 1 blocked

        > █
        Interactive histories · 1 ready · 1 blocked · blocked rows stay visible
        ▶ continue alpha-run · continue ready · finished · deep/openai/gpt-5.4
        ! blocked beta-blocked · blocked · run is still active · running · ops/anthropic/cl…