










                 Command palette

                   > █
                   Suggested
                   › New session  Start a fresh live session                  new
                   Session
                     Continue session  Continue a prior session when res…  resume
                     Replay session  Replay a previous session as read-o…  replay
                   System