



                /exit             Quit Harness
                /handoff          Create a continuation handoff artifact
                /hyperplan        Start team/parallel planning handoff
                /init-deep        Start a deep requirements interview
                /model            Switch model
                /new              Return to the home shell
                /refactor         Load refactor cleanup guidance
                /remove-ai-slops  Load AI slop removal guidance
                /replay           Replay a saved session
                /resume           Continue a saved session
            ┃
            ┃  /
            ┃
            ┃  Worker model-1 mock · Demo
            ┃
            ╹▀▀▀▀▀▀▀▀▀▀▀▀▀▀▀▀▀▀▀▀▀▀▀▀▀▀▀▀▀▀▀▀▀▀▀▀▀▀▀▀▀▀▀▀▀▀▀▀▀▀▀▀▀▀▀▀▀▀▀▀▀▀▀▀▀▀▀▀▀▀▀▀▀▀
                                           ctrl+t variants  tab agents  ctrl+p commands








~                                                                    Enter send  Ctrl+p open  q quit