










         Continue session                                                               esc

         █ Search

         Sun Mar 08 2026
            alpha-run                                                           continue ready

         delete ctrl+d  rename ctrl+r

                                           ctrl+t variants  tab agents  ctrl+p commands








~                                                                                Ctrl+p open  q quit