









                                  ╻ ╻  ┏━┓  ┏━┓  ┏┓╻  ┏━╸  ┏━┓  ┏━┓
                                  ┣━┫  ┣━┫  ┣┳┛  ┃┗┫  ┣╸   ┗━┓  ┗━┓
                                  ╹ ╹  ╹ ╹  ╹┗╸  ╹ ╹  ┗━╸  ┗━┛  ┗━┛
                                      Launch: worker · model-1
                                        Provider mock · Demo
                               open a fresh session in this directory


            ┃
            ┃  Ask Harness anything… “inspect src/ui.rs”
            ┃
            ┃  Launch: worker · model-1 · provider mock · Demo
            ┃
            ╹▀▀▀▀▀▀▀▀▀▀▀▀▀▀▀▀▀▀▀▀▀▀▀▀▀▀▀▀▀▀▀▀▀▀▀▀▀▀▀▀▀▀▀▀▀▀▀▀▀▀▀▀▀▀▀▀▀▀▀▀▀▀▀▀▀▀▀▀▀▀▀▀▀▀
              ● Tip  Ctrl+p opens saved sessions · Shift+Enter/Ctrl+j adds a newline