    run run_fixture · unknown/mock · model-1
     › user · req_pty_001
       Hello from PTY
     ●  done  assistant · mock/model-1
       Hello world




















     Success   turn 1/1 · req_pty_001 · mock/model-1 · ready for next turn  ·  agents 0
    ┌Composer · 1 line · 0 chars───────────────────────────────────────────────────────────────┐
    │█                                                                                         │
    └──────────────────────────────────────────────────────────────────────────────────────────┘
    Enter send  Shift+Enter nl  i details  2 events  3 diff  4 help  q quit