
  ┃
  ┃  Hello from PTY
  ┃

     Hello world
     ● Assistant · model-1 · 4ms

















┃
┃
┃
┃   Success   Current runtime: default · model-1 · provider mock
╹▀▀▀▀▀▀▀▀▀▀▀▀▀▀▀▀▀▀▀▀▀▀▀▀▀▀▀▀▀▀▀▀▀▀▀▀▀▀▀▀▀▀▀▀▀▀▀▀▀▀▀▀▀▀▀▀▀▀▀▀▀▀▀▀▀▀▀▀▀▀▀▀▀▀▀▀▀▀▀▀▀▀▀▀▀▀▀▀▀▀▀▀▀▀▀▀▀▀▀
turn 1                 Enter send  ·  Ctrl+p commands  ·  Shift+Enter/Ctrl+j newline  ·  ↑/↓ history