
                                                                                                                                                                                    Inspect tool activity

     ┃ -     render_diff_tab, render_events_tab, render_help_tab,                            │ +     render_events_tab, render_help_tab, render_live_details_overlay,               Context
                                                                                                                                                                                    0 tokens
                                                                                                                                                                                    MCP
     ┃       render_operator_sidebar,                                                        │       render_operator_sidebar,                                                       No MCP integrations configured
                                                                                                                                                                                    LSP
                                                                                                                                                                                    No active LSP servers
     ┃ ▸ ↗ Spawn researcher · audit tool lifecycle parity                                                                                                                           ▼ Modified Files
     ┃ 2ms                                                                                                                                                                          crates/harness-tui/src/ui.rs · +1 -1
     ┃ foreground · agent_worker · req_child · completed · 2 child tool calls
     ┃ Found the whole-tool parity path.
     ┃ Compat alias · task → agent.spawn

     ┃ # cargo test -p harness-tui in /workspace
     ┃ 2ms
     ┃ $ cargo test -p harness-tui
     ┃ exit code: 1
     ┃ stderr: snapshot mismatch

     Tool summaries are now easier to scan, and edits stay inline.
     ● Assistant · model-1 · 17ms

┃
┃
┃
┃   Success   Current runtime: default · model-1 · provider mock
╹▀▀▀▀▀▀▀▀▀▀▀▀▀▀▀▀▀▀▀▀▀▀▀▀▀▀▀▀▀▀▀▀▀▀▀▀▀▀▀▀▀▀▀▀▀▀▀▀▀▀▀▀▀▀▀▀▀▀▀▀▀▀▀▀▀▀▀▀▀▀▀▀▀▀▀▀▀▀▀▀▀▀▀▀▀▀▀▀▀▀▀▀▀▀▀▀▀▀▀▀▀▀▀▀▀▀▀▀▀▀▀▀▀▀▀▀▀▀▀▀▀▀▀▀▀▀▀▀▀▀▀▀▀▀▀▀▀▀▀▀▀▀▀▀▀▀▀▀▀▀▀▀▀▀▀▀▀▀▀▀▀▀▀▀▀▀▀▀▀▀▀▀▀▀▀▀
Context  ·  0 tokens                                                                                Enter send  ·  Ctrl+p commands  ·  Shift+Enter/Ctrl+j newline  ·  ↑/↓ history