    run unknown · unknown/unknown · -










                                               Harness

                   Start a conversation to begin
                   Enter send · Shift+Enter newline · ↑/↓ history










     Ready   ready for first turn  ·  agents 0 · queued 0 · running 0 · stale 0
    ┌Composer · 1 line · 14 chars──────────────────────────────────────────────────────────────┐
    │Hello from PTY█                                                                           │
    └──────────────────────────────────────────────────────────────────────────────────────────┘
    Enter send  Shift+Enter nl  i details  2 events  3 diff  4 help  q quit