  run unknown · unknown/unknown · -
   Waiting for first turn…























   Ready   ready for first turn  ·  orch 0a 0q 0r 0s
  Composer · draft · 1 line · 14 chars────────────────────────────────────────────────────────────
   › Hello from PTY█
  ────────────────────────────────────────────────────────────────────────────────────────────────
   prompt   Enter send  Shift+Enter nl  i details  2 events  3 diff  4 help  q quit