
  ╭─ Hello from PTY                                                                                                     Hello from PTY
  ╰─
                                                                                                                        Context
  ╭─ Hello world                                                                                                        0 tokens
  ╰─ ● Assistant · model-1 · 4ms                                                                                        Orchestration
                                                                                                                        ● Delegation Enabled
                                                                                                                        0 agents · 0 queued · 0 running · 0
                                                                                                                        stale
                                                                                                                        MCP
                                                                                                                        No MCP integrations configured
                                                                                                                        LSP
                                                                                                                        No active LSP servers
                                                                                                                        ▼ Modified Files
                                                                                                                        No modified files









  ┃
  ┃
  ┃
  ┃   Success   Current runtime: default · model-1 · provider mock
  ╹▀▀▀▀▀▀▀▀▀▀▀▀▀▀▀▀▀▀▀▀▀▀▀▀▀▀▀▀▀▀▀▀▀▀▀▀▀▀▀▀▀▀▀▀▀▀▀▀▀▀▀▀▀▀▀▀▀▀▀▀▀▀▀▀▀▀▀▀▀▀▀▀▀▀▀▀▀▀▀▀▀▀▀▀▀▀▀▀▀▀▀▀▀▀▀▀▀▀▀▀▀▀▀▀▀▀▀▀▀▀▀▀
  Context  ·  0 tokens                Enter send  ·  Ctrl+p commands  ·  Shift+Enter/Ctrl+j newline  ·  ↑/↓ history