
  ╭─ Hello from PTY                                                                                                     Live · run run_fixture
  ╰─                                                                                                                    Export bundle · run_fixture/
                                                                                                                        Current runtime: default · model-1
  ╭─ Hello world                                                                                                        Provider mock
  ╰─ ● Assistant · model-1 · 4ms                                                                                        Theme Opencode Dark
                                                                                                                        0 active todos · 0 modified files

                                                                                                                        Context
                                                                                                                        turn 1 · ready for next turn

                                                                                                                        Recovery · 2
                                                                                                                        Resume later · Ctrl+p commands opens
                                                                                                                        continue/replay history
                                                                                                                        Bundle keeps events.jsonl and
                                                                                                                        artifacts/








┃
┃
┃  Current runtime: default · model-1 · provider mock · theme Opencode Dark
╹▀▀▀▀▀▀▀▀▀▀▀▀▀▀▀▀▀▀▀▀▀▀▀▀▀▀▀▀▀▀▀▀▀▀▀▀▀▀▀▀▀▀▀▀▀▀▀▀▀▀▀▀▀▀▀▀▀▀▀▀▀▀▀▀▀▀▀▀▀▀▀▀▀▀▀▀▀▀▀▀▀▀▀▀▀▀▀▀▀▀▀▀▀▀▀▀▀▀▀▀▀▀▀▀▀▀▀▀▀▀▀▀▀▀▀▀
  Enter send · Shift+Enter/Ctrl+j newline · ↑/↓ history                                                                 harness-tui · v0.1.0
Success  ·  turn 1 · ready for next turn