
  ┃                                                                                                                     Hello from PTY
  ┃  Hello from PTY
  ┃                                                                                                                     Context
                                                                                                                        0 tokens
     Hello world
                                                                                                                        ▼ MCP
     ▪ Assistant · model-1 · 4ms                                                                                        • No MCP integrations configured

                                                                                                                        ▼ LSP
                                                                                                                        • No active LSP servers

                                                                                                                        ▶ Modified Files











┃
┃
┃
┃  model-1 mock · success
╹▀▀▀▀▀▀▀▀▀▀▀▀▀▀▀▀▀▀▀▀▀▀▀▀▀▀▀▀▀▀▀▀▀▀▀▀▀▀▀▀▀▀▀▀▀▀▀▀▀▀▀▀▀▀▀▀▀▀▀▀▀▀▀▀▀▀▀▀▀▀▀▀▀▀▀▀▀▀▀▀▀▀▀▀▀▀▀▀▀▀▀▀▀▀▀▀▀▀▀▀▀▀▀▀▀▀▀▀▀▀▀▀▀▀▀
                                                                                                    0  Ctrl+p commands